src静穏 34秒 → 開始
起動: http://localhost:5205 / MODE=after / 撮影先=C:\Users\2016k\Caoude作業フォルダ\90_Private\アプリ開発㉒_LumiIsland\.logs\screenshots\display6\after
置いた家具: ["f_aquarium_big","f_bugcage_big"]
  !! ゲーム内時計が進まない(描画ループが止まっている)
  中身=fish,nightfish,seafish
cmp1 fish/nightfish/seafish: [{"n":"fish","x":0,"y":0.58,"z":0.12},{"n":"nightfish","x":0.4,"y":0.76,"z":0.04},{"n":"seafish","x":0.25,"y":0.58,"z":-0.06}]
  [shot] 01_cmp1_day_fish-nightfish-seafish.png (接写)
  [shot] 02_cmp1_day_fish-nightfish-seafish_b.png (接写)
  中身=rarefish,koi,seabream
cmp2 rarefish/koi/seabream: [{"n":"rarefish","x":0,"y":0.58,"z":0.12},{"n":"koi","x":0.4,"y":0.76,"z":0.04},{"n":"seabream","x":0.25,"y":0.58,"z":-0.06}]
  [shot] 03_cmp2_day_rarefish-koi-seabream.png (接写)
  [shot] 04_cmp2_day_rarefish-koi-seabream_b.png (接写)
  中身=seahorse,koi,fish
cmp3 seahorse/koi/fish: [{"n":"seahorse","x":0,"y":0.58,"z":0.12},{"n":"koi","x":0.4,"y":0.76,"z":0.04},{"n":"fish","x":0.25,"y":0.58,"z":-0.06}]
  [shot] 05_cmp3_day_seahorse-koi-fish.png (接写)
  [shot] 06_cmp3_day_seahorse-koi-fish_b.png (接写)
  [shot] 07_cmp_night_rarefish-koi-seabream.png (接写)
!! 失敗: Cannot read properties of undefined (reading 'island')
consoleエラー: 1件
  - TypeError: Cannot read properties of undefined (reading 'island')
    at evaluate (evaluate at ev (file:///C:/Users/2016k/Caoude%E4%BD%9C%E6%A5%AD%E3%83%95%E3%82%A9%E3%83%AB%E3%83%80/90_Private/%E3%82%A2%E3%83%97%E3%83%AA%E9%96%8B%E7%99%BA%E3%89%92_LumiIsland/tools/shots_display6.mjs:135:23), <anonymous>:0:19)
    at #evaluate (C:\Users\2016k\Caoude作業フォルダ\90_Private\アプリ開発㉒_LumiIsland\node_modules\puppeteer-core\lib\cjs\puppeteer\cdp\ExecutionContext.js:351:60)
    at async ExecutionContext.evaluate (C:\Users\2016k\Caoude作業フォルダ\90_Private\アプリ開発㉒_LumiIsland\node_modules\puppeteer-core\lib\cjs\puppeteer\cdp\ExecutionContext.js:278:16)
    at async IsolatedWorld.evaluate (C:\Users\2016k\Caoude作業フォルダ\90_Private\アプリ開発㉒_LumiIsland\node_modules\puppeteer-core\lib\cjs\puppeteer\cdp\IsolatedWorld.js:100:16)
    at async CdpFrame.evaluate (C:\Users\2016k\Caoude作業フォルダ\90_Private\アプリ開発㉒_LumiIsland\node_modules\puppeteer-core\lib\cjs\puppeteer\api\Frame.js:348:20)
    at async CdpPage.evaluate (C:\Users\2016k\Caoude作業フォルダ\90_Private\アプリ開発㉒_LumiIsland\node_modules\puppeteer-core\lib\cjs\puppeteer\api\Page.js:812:20)
    at async ev (file:///C:/Users/2016k/Caoude%E4%BD%9C%E6%A5%AD%E3%83%95%E3%82%A9%E3%83%AB%E3%83%80/90_Private/%E3%82%A2%E3%83%97%E3%83%AA%E9%96%8B%E7%99%BA%E3%89%92_LumiIsland/tools/shots_display6.mjs:135:12)
    at async waitAlive (file:///C:/Users/2016k/Caoude%E4%BD%9C%E6%A5%AD%E3%83%95%E3%82%A9%E3%83%AB%E3%83%80/90_Private/%E3%82%A2%E3%83%97%E3%83%AA%E9%96%8B%E7%99%BA%E3%89%92_LumiIsland/tools/shots_display6.mjs:217:10)
    at async stand (file:///C:/Users/2016k/Caoude%E4%BD%9C%E6%A5%AD%E3%83%95%E3%82%A9%E3%83%AB%E3%83%80/90_Private/%E3%82%A2%E3%83%97%E3%83%AA%E9%96%8B%E7%99%BA%E3%89%92_LumiIsland/tools/shots_display6.mjs:225:3)
    at async file:///C:/Users/2016k/Caoude%E4%BD%9C%E6%A5%AD%E3%83%95%E3%82%A9%E3%83%AB%E3%83%80/90_Private/%E3%82%A2%E3%83%97%E3%83%AA%E9%96%8B%E7%99%BA%E3%89%92_LumiIsland/tools/shots_display6.mjs:338:5
