連結成分の検査(格子0.2m)...
{
 "grid": 501,
 "step": 0.2,
 "walkableCells": 164454,
 "components": 7,
 "top": [
  {
   "cells": 163974,
   "areaM2": 6559,
   "sample": [
    -48.2,
    -26.4
   ]
  },
  {
   "cells": 428,
   "areaM2": 17,
   "sample": [
    22,
    50
   ]
  },
  {
   "cells": 48,
   "areaM2": 2,
   "sample": [
    -50,
    49.2
   ]
  },
  {
   "cells": 1,
   "areaM2": 0,
   "sample": [
    26.8,
    -28
   ]
  },
  {
   "cells": 1,
   "areaM2": 0,
   "sample": [
    28.8,
    -26.2
   ]
  },
  {
   "cells": 1,
   "areaM2": 0,
   "sample": [
    34.2,
    -29.4
   ]
  }
 ],
 "nodeCount": 81,
 "bugSpots": 1,
 "digSpots": 4,
 "circleColliders": 114,
 "rectColliders": 22
}
[meadow] v9=ON  cycle0 p50=9.8 p95=16.4 p99=19.5 frames=673 activeMeshes=61 虫=5
[meadow] v9=OFF cycle0 p50=8.3 p95=10.2 p99=12.3 frames=1067 activeMeshes=58 虫=7
[digarea] v9=ON  cycle0 p50=8.6 p95=12 p99=14.8 frames=1004 activeMeshes=49 虫=7
[digarea] v9=OFF cycle0 p50=7.9 p95=9.7 p99=11.1 frames=1125 activeMeshes=48 虫=7
[meadow] v9=ON  cycle1 p50=9.1 p95=13.1 p99=18.3 frames=941 activeMeshes=61 虫=7
[meadow] v9=OFF cycle1 p50=9.2 p95=13.4 p99=16.3 frames=939 activeMeshes=58 虫=7
[digarea] v9=ON  cycle1 p50=8.1 p95=11.7 p99=14.5 frames=1053 activeMeshes=49 虫=3
[digarea] v9=OFF cycle1 p50=7.5 p95=10.8 p99=15 frames=1135 activeMeshes=48 虫=7
{
 "meadow": {
  "onP50": 9.45,
  "offP50": 8.75,
  "onP95": 14.75,
  "offP95": 11.8,
  "deltaP95": 2.95,
  "deltaP50": 0.7
 },
 "digarea": {
  "onP50": 8.35,
  "offP50": 7.7,
  "onP95": 11.85,
  "offP95": 10.25,
  "deltaP95": 1.6,
  "deltaP50": 0.65
 }
}
consoleエラー: 0件
判定: NG p95が 2.95ms 悪化
