perf_mobile: tag=after rate=4x port=5213 sample=9s repeat=3 dsf=2 mobile=true
GPU: ANGLE (Intel, Intel(R) Iris(R) Xe Graphics (0x00009A49) Direct3D11 vs_5_0 ps_5_0, D3D11) / Google Inc. (Intel) (dpr=2)
warmup: 12s hardwareScalingLevel=1 settled=true → rate=4x
[1][day_run] 昼の島を走る                 p50=  30.5 p95=  63.1 p99=   104 max= 110.8 frames= 282 stall=0 draw=336 mesh=65/520 hw=1 移動=9/9
[1][night_island] 夜の島(ホタル・光だまり)          p50=  29.4 p95=  54.9 p99=  72.6 max=  92.5 frames= 307 stall=0 draw=263 mesh=29/531 hw=1 移動=8/9
[1][cove_night] 入り江の夜                  p50=  19.3 p95=  42.8 p99=  65.3 max=  82.9 frames= 446 stall=0 draw=48 mesh=21/533 hw=1 移動=8/9
[1][festival_fly] ほしまつりのランタンとばし          p50=  69.5 p95= 214.3 p99= 252.7 max= 362.2 frames= 109 stall=0 draw=344 mesh=59/536 hw=1 移動=0/9
[1][home] 家の中                    p50=  18.2 p95=  30.2 p99=    43 max=  75.4 frames= 489 stall=0 draw=46 mesh=16/538 hw=1 移動=9/9
[2][day_run] 昼の島を走る                 p50=  30.5 p95=  54.5 p99=  78.6 max=  90.7 frames= 296 stall=0 draw=364 mesh=65/540 hw=1 移動=9/9
[2][night_island] 夜の島(ホタル・光だまり)          p50=  34.9 p95=    77 p99=  94.8 max=   108 frames= 248 stall=0 draw=293 mesh=31/544 hw=1 移動=8/9
[2][cove_night] 入り江の夜                  p50=  19.8 p95=  45.8 p99=  58.8 max=  67.8 frames= 422 stall=0 draw=49 mesh=22/544 hw=1 移動=8/9
[2][festival_fly] ほしまつりのランタンとばし          p50=  37.2 p95=  92.4 p99= 111.7 max= 130.9 frames= 212 stall=0 draw=344 mesh=57/544 hw=1 移動=0/9
[2][home] 家の中                    p50=  19.2 p95=  59.8 p99= 101.5 max= 171.6 frames= 393 stall=0 draw=46 mesh=16/544 hw=1 移動=9/9
[3][day_run] 昼の島を走る                 p50=  28.1 p95=  84.3 p99= 127.8 max= 204.8 frames= 265 stall=0 draw=350 mesh=59/540 hw=1 移動=8/8
[3][night_island] 夜の島(ホタル・光だまり)          p50=  29.6 p95=    54 p99=  83.5 max=  86.8 frames= 299 stall=0 draw=306 mesh=36/547 hw=1 移動=8/9
[3][cove_night] 入り江の夜                  p50=  15.9 p95=  33.7 p99=   102 max= 178.6 frames= 509 stall=0 draw=48 mesh=21/544 hw=1 移動=8/9
[3][festival_fly] ほしまつりのランタンとばし          p50=  29.5 p95=  97.3 p99= 148.6 max= 159.4 frames= 251 stall=0 draw=343 mesh=57/544 hw=1 移動=0/9
[3][home] 家の中                    p50=    15 p95=  25.8 p99=  33.8 max=  48.1 frames= 578 stall=0 draw=46 mesh=16/544 hw=1 移動=9/9

場面                     p50     p95     p99   判定  (p95 の全周回)
昼の島を走る                     30.5   63.1    104   OVER  [63.1,54.5,84.3]
夜の島(ホタル・光だまり)              29.6   54.9   83.5   OVER  [54.9,77,54]
入り江の夜                      19.3   42.8   65.3   OVER  [42.8,45.8,33.7]
ほしまつりのランタンとばし              37.2   97.3  148.6   OVER  [214.3,92.4,97.3]
家の中                        18.2   30.2     43   OK    [30.2,59.8,25.8]
RESULT FAIL 予算p95<=33ms 超過=4件 consoleエラー=0件
-> .logs/perf_mobile_after.json
