perf_mobile: tag=pair_off2 rate=4x port=5213 sample=7s repeat=3 dsf=2 mobile=true
GPU: ANGLE (Intel, Intel(R) Iris(R) Xe Graphics (0x00009A49) Direct3D11 vs_5_0 ps_5_0, D3D11) / Google Inc. (Intel) (dpr=2)
warmup: 12s hardwareScalingLevel=1 settled=true → rate=4x
--off: sky
[1][day_run] 昼の島を走る                 p50=  31.1 p95=  50.3 p99=  60.5 max=  73.1 frames= 231 stall=0 draw=311 mesh=54/520 hw=1 移動=7/7
--off: sky
[1][home] 家の中                    p50=  15.9 p95=    29 p99=  45.6 max=  72.6 frames= 439 stall=0 draw=40 mesh=13/524 hw=1 移動=7/7
--off: sky
[2][day_run] 昼の島を走る                 p50=  18.6 p95= 171.5 p99= 433.4 max= 469.4 frames= 159 stall=0 draw=291 mesh=44/520 hw=1 移動=6/6
--off: sky
[2][home] 家の中                    p50=   9.4 p95=  77.6 p99= 125.6 max= 217.1 frames= 397 stall=0 draw=40 mesh=13/524 hw=1 移動=7/7
--off: sky
[3][day_run] 昼の島を走る                 p50=  21.9 p95= 234.8 p99= 324.5 max= 400.2 frames= 131 stall=0 draw=295 mesh=45/520 hw=1 移動=6/6
--off: sky
[3][home] 家の中                    p50=    10 p95=  98.5 p99= 386.8 max= 433.8 frames= 311 stall=0 draw=39 mesh=13/524 hw=1 移動=5/6

場面                     p50     p95     p99   判定  (p95 の全周回)
昼の島を走る                     21.9  171.5  324.5   OVER  [50.3,171.5,234.8]
家の中                          10   77.6  125.6   OVER  [29,77.6,98.5]
RESULT FAIL 予算p95<=33ms 超過=2件 consoleエラー=0件
-> .logs/perf_mobile_pair_off2.json
