perf_mobile: tag=light_on rate=1x port=5222 sample=9s repeat=3 dsf=2 mobile=true
GPU: ANGLE (Intel, Intel(R) Iris(R) Xe Graphics (0x00009A49) Direct3D11 vs_5_0 ps_5_0, D3D11) / Google Inc. (Intel) (dpr=2)
warmup: 26s hardwareScalingLevel=1 settled=true → rate=1x
[1][day_run] 昼の島を走る                 p50=  13.5 p95=  17.8 p99=  20.9 max=  37.7 frames= 678 stall=0 draw=357 mesh=71/544 hw=1 移動=9/9
[1][night_island] 夜の島(ホタル・光だまり)          p50=  12.5 p95=  16.4 p99=  20.3 max=  27.6 frames= 745 stall=0 draw=288 mesh=36/556 hw=1 移動=8/9
[1][cove_night] 入り江の夜                  p50=   8.4 p95=  12.3 p99=  15.7 max=  79.6 frames=1082 stall=0 draw=78 mesh=35/561 hw=1 移動=7/8
[1][festival_fly] ほしまつりのランタンとばし          p50=  19.2 p95=  24.2 p99=  29.8 max=  46.5 frames= 470 stall=0 draw=371 mesh=66/562 hw=0.8 移動=0/9
[1][home] 家の中                    p50=   9.2 p95=    13 p99=    16 max=    26 frames=1047 stall=0 draw=57 mesh=17/564 hw=0.8 移動=9/9
[2][day_run] 昼の島を走る                 p50=  14.1 p95=  17.3 p99=    21 max=  30.9 frames= 657 stall=0 draw=383 mesh=69/561 hw=0.8 移動=9/9
[2][night_island] 夜の島(ホタル・光だまり)          p50=  15.1 p95=  19.9 p99=  28.3 max=  53.5 frames= 605 stall=0 draw=318 mesh=38/570 hw=0.6667 移動=8/9
[2][cove_night] 入り江の夜                  p50=  11.8 p95=  16.1 p99=  21.5 max=  31.2 frames= 783 stall=0 draw=60 mesh=25/570 hw=0.6667 移動=6/7
[2][festival_fly] ほしまつりのランタンとばし          p50=  16.2 p95=  19.7 p99=  21.7 max=  26.3 frames= 560 stall=0 draw=369 mesh=64/570 hw=0.6667 移動=0/9
[2][home] 家の中                    p50=    10 p95=  20.2 p99=  30.7 max=  63.3 frames= 896 stall=0 draw=58 mesh=17/570 hw=0.6667 移動=9/9
[3][day_run] 昼の島を走る                 p50=  15.6 p95=  19.5 p99=    22 max=  59.9 frames= 638 stall=0 draw=389 mesh=72/566 hw=0.6667 移動=9/9
[3][night_island] 夜の島(ホタル・光だまり)          p50=  15.3 p95=  18.9 p99=  20.5 max=  39.7 frames= 648 stall=0 draw=318 mesh=38/570 hw=0.6667 移動=8/9
[3][cove_night] 入り江の夜                  p50=  11.1 p95=  14.6 p99=  15.9 max=    24 frames= 887 stall=0 draw=62 mesh=26/570 hw=0.6667 移動=8/9
[3][festival_fly] ほしまつりのランタンとばし          p50=  15.9 p95=  18.9 p99=  20.9 max=  26.7 frames= 627 stall=0 draw=377 mesh=68/570 hw=0.6667 移動=0/9
[3][home] 家の中                    p50=  11.4 p95=  22.4 p99=  35.9 max=  49.8 frames= 773 stall=0 draw=58 mesh=17/570 hw=0.6667 移動=7/7

場面                     p50     p95     p99   判定  (p95 の全周回)
昼の島を走る                     14.1   17.8     21   OK    [17.8,17.3,19.5]
夜の島(ホタル・光だまり)              15.1   18.9   20.5   OK    [16.4,19.9,18.9]
入り江の夜                      11.1   14.6   15.9   OK    [12.3,16.1,14.6]
ほしまつりのランタンとばし              16.2   19.7   21.7   OK    [24.2,19.7,18.9]
家の中                          10   20.2   30.7   OK    [13,20.2,22.4]
RESULT PASS 予算p95<=33ms 超過=0件 consoleエラー=0件
-> .logs/perf_mobile_light_on.json
P1=0
