
Running 51 tests using 1 worker

  ok  1 tests\e2e\badge.spec.ts:85:1 › バッジタブ: 106マスが シルエット+進捗で ならぶ → 初つりで色つきに かわる (9.7s)
  ok  2 tests\e2e\badge.spec.ts:136:1 › さかのぼり一括: あそんであるセーブを読むと まとめてつき、トーストは1枚だけ (9.9s)
  ok  3 tests\e2e\badge.spec.ts:189:1 › ごほうび限定の3点: じっせきを たっせいすると とどき、家に おける (7.4s)
  ok  4 tests\e2e\bottle.spec.ts:74:1 › メッセージボトル: 浜でひろう → 手紙が ひらく → ずかんに のこる (15.6s)
  ok  5 tests\e2e\bottle.spec.ts:136:1 › じっせきの ごほうび: 達成でとどく / 達成ずみのセーブには さかのぼってとどく (12.5s)
  ok  6 tests\e2e\chapter2.spec.ts:99:1 › ふねの修理: 500ルミナを ためて わたす → 桟橋の小舟に のれるようになる (14.9s)
  ok  7 tests\e2e\chapter2.spec.ts:141:1 › 入り江でロカに出会い、レンズを作って とうだいを ともす (1.1m)
  ok  8 tests\e2e\chapter2.spec.ts:265:1 › 誘導のエリアまたぎ: 場所がちがえば ふねの のりばへ案内する (9.5s)
  ok  9 tests\e2e\combo.spec.ts:84:1 › くみあわせ: はずれても減らない → 当てて発見 → 作って たべると 効果が出る (19.5s)
  ok 10 tests\e2e\combo.spec.ts:161:1 › いろみず: くみあわせで見つけて、おいてある家具の色を かえる(セーブでのこる) (19.2s)
  ok 11 tests\e2e\daily.spec.ts:81:1 › 朝の「きょうの島」カード: 出る → Eで閉じる → その日はもう出ない (10.4s)
  ok 12 tests\e2e\daily.spec.ts:121:1 › でんごんばん: 見る → 素材を集めて とどける → ごほうびと チェックマーク (13.3s)
  ok 13 tests\e2e\dialogue_camera.spec.ts:33:3 › 会話カメラ: tsumugi(向き合い・遮蔽なし・カメラが建物外) (5.7s)
  ok 14 tests\e2e\dialogue_camera.spec.ts:33:3 › 会話カメラ: minamo(向き合い・遮蔽なし・カメラが建物外) (6.4s)
  ok 15 tests\e2e\dialogue_camera.spec.ts:33:3 › 会話カメラ: nokto(向き合い・遮蔽なし・カメラが建物外) (7.4s)
  ok 16 tests\e2e\display_big.spec.ts:89:1 › おおきな すいそうを お庭に置く → 魚3びき → セーブ/ロードで3びきとも およいでいる (16.9s)
  ok 17 tests\e2e\display_big.spec.ts:175:1 › v12までのセーブ(content=1匹)を読むと contents に移り、中身が消えない (6.9s)
  ok 18 tests\e2e\festival.spec.ts:94:1 › 7日めの朝: かざりが出て、カードが まつりを知らせる (5.1s)
  ok 19 tests\e2e\festival.spec.ts:107:1 › 6日めの朝: 前日の予告が出る (4.9s)
  x  20 tests\e2e\festival.spec.ts:115:1 › ゆうがた: みんなが集まり、ランタンをもらって とばすと 記録がのこる (44.1s)
  ok 21 tests\e2e\festival.spec.ts:171:1 › 翌朝: かざりも E候補も 片づいている (8.4s)
  ok 22 tests\e2e\fishing.spec.ts:25:1 › 夜に釣ったヨルサカナでも釣り依頼が達成になる (11.3s)
  ok 23 tests\e2e\fishing.spec.ts:51:1 › 釣った直後にEを3連打しても2匹目が始まらない (7.6s)
  ok 24 tests\e2e\game.spec.ts:25:1 › タイトルから新規開始できる (4.6s)
  ok 25 tests\e2e\game.spec.ts:35:1 › プレイヤーが移動できる(WASD) (5.1s)
  ok 26 tests\e2e\game.spec.ts:58:1 › 採取: 木をきって木材を得る(ノードは枯れて非表示化) (4.7s)
  ok 27 tests\e2e\game.spec.ts:70:1 › クラフト: 材料からカマを作る(UI操作) (3.8s)
  ok 28 tests\e2e\game.spec.ts:82:1 › 家具配置→リロードで復元される (5.9s)
  ok 29 tests\e2e\game.spec.ts:100:1 › NPC会話と依頼の受注 (5.9s)
  ok 30 tests\e2e\game.spec.ts:121:1 › ポーズ中はゲーム内時間が止まる (6.3s)
  ok 31 tests\e2e\game.spec.ts:146:1 › 釣り: 桟橋でサカナがつれる (5.2s)
  ok 32 tests\e2e\home_expand2.spec.ts:120:1 › ツムギの ふだんの会話が、こうじのことを かならず教える (14.3s)
  ok 33 tests\e2e\home_expand2.spec.ts:161:1 › 800ルミナの2回目のこうじで部屋がさらに広がり、家具もセーブも保たれる (15.0s)
  ok 34 tests\e2e\hotfix_v111.spec.ts:76:1 › 依頼のとちゅう(q2_shell受注中)でも 入り江 ⇄ 島 を往復できる (40.2s)
  ok 35 tests\e2e\hotfix_v111.spec.ts:137:1 › 報告に行くとちゅうでも 採取・拾いもの・ほりあと が使える(釣りと店は出ない) (14.0s)
  ok 36 tests\e2e\modal_pause.spec.ts:26:1 › 会話を開いているあいだ時刻が進まず、NPCも帰宅しない (5.7s)
  ok 37 tests\e2e\modal_pause.spec.ts:44:1 › クラフト画面を開いているあいだ時刻が進まない・閉じると再開する (6.8s)
  ok 38 tests\e2e\modal_pause.spec.ts:60:1 › 複数UIを行き来しても停止が解除されない (7.5s)
  ok 39 tests\e2e\modal_pause.spec.ts:80:1 › 依頼達成バナー表示中はプレイヤーが動かない (6.6s)
  ok 40 tests\e2e\npc_home.spec.ts:114:1 › 在宅なら おじゃまできる: 入る → 家トーク → 出る (16.1s)
  ok 41 tests\e2e\npc_home.spec.ts:170:1 › 留守のときは入れない(表示だけで、Eを押しても何も起きない) (6.5s)
  ok 42 tests\e2e\npc_home.spec.ts:185:1 › おみやげの日: なかよし度3以上なら1日1回だけ もらえる (15.1s)
  ok 43 tests\e2e\npc_home.spec.ts:216:1 › 家の中でセーブ → 読み直しても 同じ家の中から始まる (14.7s)
  ok 44 tests\e2e\npc_home.spec.ts:249:1 › 3軒それぞれに入れる(ノクトは昼・ツムギとミナモは夜) (35.6s)
  ok 45 tests\e2e\onboarding.spec.ts:22:1 › 新規開始→誘導どおりに歩いてツムギから最初の依頼を受ける(デバッグなし) (8.6s)
  ok 46 tests\e2e\sleep.spec.ts:46:1 › 自宅のドアのEは「家に はいる」で、室内のベッドでだけ ねられる (5.1s)
  ok 47 tests\e2e\sleep.spec.ts:90:1 › ベッドでEを10回連打しても日付は1日だけ進む (5.2s)
  ok 48 tests\e2e\sleep.spec.ts:122:1 › 睡眠中はプレイヤーが動かず、NPCも動かない (4.4s)
  ok 49 tests\e2e\sleep.spec.ts:137:1 › 睡眠直後にリロードしても朝の時刻から始まる(同期後セーブ) (6.5s)
  ok 50 tests\e2e\sleep.spec.ts:155:1 › 睡眠途中にEscを押しても状態が壊れない(ポーズも開かない) (5.2s)
  ok 51 tests\e2e\sleep.spec.ts:171:1 › 室内で壁に向かって歩いても外へ抜けない(自動脱出も島へ飛ばさない) (16.4s)


  1) tests\e2e\festival.spec.ts:115:1 › ゆうがた: みんなが集まり、ランタンをもらって とばすと 記録がのこる ────────────────────────

    Error: コンソールエラーなし

    expect(received).toEqual(expected) // deep equality

    - Expected  - 1
    + Received  + 3

    - Array []
    + Array [
    +   "Failed to load resource: net::ERR_NO_BUFFER_SPACE",
    + ]

      27 | }
      28 | test.afterEach(() => {
    > 29 |   expect(errors, 'コンソールエラーなし').toEqual([]);
         |                                ^
      30 | });
      31 |
      32 | const ev = (page: Page, js: string) => page.evaluate(js);
        at C:\Users\2016k\Caoude作業フォルダ\90_Private\アプリ開発㉒_LumiIsland\tests\e2e\festival.spec.ts:29:32

    Error Context: test-results\festival-ゆうがた-みんなが集まり、ランタンをもらって-とばすと-記録がのこる\error-context.md

  1 failed
    tests\e2e\festival.spec.ts:115:1 › ゆうがた: みんなが集まり、ランタンをもらって とばすと 記録がのこる ─────────────────────────
  50 passed (11.1m)
