
Running 51 tests using 1 worker

[1/51] tests\e2e\badge.spec.ts:85:1 › バッジタブ: 106マスが シルエット+進捗で ならぶ → 初つりで色つきに かわる
[2/51] tests\e2e\badge.spec.ts:136:1 › さかのぼり一括: あそんであるセーブを読むと まとめてつき、トーストは1枚だけ
[3/51] tests\e2e\badge.spec.ts:189:1 › ごほうび限定の3点: じっせきを たっせいすると とどき、家に おける
[4/51] tests\e2e\bottle.spec.ts:74:1 › メッセージボトル: 浜でひろう → 手紙が ひらく → ずかんに のこる
[5/51] tests\e2e\bottle.spec.ts:136:1 › じっせきの ごほうび: 達成でとどく / 達成ずみのセーブには さかのぼってとどく
[6/51] tests\e2e\chapter2.spec.ts:99:1 › ふねの修理: 500ルミナを ためて わたす → 桟橋の小舟に のれるようになる
[7/51] tests\e2e\chapter2.spec.ts:141:1 › 入り江でロカに出会い、レンズを作って とうだいを ともす
[8/51] tests\e2e\chapter2.spec.ts:265:1 › 誘導のエリアまたぎ: 場所がちがえば ふねの のりばへ案内する
[9/51] tests\e2e\combo.spec.ts:84:1 › くみあわせ: はずれても減らない → 当てて発見 → 作って たべると 効果が出る
[10/51] tests\e2e\combo.spec.ts:161:1 › いろみず: くみあわせで見つけて、おいてある家具の色を かえる(セーブでのこる)
[11/51] tests\e2e\daily.spec.ts:81:1 › 朝の「きょうの島」カード: 出る → Eで閉じる → その日はもう出ない
[12/51] tests\e2e\daily.spec.ts:121:1 › でんごんばん: 見る → 素材を集めて とどける → ごほうびと チェックマーク
[13/51] tests\e2e\dialogue_camera.spec.ts:33:3 › 会話カメラ: tsumugi(向き合い・遮蔽なし・カメラが建物外)
[14/51] tests\e2e\dialogue_camera.spec.ts:33:3 › 会話カメラ: minamo(向き合い・遮蔽なし・カメラが建物外)
[15/51] tests\e2e\dialogue_camera.spec.ts:33:3 › 会話カメラ: nokto(向き合い・遮蔽なし・カメラが建物外)
[16/51] tests\e2e\display_big.spec.ts:89:1 › おおきな すいそうを お庭に置く → 魚3びき → セーブ/ロードで3びきとも およいでいる
[17/51] tests\e2e\display_big.spec.ts:175:1 › v12までのセーブ(content=1匹)を読むと contents に移り、中身が消えない
[18/51] tests\e2e\festival.spec.ts:94:1 › 7日めの朝: かざりが出て、カードが まつりを知らせる
[19/51] tests\e2e\festival.spec.ts:107:1 › 6日めの朝: 前日の予告が出る
[20/51] tests\e2e\festival.spec.ts:115:1 › ゆうがた: みんなが集まり、ランタンをもらって とばすと 記録がのこる
[21/51] tests\e2e\festival.spec.ts:171:1 › 翌朝: かざりも E候補も 片づいている
[22/51] tests\e2e\fishing.spec.ts:25:1 › 夜に釣ったヨルサカナでも釣り依頼が達成になる
[23/51] tests\e2e\fishing.spec.ts:51:1 › 釣った直後にEを3連打しても2匹目が始まらない
[24/51] tests\e2e\game.spec.ts:25:1 › タイトルから新規開始できる
[25/51] tests\e2e\game.spec.ts:35:1 › プレイヤーが移動できる(WASD)
[26/51] tests\e2e\game.spec.ts:58:1 › 採取: 木をきって木材を得る(ノードは枯れて非表示化)
[27/51] tests\e2e\game.spec.ts:70:1 › クラフト: 材料からカマを作る(UI操作)
[28/51] tests\e2e\game.spec.ts:82:1 › 家具配置→リロードで復元される
[29/51] tests\e2e\game.spec.ts:100:1 › NPC会話と依頼の受注
[30/51] tests\e2e\game.spec.ts:121:1 › ポーズ中はゲーム内時間が止まる
[31/51] tests\e2e\game.spec.ts:146:1 › 釣り: 桟橋でサカナがつれる
[32/51] tests\e2e\home_expand2.spec.ts:120:1 › ツムギの ふだんの会話が、こうじのことを かならず教える
[33/51] tests\e2e\home_expand2.spec.ts:161:1 › 800ルミナの2回目のこうじで部屋がさらに広がり、家具もセーブも保たれる
[34/51] tests\e2e\hotfix_v111.spec.ts:76:1 › 依頼のとちゅう(q2_shell受注中)でも 入り江 ⇄ 島 を往復できる
[35/51] tests\e2e\hotfix_v111.spec.ts:137:1 › 報告に行くとちゅうでも 採取・拾いもの・ほりあと が使える(釣りと店は出ない)
[36/51] tests\e2e\modal_pause.spec.ts:26:1 › 会話を開いているあいだ時刻が進まず、NPCも帰宅しない
[37/51] tests\e2e\modal_pause.spec.ts:44:1 › クラフト画面を開いているあいだ時刻が進まない・閉じると再開する
[38/51] tests\e2e\modal_pause.spec.ts:60:1 › 複数UIを行き来しても停止が解除されない
[39/51] tests\e2e\modal_pause.spec.ts:80:1 › 依頼達成バナー表示中はプレイヤーが動かない
[40/51] tests\e2e\npc_home.spec.ts:114:1 › 在宅なら おじゃまできる: 入る → 家トーク → 出る
[41/51] tests\e2e\npc_home.spec.ts:170:1 › 留守のときは入れない(表示だけで、Eを押しても何も起きない)
[42/51] tests\e2e\npc_home.spec.ts:185:1 › おみやげの日: なかよし度3以上なら1日1回だけ もらえる
[43/51] tests\e2e\npc_home.spec.ts:216:1 › 家の中でセーブ → 読み直しても 同じ家の中から始まる
[44/51] tests\e2e\npc_home.spec.ts:249:1 › 3軒それぞれに入れる(ノクトは昼・ツムギとミナモは夜)
[45/51] tests\e2e\onboarding.spec.ts:22:1 › 新規開始→誘導どおりに歩いてツムギから最初の依頼を受ける(デバッグなし)
[46/51] tests\e2e\sleep.spec.ts:46:1 › 自宅のドアのEは「家に はいる」で、室内のベッドでだけ ねられる
[47/51] tests\e2e\sleep.spec.ts:90:1 › ベッドでEを10回連打しても日付は1日だけ進む
[48/51] tests\e2e\sleep.spec.ts:122:1 › 睡眠中はプレイヤーが動かず、NPCも動かない
[49/51] tests\e2e\sleep.spec.ts:137:1 › 睡眠直後にリロードしても朝の時刻から始まる(同期後セーブ)
[50/51] tests\e2e\sleep.spec.ts:155:1 › 睡眠途中にEscを押しても状態が壊れない(ポーズも開かない)
[51/51] tests\e2e\sleep.spec.ts:171:1 › 室内で壁に向かって歩いても外へ抜けない(自動脱出も島へ飛ばさない)
  51 passed (11.3m)
