
> lumi-island@0.1.0 test:regression
> node tools/playtest_bot.mjs

[00:42] タイトル表示
[00:44] ゲーム開始(新規)
[00:45] 目標: tut_move
[00:46] 目標: q_wood_offer
[00:49] 目標: q_wood_gather
nav 53s 迂回はじめ: (-20.0,-6.0)へ 15.2m で足ぶみ → 45度 左まわり(24秒まで)
nav 54s 迂回: 45度でも進めない → 90度に広げる
nav 57s 迂回おわり: 15.2m→11.5m まで近づけた
[01:02] はじめての採取
hb 65s pos=(-22.3,-4.3) obj=q_wood_gather hour=19.3
nav 73s 迂回はじめ: (-30.0,-4.0)へ 7.2m で足ぶみ → 45度 左まわり(24秒まで)
nav 83s 迂回おわり: 7.2m→3.7m まで近づけた
hb 85s pos=(-29.2,-4.4) obj=q_wood_gather hour=19.5
[01:31] はじめての夜(発光を確認)
hb 108s pos=(-26.0,-1.3) obj=q_wood_gather hour=19.7
hb 129s pos=(-26.0,2.3) obj=q_wood_gather hour=19.9
hb 146s pos=(-26.0,5.9) obj=q_wood_gather hour=20.0
nav 151s 迂回はじめ: (-26.0,14.0)へ 8.0m で足ぶみ → 45度 左まわり(14秒まで)
nav 161s 迂回: 45度でも進めない → 90度に広げる
nav 168s 迂回おわり: 時間切れ(7.6m)。直進を試す
hb 173s pos=(-26.9,8.1) obj=q_wood_gather hour=20.2
hb 185s pos=(-26.9,11.2) obj=q_wood_gather hour=20.3
hb 205s pos=(-25.8,11.2) obj=q_wood_gather hour=20.4
BOT FAILED: Protocol error (Input.dispatchKeyEvent): Session closed. Most likely the page has been closed.
EXIT=2
