[00:29] タイトル表示
[00:32] ゲーム開始(新規)
[00:33] 目標: tut_move
[00:35] 目標: q_wood_offer
[00:37] 目標: q_wood_gather
nav 42s 迂回はじめ: (-20.0,-6.0)へ 14.9m で足ぶみ → 45度 左まわり(24秒まで)
nav 44s 迂回おわり: 14.9m→11.1m まで近づけた
[00:49] はじめての採取
hb 53s pos=(-29.3,-4.0) obj=q_wood_gather hour=19.3
nav 60s 迂回はじめ: (-26.0,14.0)へ 11.6m で足ぶみ → 45度 左まわり(24秒まで)
nav 63s 迂回: 45度でも進めない → 90度に広げる
nav 64s 迂回: 逆まわり(右)へ
nav 69s 迂回おわり: 11.6m→8.5m まで近づけた
hb 73s pos=(-25.9,13.2) obj=q_wood_report hour=20.1
[01:13] はじめての夜(発光を確認)
[01:13] 目標: q_wood_report
nav 82s 迂回はじめ: (-0.0,-7.8)へ 13.4m で足ぶみ → 45度 左まわり(15秒まで)
nav 84s 迂回: 45度でも進めない → 90度に広げる
nav 87s 迂回: 45度でも進めない → 90度に広げる
nav 92s 迂回おわり: 13.4m→9.6m まで近づけた
hb 93s pos=(0.2,-2.0) obj=q_wood_report hour=20.9
nav 97s 迂回はじめ: (-0.0,-7.8)へ 2.3m で足ぶみ → 45度 左まわり(9秒まで)
[01:45] 目標: q_fish_offer
hb 113s pos=(19.2,12.9) obj=q_fish_offer hour=21.6
[01:56] 目標: q_fish_mats_wood
[02:01] 目標: q_fish_mats_stone
[02:06] 目標: q_fish_craft_r_sickle
[02:07] はじめてのクラフト
[02:07] 目標: q_fish_mats_wood
hb 133s pos=(-2.8,17.6) obj=q_fish_mats_wood hour=22.3
[02:21] 目標: q_fish_mats_fiber
[02:28] 目標: q_fish_craft_r_rod
[02:30] 目標: q_fish_fish
hb 153s pos=(-27.8,17.0) obj=q_fish_fish hour=23.1
[02:53] 目標: q_fish_report
hb 173s pos=(4.4,47.5) obj=q_fish_report hour=23.9
nav 176s 迂回はじめ: (22.9,12.7)へ 37.6m で足ぶみ → 45度 左まわり(17秒まで)
nav 177s 迂回: 45度でも進めない → 90度に広げる
nav 193s 迂回: 逆まわり(右)へ
hb 193s pos=(5.3,49.7) obj=q_fish_report hour=0.7
nav 193s 迂回おわり: 時間切れ(37.6m)。直進を試す
nav 196s 迂回はじめ: (22.9,12.7)へ 37.6m で足ぶみ → 45度 左まわり(9秒まで)
nav 197s 迂回: 45度でも進めない → 90度に広げる
nav 205s 迂回おわり: 時間切れ(37.6m)。直進を試す
nav 208s 迂回はじめ: (22.9,12.7)へ 37.6m で足ぶみ → 45度 右まわり(8秒まで)
nav 210s 迂回おわり: 37.6m→34.4m まで近づけた
nav 213s 迂回はじめ: (22.9,12.7)へ 33.5m で足ぶみ → 45度 右まわり(8秒まで)
hb 213s pos=(5.3,40.3) obj=q_fish_report hour=1.5
nav 214s 迂回おわり: 33.5m→30.6m まで近づけた
nav 223s 迂回はじめ: (22.9,12.9)へ 10.9m で足ぶみ → 45度 左まわり(16秒まで)
nav 224s 迂回: 45度でも進めない → 90度に広げる
nav 225s 迂回: 逆まわり(右)へ
nav 227s 迂回おわり: 10.9m→7.8m まで近づけた
[03:51] 目標: q_ore_offer
hb 233s pos=(27.0,9.1) obj=q_ore_offer hour=2.2
[04:04] 目標: q_ore_gather
hb 253s pos=(34.7,-29.1) obj=q_ore_gather hour=3.0
[04:14] 目標: q_ore_report
[04:19] 目標: q_lantern_offer
hb 273s pos=(-2.4,1.0) obj=q_lantern_offer hour=3.7
[04:34] 目標: q_lantern_mats_wood
[04:44] 目標: q_lantern_mats_moss
hb 293s pos=(-14.0,-27.8) obj=q_lantern_mats_moss hour=4.5
[04:55] 目標: q_lantern_craft_r_lantern
[04:56] 目標: q_lantern_place
[05:10] はじめての家具配置
[05:10] 目標: q_lantern_report
hb 313s pos=(-2.4,0.9) obj=q_lantern_report hour=5.2
[05:15] 目標: q_lumi_offer
[05:16] 目標: q_lumi_mats_stone
[05:24] 目標: q_lumi_mats_ore
[05:31] 目標: q_lumi_craft_r_stonelamp
[05:33] 目標: q_lumi_place
hb 333s pos=(28.9,-20.4) obj=q_lumi_place hour=5.9
[05:47] 目標: q_lumi_mats_stone
hb 353s pos=(17.3,4.1) obj=q_lumi_mats_stone hour=6.7
[05:56] 目標: q_lumi_mats_ore
[06:07] 目標: q_lumi_craft_r_stonelamp
[06:09] 目標: q_lumi_place
hb 373s pos=(20.6,-14.1) obj=q_lumi_place hour=7.4
[06:22] 目標: q_lumi_report
[06:27] 目標: q2_boat_offer
[06:27] ルミの木 開花!
hb 393s pos=(-15.9,6.9) obj=q2_boat_offer hour=8.1
nav 398s 迂回はじめ: (-30.9,6.7)へ 6.9m で足ぶみ → 45度 左まわり(20秒まで)
nav 400s 迂回おわり: 6.9m→4.0m まで近づけた
[06:47] マイホーム 入室→就寝→退出: OK
[06:47] === 第2章 開始 ===
[06:47] 目標: q2_boat_offer
nav 412s 迂回はじめ: (23.3,12.7)へ 48.1m で足ぶみ → 45度 左まわり(16秒まで)
nav 413s 迂回: 45度でも進めない → 90度に広げる
hb 413s pos=(-24.8,11.2) obj=q2_boat_offer hour=6.4
nav 414s 迂回: 逆まわり(右)へ
nav 418s 迂回おわり: 48.1m→44.7m まで近づけた
hb 433s pos=(21.8,12.4) obj=q2_boat_wood hour=7.1
[07:13] 目標: q2_boat_wood
hb 453s pos=(-23.9,14.3) obj=q2_boat_wood hour=7.9
nav 459s 迂回はじめ: (-30.0,-4.0)へ 16.0m で足ぶみ → 45度 左まわり(24秒まで)
nav 462s 迂回: 45度でも進めない → 90度に広げる
nav 466s 迂回おわり: 16.0m→12.9m まで近づけた
hb 473s pos=(-22.6,-6.2) obj=q2_boat_wood hour=8.7
[08:07] 目標: q2_boat_report
hb 493s pos=(5.5,-13.0) obj=q2_boat_report hour=9.5
[08:25] ふねが なおった(boat_repaired)
[08:25] 目標: ch2_first_sail
hb 513s pos=(3.7,29.6) obj=ch2_first_sail hour=10.2
[08:47] よるの入り江へ 上陸した
[08:47] 目標: q2_meet_offer
hb 533s pos=(-65.8,59.4) obj=q2_meet_offer hour=10.6
[08:54] ロカと であった
[08:54] 目標: q2_shell_offer
[08:56] 目標: q2_shell_gather
[09:06] 目標: q2_shell_report
[09:13] ひかりの貝を 見せた
[09:13] 目標: q2_starweed_offer
hb 553s pos=(-65.2,59.3) obj=q2_starweed_offer hour=11.3
[09:14] 目標: q2_starweed_gather
[09:24] 目標: q2_starweed_report
[09:29] ほしくさを 見せた
[09:29] 目標: q2_lens_offer
[09:31] 目標: q2_lens_mats_ore_sail_island
hb 573s pos=(-58.3,63.4) obj=q2_lens_mats_ore_sail_island hour=11.9
nav 577s 迂回はじめ: (-51.2,66.8)へ 4.2m で足ぶみ → 45度 左まわり(24秒まで)
nav 579s 迂回: 45度でも進めない → 90度に広げる
nav 580s 迂回: 逆まわり(右)へ
nav 582s 迂回: 45度でも進めない → 90度に広げる
nav 585s 迂回: 45度でも進めない → 90度に広げる
nav 586s 迂回: 両がわ詰まり → いったん下がる
nav 589s 迂回: 両がわ詰まり → いったん下がる
nav 591s 迂回: 両がわ詰まり → いったん下がる
hb 593s pos=(-45.4,61.6) obj=q2_lens_mats_ore_sail_island hour=12.7
nav 593s 迂回: 両がわ詰まり → いったん下がる
nav 595s 迂回: 両がわ詰まり → いったん下がる
nav 597s 迂回: 両がわ詰まり → いったん下がる
nav 598s 迂回: 両がわ詰まり → いったん下がる
nav 599s 迂回: 両がわ詰まり → いったん下がる
nav 600s 迂回: 両がわ詰まり → いったん下がる
nav 602s 迂回おわり: 時間切れ(3.4m)。直進を試す
nav 604s 迂回はじめ: (-51.2,66.8)へ 3.4m で足ぶみ → 45度 右まわり(24秒まで)
nav 606s 迂回: 45度でも進めない → 90度に広げる
nav 607s 迂回: 逆まわり(左)へ
nav 609s 迂回: 45度でも進めない → 90度に広げる
nav 613s 迂回: 45度でも進めない → 90度に広げる
hb 613s pos=(-54.8,65.5) obj=q2_lens_mats_ore_sail_island hour=13.5
nav 614s 迂回: 両がわ詰まり → いったん下がる
nav 616s 迂回: 両がわ詰まり → いったん下がる
nav 619s 迂回: 両がわ詰まり → いったん下がる
nav 621s 迂回: 両がわ詰まり → いったん下がる
nav 624s 迂回: 両がわ詰まり → いったん下がる
nav 626s 迂回: 両がわ詰まり → いったん下がる
nav 628s 迂回: 両がわ詰まり → いったん下がる
nav 629s 迂回おわり: 時間切れ(3.3m)。直進を試す
nav 632s 迂回はじめ: (-51.2,66.8)へ 3.3m で足ぶみ → 45度 右まわり(24秒まで)
hb 633s pos=(-59.0,63.0) obj=q2_lens_mats_ore_sail_island hour=14.3
nav 635s 迂回: 45度でも進めない → 90度に広げる
nav 639s 迂回: 45度でも進めない → 90度に広げる
nav 640s 迂回: 逆まわり(左)へ
hb 653s pos=(4.0,41.6) obj=q2_lens_mats_ore hour=14.8
[10:55] 目標: q2_lens_mats_ore
nav 659s 迂回はじめ: (30.0,-21.0)へ 65.4m で足ぶみ → 45度 左まわり(24秒まで)
nav 661s 迂回: 45度でも進めない → 90度に広げる
nav 665s 迂回: 逆まわり(右)へ
nav 667s 迂回おわり: 65.4m→61.0m まで近づけた
hb 673s pos=(20.3,19.4) obj=q2_lens_mats_ore hour=15.5
nav 677s 迂回はじめ: (30.0,-21.0)へ 40.8m で足ぶみ → 45度 右まわり(24秒まで)
nav 679s 迂回おわり: 40.8m→37.6m まで近づけた
hb 693s pos=(31.7,-21.0) obj=q2_lens_mats_ore hour=16.3
[11:37] 目標: q2_lens_craft_r_lens
[11:39] ひかりのレンズが できた
[11:39] 目標: q2_lens_report_sail_cove
hb 713s pos=(4.2,0.4) obj=q2_lens_report_sail_cove hour=17.1
hb 733s pos=(-51.2,63.3) obj=q2_lens_report hour=17.5
[12:15] 目標: q2_lens_report
[12:18] 目標: q2_light_offer
[12:19] 目標: q2_light_attach
hb 753s pos=(-60.7,55.5) obj=free_sail_island hour=17.8
[12:35] とうだいに あかりが ともった!
[12:35] 目標: free_sail_island
[12:50] 島へ 帰りついた(入り江の往復)
[12:50] 終了(12分50秒)
RESULT {"completed":true,"homeRoundTrip":true,"boatRepaired":true,"coveArrived":true,"rokaMet":true,"shellsShown":true,"starweedShown":true,"lensCrafted":true,"lighthouseLit":true,"coveRoundTrip":true,"totalSec":770,"errors":0,"fpsAvg":107}
exit=0
