[00:46] タイトル表示
[00:49] ゲーム開始(新規)
[00:51] 目標: tut_move
[00:52] 目標: q_wood_offer
[00:55] 目標: q_wood_gather
nav 59s 迂回はじめ: (-20.0,-6.0)へ 15.2m で足ぶみ → 45度 左まわり(24秒まで)
nav 61s 迂回: 45度でも進めない → 90度に広げる
nav 64s 迂回おわり: 15.2m→11.6m まで近づけた
[01:09] はじめての採取
hb 70s pos=(-20.5,-4.7) obj=q_wood_gather hour=19.2
nav 80s 迂回はじめ: (-26.0,14.0)へ 11.6m で足ぶみ → 45度 左まわり(24秒まで)
nav 83s 迂回: 45度でも進めない → 90度に広げる
nav 84s 迂回: 逆まわり(右)へ
nav 88s 迂回おわり: 11.6m→8.5m まで近づけた
hb 90s pos=(-24.0,11.6) obj=q_wood_gather hour=20.0
[01:32] はじめての夜(発光を確認)
[01:49] 目標: q_wood_report
hb 110s pos=(-13.4,-21.7) obj=q_wood_report hour=20.8
[02:01] 目標: q_fish_offer
hb 130s pos=(22.2,12.0) obj=q_fish_offer hour=21.5
[02:12] 目標: q_fish_mats_wood
hb 150s pos=(-16.8,13.7) obj=q_fish_mats_wood hour=22.2
[02:34] 目標: q_fish_mats_stone
[02:38] 目標: q_fish_craft_r_sickle
[02:39] はじめてのクラフト
[02:39] 目標: q_fish_mats_wood
nav 164s 迂回はじめ: (-30.0,-4.0)へ 16.0m で足ぶみ → 45度 左まわり(24秒まで)
nav 167s 迂回: 45度でも進めない → 90度に広げる
hb 170s pos=(-18.3,2.6) obj=q_fish_mats_wood hour=23.0
nav 171s 迂回おわり: 16.0m→12.6m まで近づけた
[02:56] 目標: q_fish_mats_fiber
[03:00] 目標: q_fish_craft_r_rod
[03:02] 目標: q_fish_fish
hb 190s pos=(-3.7,18.6) obj=q_fish_fish hour=23.8
[03:25] 目標: q_fish_report
nav 209s 迂回はじめ: (23.3,12.8)へ 37.3m で足ぶみ → 45度 左まわり(17秒まで)
nav 210s 迂回: 45度でも進めない → 90度に広げる
hb 210s pos=(5.3,45.5) obj=q_fish_report hour=0.6
nav 226s 迂回おわり: 時間切れ(37.3m)。直進を試す
nav 228s 迂回はじめ: (23.3,12.8)へ 37.3m で足ぶみ → 45度 右まわり(9秒まで)
hb 230s pos=(5.3,43.6) obj=q_fish_report hour=1.4
nav 231s 迂回おわり: 37.3m→34.5m まで近づけた
nav 233s 迂回はじめ: (23.3,12.8)へ 33.6m で足ぶみ → 45度 右まわり(8秒まで)
nav 234s 迂回おわり: 33.6m→30.7m まで近づけた
nav 243s 迂回はじめ: (23.3,12.8)へ 11.2m で足ぶみ → 45度 右まわり(8秒まで)
nav 245s 迂回おわり: 11.2m→8.3m まで近づけた
[04:10] 目標: q_ore_offer
hb 250s pos=(24.6,13.3) obj=q_ore_offer hour=2.1
[04:24] 目標: q_ore_gather
hb 270s pos=(31.4,-23.2) obj=q_ore_gather hour=2.8
[04:35] 目標: q_ore_report
[04:40] 目標: q_lantern_offer
hb 290s pos=(5.4,-3.9) obj=q_lantern_offer hour=3.5
[04:56] 目標: q_lantern_mats_wood
nav 300s 迂回はじめ: (-20.0,-6.0)へ 15.2m で足ぶみ → 45度 左まわり(24秒まで)
nav 301s 迂回: 45度でも進めない → 90度に広げる
nav 304s 迂回おわり: 15.2m→11.4m まで近づけた
[05:09] 目標: q_lantern_mats_moss
hb 310s pos=(-20.2,-7.3) obj=q_lantern_mats_moss hour=4.2
[05:21] 目標: q_lantern_craft_r_lantern
[05:22] 目標: q_lantern_place
hb 330s pos=(3.0,-12.5) obj=q_lantern_place hour=5.0
[05:37] はじめての家具配置
[05:37] 目標: q_lantern_report
[05:41] 目標: q_lumi_offer
[05:44] 目標: q_lumi_mats_moss
hb 350s pos=(-2.1,-17.3) obj=q_lumi_mats_moss hour=5.7
[06:00] 目標: q_lumi_craft_r_lantern
[06:01] 目標: q_lumi_place
hb 370s pos=(-2.8,-4.3) obj=q_lumi_place hour=6.4
[06:15] 目標: q_lumi_mats_stone
[06:26] 目標: q_lumi_mats_ore
hb 390s pos=(18.0,21.3) obj=q_lumi_mats_ore hour=7.2
nav 394s 迂回はじめ: (30.0,-21.0)へ 40.8m で足ぶみ → 45度 左まわり(24秒まで)
nav 395s 迂回: 45度でも進めない → 90度に広げる
nav 396s 迂回: 逆まわり(右)へ
nav 398s 迂回おわり: 40.8m→38.3m まで近づけた
hb 410s pos=(29.8,-19.7) obj=q_lumi_mats_ore hour=8.0
[06:52] 目標: q_lumi_craft_r_stonelamp
[06:54] 目標: q_lumi_place
[07:06] 目標: q_lumi_report
hb 430s pos=(-2.0,-2.9) obj=q_lumi_report hour=8.7
[07:13] 目標: q2_boat_offer
[07:13] ルミの木 開花!
nav 446s 迂回はじめ: (-30.9,6.7)へ 6.9m で足ぶみ → 45度 左まわり(19秒まで)
nav 448s 迂回おわり: 6.9m→3.9m まで近づけた
hb 450s pos=(58.7,-57.8) obj=q2_boat_offer hour=9.5
[07:35] マイホーム 入室→就寝→退出: OK
[07:35] === 第2章 開始 ===
[07:35] 目標: q2_boat_offer
nav 460s 迂回はじめ: (23.3,12.7)へ 48.1m で足ぶみ → 45度 左まわり(16秒まで)
nav 461s 迂回: 45度でも進めない → 90度に広げる
nav 463s 迂回: 逆まわり(右)へ
nav 466s 迂回おわり: 48.1m→45.0m まで近づけた
hb 470s pos=(-11.2,10.6) obj=q2_boat_offer hour=6.7
[08:02] 目標: q2_boat_wood
hb 490s pos=(15.4,21.5) obj=q2_boat_wood hour=7.5
nav 508s 迂回はじめ: (-30.0,-4.0)へ 16.0m で足ぶみ → 45度 左まわり(24秒まで)
hb 510s pos=(-24.7,12.0) obj=q2_boat_wood hour=8.3
nav 511s 迂回: 45度でも進めない → 90度に広げる
nav 514s 迂回おわり: 16.0m→12.7m まで近づけた
[08:44] 目標: q2_boat_report
hb 530s pos=(-7.3,8.5) obj=q2_boat_report hour=9.0
[09:01] ふねが なおった(boat_repaired)
[09:01] 目標: ch2_first_sail
hb 550s pos=(3.9,35.9) obj=ch2_first_sail hour=9.8
[09:22] よるの入り江へ 上陸した
[09:22] 目標: q2_meet_offer
[09:29] ロカと であった
[09:29] 目標: q2_shell_offer
hb 570s pos=(-66.1,59.7) obj=q2_shell_offer hour=10.1
[09:31] 目標: q2_shell_gather
[09:42] 目標: q2_shell_report
[09:49] ひかりの貝を 見せた
[09:49] 目標: q2_starweed_offer
[09:50] 目標: q2_starweed_gather
hb 590s pos=(-66.2,59.2) obj=q2_starweed_gather hour=10.8
[10:00] 目標: q2_starweed_report
[10:06] ほしくさを 見せた
[10:06] 目標: q2_lens_offer
[10:07] 目標: q2_lens_mats_ore_sail_island
hb 610s pos=(-57.3,64.4) obj=q2_lens_mats_ore_sail_island hour=11.5
nav 613s 迂回はじめ: (-51.2,66.8)へ 4.4m で足ぶみ → 45度 左まわり(24秒まで)
nav 615s 迂回: 45度でも進めない → 90度に広げる
nav 616s 迂回: 逆まわり(右)へ
nav 618s 迂回: 45度でも進めない → 90度に広げる
nav 622s 迂回: 45度でも進めない → 90度に広げる
nav 623s 迂回: 両がわ詰まり → いったん下がる
nav 626s 迂回: 両がわ詰まり → いったん下がる
nav 628s 迂回: 両がわ詰まり → いったん下がる
nav 630s 迂回: 両がわ詰まり → いったん下がる
hb 630s pos=(-45.1,61.3) obj=q2_lens_mats_ore_sail_island hour=12.3
nav 631s 迂回: 両がわ詰まり → いったん下がる
nav 633s 迂回: 両がわ詰まり → いったん下がる
nav 635s 迂回: 両がわ詰まり → いったん下がる
nav 636s 迂回: 両がわ詰まり → いったん下がる
nav 637s 迂回: 両がわ詰まり → いったん下がる
nav 638s 迂回おわり: 時間切れ(3.4m)。直進を試す
nav 641s 迂回はじめ: (-51.2,66.8)へ 3.4m で足ぶみ → 45度 右まわり(24秒まで)
nav 642s 迂回: 45度でも進めない → 90度に広げる
nav 643s 迂回: 逆まわり(左)へ
nav 644s 迂回: 45度でも進めない → 90度に広げる
nav 648s 迂回: 45度でも進めない → 90度に広げる
nav 649s 迂回: 両がわ詰まり → いったん下がる
hb 650s pos=(-56.9,64.2) obj=q2_lens_mats_ore_sail_island hour=13.1
nav 652s 迂回: 両がわ詰まり → いったん下がる
nav 654s 迂回: 両がわ詰まり → いったん下がる
nav 657s 迂回: 両がわ詰まり → いったん下がる
nav 659s 迂回: 両がわ詰まり → いったん下がる
nav 662s 迂回: 両がわ詰まり → いったん下がる
nav 663s 迂回: 両がわ詰まり → いったん下がる
nav 665s 迂回おわり: 時間切れ(3.3m)。直進を試す
nav 668s 迂回はじめ: (-51.2,66.8)へ 3.3m で足ぶみ → 45度 右まわり(24秒まで)
hb 670s pos=(-54.8,63.1) obj=q2_lens_mats_ore_sail_island hour=13.9
nav 671s 迂回: 45度でも進めない → 90度に広げる
nav 674s 迂回: 45度でも進めない → 90度に広げる
nav 675s 迂回: 逆まわり(左)へ
nav 678s 迂回: 45度でも進めない → 90度に広げる
nav 679s 迂回: 両がわ詰まり → いったん下がる
nav 683s 迂回: 45度でも進めない → 90度に広げる
nav 685s 迂回: 両がわ詰まり → いったん下がる
nav 687s 迂回: 両がわ詰まり → いったん下がる
nav 689s 迂回: 両がわ詰まり → いったん下がる
hb 690s pos=(-60.4,63.9) obj=q2_lens_mats_ore_sail_island hour=14.7
nav 692s 迂回おわり: 時間切れ(2.7m)。直進を試す
nav 695s 迂回はじめ: (-51.2,66.8)へ 2.7m で足ぶみ → 45度 左まわり(13秒まで)
nav 696s 迂回: 45度でも進めない → 90度に広げる
nav 697s 迂回: 逆まわり(右)へ
nav 700s 迂回: 45度でも進めない → 90度に広げる
nav 703s 迂回: 両がわ詰まり → いったん下がる
nav 704s 迂回: 両がわ詰まり → いったん下がる
nav 706s 迂回: 両がわ詰まり → いったん下がる
nav 708s 迂回おわり: 時間切れ(2.7m)。直進を試す
hb 710s pos=(-49.2,64.1) obj=q2_lens_mats_ore_sail_island hour=15.5
nav 710s 迂回はじめ: (-51.2,66.8)へ 2.7m で足ぶみ → 45度 左まわり(8秒まで)
nav 712s 迂回: 45度でも進めない → 90度に広げる
nav 716s 迂回: 45度でも進めない → 90度に広げる
nav 719s 迂回おわり: 時間切れ(2.7m)。直進を試す
nav 722s 迂回はじめ: (-51.2,66.8)へ 2.7m で足ぶみ → 45度 右まわり(8秒まで)
nav 724s 迂回: 45度でも進めない → 90度に広げる
nav 727s 迂回: 45度でも進めない → 90度に広げる
hb 730s pos=(-49.3,64.1) obj=q2_lens_mats_ore_sail_island hour=16.3
nav 731s 迂回はじめ: (-51.2,66.8)へ 3.3m で足ぶみ → 45度 左まわり(24秒まで)
nav 732s 迂回: 45度でも進めない → 90度に広げる
nav 735s 迂回: 45度でも進めない → 90度に広げる
nav 737s 迂回: 逆まわり(右)へ
nav 739s 迂回: 45度でも進めない → 90度に広げる
nav 743s 迂回: 45度でも進めない → 90度に広げる
nav 744s 迂回: 両がわ詰まり → いったん下がる
nav 746s 迂回: 両がわ詰まり → いったん下がる
nav 748s 迂回: 両がわ詰まり → いったん下がる
nav 750s 迂回: 両がわ詰まり → いったん下がる
hb 750s pos=(-45.6,61.9) obj=q2_lens_mats_ore_sail_island hour=17.1
nav 752s 迂回: 両がわ詰まり → いったん下がる
nav 754s 迂回: 両がわ詰まり → いったん下がる
nav 755s 迂回おわり: 時間切れ(3.3m)。直進を試す
nav 757s 迂回はじめ: (-51.2,66.8)へ 3.3m で足ぶみ → 45度 左まわり(24秒まで)
nav 759s 迂回: 45度でも進めない → 90度に広げる
nav 763s 迂回: 45度でも進めない → 90度に広げる
nav 764s 迂回: 逆まわり(右)へ
nav 767s 迂回: 45度でも進めない → 90度に広げる
nav 770s 迂回: 45度でも進めない → 90度に広げる
hb 770s pos=(-49.1,64.1) obj=q2_lens_mats_ore_sail_island hour=17.9
nav 771s 迂回: 両がわ詰まり → いったん下がる
nav 774s 迂回: 両がわ詰まり → いったん下がる
nav 776s 迂回: 両がわ詰まり → いったん下がる
nav 778s 迂回: 両がわ詰まり → いったん下がる
nav 780s 迂回: 両がわ詰まり → いったん下がる
nav 781s 迂回: 両がわ詰まり → いったん下がる
nav 782s 迂回おわり: 時間切れ(3.3m)。直進を試す
nav 785s 迂回はじめ: (-51.2,66.8)へ 3.3m で足ぶみ → 45度 左まわり(24秒まで)
nav 786s 迂回: 45度でも進めない → 90度に広げる
nav 790s 迂回: 45度でも進めない → 90度に広げる
hb 790s pos=(-54.9,65.5) obj=q2_lens_mats_ore_sail_island hour=18.7
nav 791s 迂回: 逆まわり(右)へ
nav 794s 迂回: 45度でも進めない → 90度に広げる
nav 797s 迂回: 45度でも進めない → 90度に広げる
nav 798s 迂回: 両がわ詰まり → いったん下がる
nav 801s 迂回: 両がわ詰まり → いったん下がる
nav 802s 迂回: 両がわ詰まり → いったん下がる
nav 804s 迂回: 両がわ詰まり → いったん下がる
nav 806s 迂回: 両がわ詰まり → いったん下がる
nav 808s 迂回: 両がわ詰まり → いったん下がる
nav 809s 迂回おわり: 時間切れ(3.3m)。直進を試す
hb 810s pos=(-46.8,62.6) obj=q2_lens_mats_ore_sail_island hour=19.5
nav 812s 迂回はじめ: (-51.2,66.8)へ 3.3m で足ぶみ → 45度 左まわり(14秒まで)
nav 814s 迂回: 45度でも進めない → 90度に広げる
nav 818s 迂回: 45度でも進めない → 90度に広げる
nav 820s 迂回: 逆まわり(右)へ
nav 822s 迂回: 45度でも進めない → 90度に広げる
nav 825s 迂回: 45度でも進めない → 90度に広げる
nav 826s 迂回: 両がわ詰まり → いったん下がる
nav 827s 迂回おわり: 時間切れ(3.2m)。直進を試す
nav 830s 迂回はじめ: (-51.2,66.8)へ 3.2m で足ぶみ → 45度 左まわり(8秒まで)
hb 830s pos=(-49.3,64.1) obj=q2_lens_mats_ore_sail_island hour=20.3
nav 831s 迂回: 45度でも進めない → 90度に広げる
nav 835s 迂回: 45度でも進めない → 90度に広げる
nav 836s 迂回: 逆まわり(右)へ
nav 838s 迂回おわり: 時間切れ(3.2m)。直進を試す
nav 841s 迂回はじめ: (-51.2,66.8)へ 3.2m で足ぶみ → 45度 左まわり(8秒まで)
nav 842s 迂回: 45度でも進めない → 90度に広げる
nav 844s 迂回: 逆まわり(右)へ
nav 846s 迂回: 45度でも進めない → 90度に広げる
hb 850s pos=(-51.1,66.2) obj=q2_lens_mats_ore_sail_island hour=21.0
[14:20] 目標: q2_lens_mats_ore
nav 863s 迂回はじめ: (32.0,-24.0)へ 68.9m で足ぶみ → 45度 左まわり(24秒まで)
nav 864s 迂回: 45度でも進めない → 90度に広げる
nav 870s 迂回: 逆まわり(右)へ
hb 870s pos=(5.3,41.2) obj=q2_lens_mats_ore hour=21.5
nav 872s 迂回おわり: 68.9m→66.3m まで近づけた
nav 881s 迂回はじめ: (32.0,-24.0)へ 47.2m で足ぶみ → 45度 右まわり(24秒まで)
nav 884s 迂回おわり: 47.2m→43.8m まで近づけた
hb 890s pos=(32.2,1.3) obj=q2_lens_mats_ore hour=22.3
