[00:03] タイトル表示
[00:04] ゲーム開始(新規)
[00:04] 目標: tut_move
[00:06] 目標: q_wood_offer
[00:08] 目標: q_wood_gather
[00:19] はじめての採取
hb 24s pos=(-28.4,-3.5) obj=q_wood_gather hour=19.3
nav 31s 迂回はじめ: (-26.0,14.0)へ 11.6m で足ぶみ → 45度 左まわり(24秒まで)
nav 34s 迂回: 45度でも進めない → 90度に広げる
nav 35s 迂回: 逆まわり(右)へ
nav 38s 迂回: 45度でも進めない → 90度に広げる
nav 40s 迂回おわり: 11.6m→8.7m まで近づけた
[00:44] はじめての夜(発光を確認)
hb 45s pos=(-25.4,13.7) obj=q_wood_report hour=20.1
[00:45] 目標: q_wood_report
nav 53s 迂回はじめ: (-1.6,-7.7)へ 11.7m で足ぶみ → 45度 左まわり(15秒まで)
nav 55s 迂回: 45度でも進めない → 90度に広げる
nav 58s 迂回: 45度でも進めない → 90度に広げる
nav 63s 迂回おわり: 11.7m→8.7m まで近づけた
hb 64s pos=(-1.4,-4.7) obj=q_wood_report hour=20.9
[01:07] 目標: q_fish_offer
[01:18] 目標: q_fish_mats_wood
[01:23] 目標: q_fish_mats_stone
hb 84s pos=(16.6,28.2) obj=q_fish_mats_stone hour=21.6
[01:28] 目標: q_fish_craft_r_sickle
[01:29] はじめてのクラフト
[01:29] 目標: q_fish_mats_wood
hb 104s pos=(-27.6,12.0) obj=q_fish_mats_wood hour=22.3
nav 107s 迂回はじめ: (-30.0,-4.0)へ 15.9m で足ぶみ → 45度 左まわり(24秒まで)
nav 108s 迂回: 45度でも進めない → 90度に広げる
nav 109s 迂回: 逆まわり(右)へ
nav 113s 迂回: 45度でも進めない → 90度に広げる
nav 116s 迂回おわり: 15.9m→13.2m まで近づけた
[02:01] 目標: q_fish_mats_fiber
hb 124s pos=(-24.6,1.5) obj=q_fish_craft_r_rod hour=23.1
[02:05] 目標: q_fish_craft_r_rod
[02:06] 目標: q_fish_fish
hb 144s pos=(4.3,46.8) obj=q_fish_fish hour=23.9
[02:28] 目標: q_fish_report
nav 151s 迂回はじめ: (23.0,12.4)へ 37.0m で足ぶみ → 45度 左まわり(17秒まで)
nav 152s 迂回: 45度でも進めない → 90度に広げる
hb 164s pos=(5.3,49.3) obj=q_fish_report hour=0.7
nav 168s 迂回おわり: 時間切れ(37.0m)。直進を試す
nav 171s 迂回はじめ: (23.0,12.4)へ 37.0m で足ぶみ → 45度 右まわり(9秒まで)
nav 173s 迂回おわり: 37.0m→33.1m まで近づけた
nav 176s 迂回はじめ: (23.0,12.4)へ 32.3m で足ぶみ → 45度 右まわり(8秒まで)
nav 177s 迂回おわり: 32.3m→29.5m まで近づけた
hb 184s pos=(20.8,21.6) obj=q_fish_report hour=1.5
nav 186s 迂回はじめ: (23.0,12.4)へ 9.5m で足ぶみ → 45度 右まわり(8秒まで)
nav 188s 迂回おわり: 9.5m→6.8m まで近づけた
[03:11] 目標: q_ore_offer
[03:24] 目標: q_ore_gather
hb 205s pos=(28.8,-24.2) obj=q_ore_gather hour=2.2
[03:34] 目標: q_ore_report
[03:38] 目標: q_lantern_offer
hb 225s pos=(13.8,-10.5) obj=q_lantern_offer hour=2.9
[03:52] 目標: q_lantern_mats_moss
hb 245s pos=(-6.0,-30.9) obj=q_lantern_mats_moss hour=3.7
[04:07] 目標: q_lantern_craft_r_lantern
[04:08] 目標: q_lantern_place
[04:22] はじめての家具配置
[04:22] 目標: q_lantern_report
hb 265s pos=(-2.4,0.9) obj=q_lantern_report hour=4.4
[04:26] 目標: q_lumi_offer
[04:27] 目標: q_lumi_mats_stone
[04:35] 目標: q_lumi_mats_ore
[04:43] 目標: q_lumi_craft_r_stonelamp
[04:44] 目標: q_lumi_place
hb 285s pos=(30.5,-23.3) obj=q_lumi_place hour=5.1
[05:01] 目標: q_lumi_mats_stone
hb 305s pos=(8.3,3.7) obj=q_lumi_mats_stone hour=5.9
[05:10] 目標: q_lumi_mats_ore
[05:19] 目標: q_lumi_craft_r_stonelamp
[05:20] 目標: q_lumi_place
hb 325s pos=(19.9,-10.8) obj=q_lumi_place hour=6.6
[05:32] 目標: q_lumi_report
[05:37] 目標: q2_boat_offer
[05:37] ルミの木 開花!
hb 345s pos=(-24.0,7.0) obj=q2_boat_offer hour=7.4
nav 347s 迂回はじめ: (-30.9,6.7)へ 6.9m で足ぶみ → 45度 左まわり(20秒まで)
nav 349s 迂回おわり: 6.9m→4.1m まで近づけた
[05:55] マイホーム 入室→就寝→退出: OK
[05:55] === 第2章 開始 ===
[05:55] 目標: q2_boat_offer
nav 360s 迂回はじめ: (23.3,12.7)へ 48.1m で足ぶみ → 45度 左まわり(16秒まで)
nav 361s 迂回: 45度でも進めない → 90度に広げる
nav 362s 迂回: 逆まわり(右)へ
hb 365s pos=(-24.8,6.1) obj=q2_boat_offer hour=6.5
nav 366s 迂回おわり: 48.1m→45.0m まで近づけた
[06:21] 目標: q2_boat_wood
hb 385s pos=(20.2,21.7) obj=q2_boat_wood hour=7.2
hb 405s pos=(-29.1,12.0) obj=q2_boat_wood hour=8.0
nav 407s 迂回はじめ: (-30.0,-4.0)へ 15.9m で足ぶみ → 45度 左まわり(24秒まで)
nav 408s 迂回: 45度でも進めない → 90度に広げる
nav 411s 迂回おわり: 15.9m→13.0m まで近づけた
nav 416s 迂回はじめ: (-30.0,-4.0)へ 7.2m で足ぶみ → 45度 左まわり(24秒まで)
nav 418s 迂回: 45度でも進めない → 90度に広げる
nav 420s 迂回: 逆まわり(右)へ
nav 423s 迂回: 45度でも進めない → 90度に広げる
nav 424s 迂回: 両がわ詰まり → いったん下がる
hb 425s pos=(-30.7,3.9) obj=q2_boat_wood hour=8.8
nav 428s 迂回: 両がわ詰まり → いったん下がる
nav 432s 迂回: 両がわ詰まり → いったん下がる
nav 435s 迂回: 両がわ詰まり → いったん下がる
nav 439s 迂回: 両がわ詰まり → いったん下がる
nav 440s 迂回おわり: 時間切れ(7.2m)。直進を試す
nav 443s 迂回はじめ: (-30.0,-4.0)へ 7.2m で足ぶみ → 45度 左まわり(20秒まで)
hb 445s pos=(-25.7,3.2) obj=q2_boat_wood hour=9.6
nav 446s 迂回: 45度でも進めない → 90度に広げる
nav 447s 迂回: 逆まわり(右)へ
nav 450s 迂回: 45度でも進めない → 90度に広げる
nav 451s 迂回: 両がわ詰まり → いったん下がる
nav 455s 迂回: 両がわ詰まり → いったん下がる
nav 459s 迂回: 両がわ詰まり → いったん下がる
nav 462s 迂回: 両がわ詰まり → いったん下がる
nav 463s 迂回おわり: 時間切れ(7.2m)。直進を試す
hb 465s pos=(-30.0,3.2) obj=q2_boat_wood hour=10.4
nav 466s 迂回はじめ: (-30.0,-4.0)へ 7.2m で足ぶみ → 45度 左まわり(11秒まで)
nav 469s 迂回: 45度でも進めない → 90度に広げる
nav 471s 迂回: 逆まわり(右)へ
nav 473s 迂回: 45度でも進めない → 90度に広げる
nav 474s 迂回: 両がわ詰まり → いったん下がる
nav 477s 迂回おわり: 時間切れ(7.2m)。直進を試す
nav 479s 迂回はじめ: (-30.0,-4.0)へ 7.2m で足ぶみ → 45度 左まわり(8秒まで)
nav 482s 迂回: 45度でも進めない → 90度に広げる
nav 484s 迂回: 逆まわり(右)へ
hb 485s pos=(-27.3,3.2) obj=q2_boat_wood hour=11.2
nav 487s 迂回: 45度でも進めない → 90度に広げる
nav 488s 迂回おわり: 時間切れ(7.2m)。直進を試す
nav 490s 迂回はじめ: (-30.0,-4.0)へ 7.2m で足ぶみ → 45度 左まわり(8秒まで)
nav 498s 迂回はじめ: (-30.0,-4.0)へ 7.2m で足ぶみ → 45度 左まわり(24秒まで)
nav 501s 迂回: 45度でも進めない → 90度に広げる
nav 503s 迂回: 逆まわり(右)へ
hb 505s pos=(-30.0,3.2) obj=q2_boat_wood hour=12.0
nav 506s 迂回: 45度でも進めない → 90度に広げる
nav 507s 迂回: 両がわ詰まり → いったん下がる
nav 510s 迂回: 両がわ詰まり → いったん下がる
nav 514s 迂回: 両がわ詰まり → いったん下がる
nav 518s 迂回: 両がわ詰まり → いったん下がる
nav 521s 迂回: 両がわ詰まり → いったん下がる
nav 523s 迂回おわり: 時間切れ(7.2m)。直進を試す
hb 525s pos=(-29.9,3.2) obj=q2_boat_wood hour=12.8
nav 525s 迂回はじめ: (-30.0,-4.0)へ 7.2m で足ぶみ → 45度 左まわり(24秒まで)
nav 528s 迂回: 45度でも進めない → 90度に広げる
nav 530s 迂回: 逆まわり(右)へ
nav 532s 迂回: 45度でも進めない → 90度に広げる
nav 534s 迂回: 両がわ詰まり → いったん下がる
nav 537s 迂回: 両がわ詰まり → いったん下がる
nav 540s 迂回: 両がわ詰まり → いったん下がる
hb 545s pos=(-30.9,3.2) obj=q2_boat_wood hour=13.6
nav 545s 迂回: 両がわ詰まり → いったん下がる
nav 548s 迂回: 両がわ詰まり → いったん下がる
nav 549s 迂回おわり: 時間切れ(7.2m)。直進を試す
nav 552s 迂回はじめ: (-30.0,-4.0)へ 7.2m で足ぶみ → 45度 左まわり(13秒まで)
nav 555s 迂回: 45度でも進めない → 90度に広げる
nav 557s 迂回: 逆まわり(右)へ
nav 560s 迂回: 45度でも進めない → 90度に広げる
nav 561s 迂回: 両がわ詰まり → いったん下がる
nav 564s 迂回: 両がわ詰まり → いったん下がる
hb 565s pos=(-30.7,4.2) obj=q2_boat_wood hour=14.4
nav 566s 迂回おわり: 時間切れ(7.2m)。直進を試す
nav 569s 迂回はじめ: (-30.0,-4.0)へ 7.2m で足ぶみ → 45度 左まわり(8秒まで)
nav 572s 迂回: 45度でも進めない → 90度に広げる
nav 573s 迂回: 逆まわり(右)へ
nav 576s 迂回: 45度でも進めない → 90度に広げる
nav 577s 迂回おわり: 時間切れ(7.2m)。直進を試す
nav 580s 迂回はじめ: (-30.0,-4.0)へ 7.2m で足ぶみ → 45度 左まわり(8秒まで)
nav 583s 迂回: 45度でも進めない → 90度に広げる
nav 584s 迂回: 逆まわり(右)へ
hb 585s pos=(-25.4,3.2) obj=q2_boat_wood hour=15.2
nav 592s 迂回はじめ: (-30.0,-4.0)へ 7.2m で足ぶみ → 45度 左まわり(24秒まで)
nav 594s 迂回: 45度でも進めない → 90度に広げる
nav 596s 迂回: 逆まわり(右)へ
nav 599s 迂回: 45度でも進めない → 90度に広げる
nav 600s 迂回: 両がわ詰まり → いったん下がる
nav 604s 迂回: 両がわ詰まり → いったん下がる
hb 605s pos=(-30.6,4.5) obj=q2_boat_wood hour=16.0
nav 607s 迂回: 両がわ詰まり → いったん下がる
nav 611s 迂回: 両がわ詰まり → いったん下がる
nav 615s 迂回: 両がわ詰まり → いったん下がる
nav 616s 迂回おわり: 時間切れ(7.2m)。直進を試す
nav 618s 迂回はじめ: (-30.0,-4.0)へ 7.2m で足ぶみ → 45度 左まわり(24秒まで)
nav 620s 迂回: 45度でも進めない → 90度に広げる
nav 623s 迂回: 逆まわり(右)へ
hb 625s pos=(-30.8,3.2) obj=q2_boat_wood hour=16.8
nav 625s 迂回: 45度でも進めない → 90度に広げる
nav 627s 迂回: 両がわ詰まり → いったん下がる
nav 631s 迂回: 両がわ詰まり → いったん下がる
nav 634s 迂回: 両がわ詰まり → いったん下がる
nav 638s 迂回: 両がわ詰まり → いったん下がる
nav 641s 迂回: 両がわ詰まり → いったん下がる
nav 643s 迂回おわり: 時間切れ(7.2m)。直進を試す
hb 645s pos=(-30.0,3.2) obj=q2_boat_wood hour=17.6
nav 645s 迂回はじめ: (-30.0,-4.0)へ 7.2m で足ぶみ → 45度 左まわり(13秒まで)
nav 648s 迂回: 45度でも進めない → 90度に広げる
nav 650s 迂回: 逆まわり(右)へ
nav 653s 迂回: 45度でも進めない → 90度に広げる
nav 654s 迂回: 両がわ詰まり → いったん下がる
nav 657s 迂回: 両がわ詰まり → いったん下がる
nav 659s 迂回おわり: 時間切れ(7.2m)。直進を試す
nav 662s 迂回はじめ: (-30.0,-4.0)へ 7.2m で足ぶみ → 45度 左まわり(8秒まで)
nav 665s 迂回: 45度でも進めない → 90度に広げる
hb 665s pos=(-25.7,3.2) obj=q2_boat_wood hour=18.4
nav 666s 迂回: 逆まわり(右)へ
nav 669s 迂回: 45度でも進めない → 90度に広げる
nav 670s 迂回おわり: 時間切れ(7.2m)。直進を試す
nav 673s 迂回はじめ: (-30.0,-4.0)へ 7.2m で足ぶみ → 45度 左まわり(8秒まで)
nav 676s 迂回: 45度でも進めない → 90度に広げる
nav 677s 迂回: 逆まわり(右)へ
nav 684s 迂回はじめ: (-30.0,-4.0)へ 7.2m で足ぶみ → 45度 左まわり(24秒まで)
hb 685s pos=(-29.4,3.2) obj=q2_boat_wood hour=19.2
nav 687s 迂回: 45度でも進めない → 90度に広げる
nav 689s 迂回: 逆まわり(右)へ
nav 692s 迂回: 45度でも進めない → 90度に広げる
nav 693s 迂回: 両がわ詰まり → いったん下がる
nav 696s 迂回: 両がわ詰まり → いったん下がる
nav 700s 迂回: 両がわ詰まり → いったん下がる
nav 704s 迂回: 両がわ詰まり → いったん下がる
hb 705s pos=(-30.6,4.3) obj=q2_boat_wood hour=20.0
nav 708s 迂回: 両がわ詰まり → いったん下がる
nav 709s 迂回おわり: 時間切れ(7.2m)。直進を試す
nav 711s 迂回はじめ: (-30.0,-4.0)へ 7.2m で足ぶみ → 45度 左まわり(24秒まで)
nav 714s 迂回: 45度でも進めない → 90度に広げる
nav 716s 迂回: 逆まわり(右)へ
nav 719s 迂回: 45度でも進めない → 90度に広げる
nav 720s 迂回: 両がわ詰まり → いったん下がる
nav 723s 迂回: 両がわ詰まり → いったん下がる
hb 725s pos=(-30.7,4.0) obj=q2_boat_wood hour=20.8
nav 727s 迂回: 両がわ詰まり → いったん下がる
nav 731s 迂回: 両がわ詰まり → いったん下がる
nav 735s 迂回: 両がわ詰まり → いったん下がる
nav 735s 迂回おわり: 時間切れ(7.2m)。直進を試す
nav 738s 迂回はじめ: (-30.0,-4.0)へ 7.2m で足ぶみ → 45度 左まわり(13秒まで)
nav 740s 迂回: 45度でも進めない → 90度に広げる
nav 743s 迂回: 逆まわり(右)へ
hb 745s pos=(-30.9,3.2) obj=q2_boat_wood hour=21.6
nav 745s 迂回: 45度でも進めない → 90度に広げる
nav 746s 迂回: 両がわ詰まり → いったん下がる
nav 750s 迂回: 両がわ詰まり → いったん下がる
nav 752s 迂回おわり: 時間切れ(7.2m)。直進を試す
nav 754s 迂回はじめ: (-30.0,-4.0)へ 7.2m で足ぶみ → 45度 左まわり(8秒まで)
nav 757s 迂回: 45度でも進めない → 90度に広げる
nav 759s 迂回: 逆まわり(右)へ
nav 762s 迂回: 45度でも進めない → 90度に広げる
nav 763s 迂回おわり: 時間切れ(7.2m)。直進を試す
hb 765s pos=(-30.1,3.2) obj=q2_boat_wood hour=22.4
nav 765s 迂回はじめ: (-30.0,-4.0)へ 7.2m で足ぶみ → 45度 左まわり(8秒まで)
nav 768s 迂回: 45度でも進めない → 90度に広げる
nav 770s 迂回: 逆まわり(右)へ
nav 777s 迂回はじめ: (-30.0,-4.0)へ 7.2m で足ぶみ → 45度 左まわり(24秒まで)
nav 780s 迂回: 45度でも進めない → 90度に広げる
nav 782s 迂回: 逆まわり(右)へ
nav 785s 迂回: 45度でも進めない → 90度に広げる
hb 785s pos=(-30.9,3.2) obj=q2_boat_wood hour=23.2
nav 786s 迂回: 両がわ詰まり → いったん下がる
nav 790s 迂回: 両がわ詰まり → いったん下がる
nav 794s 迂回: 両がわ詰まり → いったん下がる
nav 798s 迂回: 両がわ詰まり → いったん下がる
nav 802s 迂回おわり: 時間切れ(7.2m)。直進を試す
nav 805s 迂回はじめ: (-30.0,-4.0)へ 7.2m で足ぶみ → 45度 左まわり(24秒まで)
hb 805s pos=(-29.9,3.2) obj=q2_boat_wood hour=0.0
nav 807s 迂回: 45度でも進めない → 90度に広げる
nav 809s 迂回: 逆まわり(右)へ
nav 812s 迂回: 45度でも進めない → 90度に広げる
nav 813s 迂回: 両がわ詰まり → いったん下がる
nav 817s 迂回: 両がわ詰まり → いったん下がる
nav 821s 迂回: 両がわ詰まり → いったん下がる
hb 825s pos=(-30.9,3.2) obj=q2_boat_wood hour=0.8
nav 825s 迂回: 両がわ詰まり → いったん下がる
nav 829s 迂回おわり: 時間切れ(7.2m)。直進を試す
nav 831s 迂回はじめ: (-30.0,-4.0)へ 7.2m で足ぶみ → 45度 左まわり(13秒まで)
nav 834s 迂回: 45度でも進めない → 90度に広げる
nav 836s 迂回: 逆まわり(右)へ
nav 839s 迂回: 45度でも進めない → 90度に広げる
nav 840s 迂回: 両がわ詰まり → いったん下がる
nav 843s 迂回: 両がわ詰まり → いったん下がる
hb 845s pos=(-30.7,3.9) obj=q2_boat_wood hour=1.6
nav 845s 迂回おわり: 時間切れ(7.2m)。直進を試す
nav 848s 迂回はじめ: (-30.0,-4.0)へ 7.2m で足ぶみ → 45度 左まわり(8秒まで)
nav 850s 迂回: 45度でも進めない → 90度に広げる
nav 852s 迂回: 逆まわり(右)へ
nav 855s 迂回: 45度でも進めない → 90度に広げる
nav 856s 迂回おわり: 時間切れ(7.2m)。直進を試す
nav 859s 迂回はじめ: (-30.0,-4.0)へ 7.2m で足ぶみ → 45度 左まわり(8秒まで)
nav 862s 迂回: 45度でも進めない → 90度に広げる
nav 863s 迂回: 逆まわり(右)へ
hb 865s pos=(-29.5,3.2) obj=q2_boat_wood hour=2.4
nav 870s 迂回はじめ: (-30.0,-4.0)へ 7.2m で足ぶみ → 45度 左まわり(24秒まで)
nav 873s 迂回: 45度でも進めない → 90度に広げる
nav 875s 迂回: 逆まわり(右)へ
nav 878s 迂回: 45度でも進めない → 90度に広げる
nav 879s 迂回: 両がわ詰まり → いったん下がる
nav 882s 迂回: 両がわ詰まり → いったん下がる
hb 885s pos=(-30.9,3.2) obj=q2_boat_wood hour=3.2
nav 886s 迂回: 両がわ詰まり → いったん下がる
nav 890s 迂回: 両がわ詰まり → いったん下がる
nav 894s 迂回: 両がわ詰まり → いったん下がる
nav 895s 迂回おわり: 時間切れ(7.2m)。直進を試す
nav 898s 迂回はじめ: (-30.0,-4.0)へ 7.2m で足ぶみ → 45度 左まわり(24秒まで)
nav 900s 迂回: 45度でも進めない → 90度に広げる
nav 902s 迂回: 逆まわり(右)へ
hb 905s pos=(-30.9,3.2) obj=q2_boat_wood hour=4.0
nav 905s 迂回: 45度でも進めない → 90度に広げる
nav 906s 迂回: 両がわ詰まり → いったん下がる
nav 910s 迂回: 両がわ詰まり → いったん下がる
nav 914s 迂回: 両がわ詰まり → いったん下がる
nav 918s 迂回: 両がわ詰まり → いったん下がる
nav 922s 迂回おわり: 時間切れ(7.2m)。直進を試す
hb 925s pos=(-30.2,3.2) obj=q2_boat_wood hour=4.8
nav 925s 迂回はじめ: (-30.0,-4.0)へ 7.2m で足ぶみ → 45度 左まわり(13秒まで)
nav 928s 迂回: 45度でも進めない → 90度に広げる
nav 929s 迂回: 逆まわり(右)へ
nav 932s 迂回: 45度でも進めない → 90度に広げる
nav 933s 迂回: 両がわ詰まり → いったん下がる
nav 937s 迂回: 両がわ詰まり → いったん下がる
nav 938s 迂回おわり: 時間切れ(7.2m)。直進を試す
nav 941s 迂回はじめ: (-30.0,-4.0)へ 7.2m で足ぶみ → 45度 左まわり(8秒まで)
nav 944s 迂回: 45度でも進めない → 90度に広げる
hb 945s pos=(-24.8,3.2) obj=q2_boat_wood hour=5.6
nav 946s 迂回: 逆まわり(右)へ
nav 948s 迂回: 45度でも進めない → 90度に広げる
nav 949s 迂回おわり: 時間切れ(7.2m)。直進を試す
nav 952s 迂回はじめ: (-30.0,-4.0)へ 7.2m で足ぶみ → 45度 左まわり(8秒まで)
nav 955s 迂回: 45度でも進めない → 90度に広げる
nav 957s 迂回: 逆まわり(右)へ
nav 963s 迂回はじめ: (-30.0,-4.0)へ 7.2m で足ぶみ → 45度 左まわり(24秒まで)
hb 965s pos=(-26.5,3.2) obj=q2_boat_wood hour=6.4
nav 966s 迂回: 45度でも進めない → 90度に広げる
nav 968s 迂回: 逆まわり(右)へ
nav 971s 迂回: 45度でも進めない → 90度に広げる
nav 972s 迂回: 両がわ詰まり → いったん下がる
nav 976s 迂回: 両がわ詰まり → いったん下がる
nav 980s 迂回: 両がわ詰まり → いったん下がる
nav 983s 迂回: 両がわ詰まり → いったん下がる
hb 985s pos=(-30.7,3.9) obj=q2_boat_wood hour=7.2
nav 987s 迂回: 両がわ詰まり → いったん下がる
nav 988s 迂回おわり: 時間切れ(7.2m)。直進を試す
nav 990s 迂回はじめ: (-30.0,-4.0)へ 7.2m で足ぶみ → 45度 左まわり(24秒まで)
nav 993s 迂回: 45度でも進めない → 90度に広げる
nav 995s 迂回: 逆まわり(右)へ
nav 998s 迂回: 45度でも進めない → 90度に広げる
nav 999s 迂回: 両がわ詰まり → いったん下がる
nav 1002s 迂回: 両がわ詰まり → いったん下がる
hb 1005s pos=(-30.8,3.2) obj=q2_boat_wood hour=8.0
nav 1006s 迂回: 両がわ詰まり → いったん下がる
nav 1010s 迂回: 両がわ詰まり → いったん下がる
nav 1014s 迂回: 両がわ詰まり → いったん下がる
nav 1015s 迂回おわり: 時間切れ(7.2m)。直進を試す
nav 1018s 迂回はじめ: (-30.0,-4.0)へ 7.2m で足ぶみ → 45度 左まわり(13秒まで)
nav 1020s 迂回: 45度でも進めない → 90度に広げる
nav 1022s 迂回: 逆まわり(右)へ
hb 1025s pos=(-30.9,3.2) obj=q2_boat_wood hour=8.8
nav 1025s 迂回: 45度でも進めない → 90度に広げる
nav 1026s 迂回: 両がわ詰まり → いったん下がる
nav 1029s 迂回: 両がわ詰まり → いったん下がる
nav 1031s 迂回おわり: 時間切れ(7.2m)。直進を試す
nav 1034s 迂回はじめ: (-30.0,-4.0)へ 7.2m で足ぶみ → 45度 左まわり(8秒まで)
nav 1037s 迂回: 45度でも進めない → 90度に広げる
nav 1039s 迂回: 逆まわり(右)へ
nav 1041s 迂回: 45度でも進めない → 90度に広げる
nav 1042s 迂回おわり: 時間切れ(7.2m)。直進を試す
hb 1045s pos=(-30.2,3.2) obj=q2_boat_wood hour=9.6
nav 1045s 迂回はじめ: (-30.0,-4.0)へ 7.2m で足ぶみ → 45度 左まわり(8秒まで)
nav 1048s 迂回: 45度でも進めない → 90度に広げる
nav 1050s 迂回: 逆まわり(右)へ
nav 1056s 迂回はじめ: (-30.0,-4.0)へ 7.2m で足ぶみ → 45度 左まわり(24秒まで)
nav 1059s 迂回: 45度でも進めない → 90度に広げる
nav 1060s 迂回: 逆まわり(右)へ
nav 1063s 迂回: 45度でも進めない → 90度に広げる
nav 1064s 迂回: 両がわ詰まり → いったん下がる
hb 1065s pos=(-30.7,4.1) obj=q2_boat_wood hour=10.4
nav 1068s 迂回: 両がわ詰まり → いったん下がる
nav 1072s 迂回: 両がわ詰まり → いったん下がる
nav 1076s 迂回: 両がわ詰まり → いったん下がる
nav 1080s 迂回おわり: 時間切れ(7.2m)。直進を試す
nav 1083s 迂回はじめ: (-30.0,-4.0)へ 7.2m で足ぶみ → 45度 左まわり(24秒まで)
hb 1085s pos=(-25.8,3.2) obj=q2_boat_wood hour=11.2
nav 1086s 迂回: 45度でも進めない → 90度に広げる
nav 1087s 迂回: 逆まわり(右)へ
nav 1090s 迂回: 45度でも進めない → 90度に広げる
nav 1091s 迂回: 両がわ詰まり → いったん下がる
nav 1095s 迂回: 両がわ詰まり → いったん下がる
nav 1098s 迂回: 両がわ詰まり → いったん下がる
nav 1101s 迂回: 両がわ詰まり → いったん下がる
nav 1104s 迂回: 両がわ詰まり → いったん下がる
hb 1105s pos=(-30.7,3.8) obj=q2_boat_wood hour=12.0
nav 1107s 迂回おわり: 時間切れ(7.2m)。直進を試す
nav 1110s 迂回はじめ: (-30.0,-4.0)へ 7.2m で足ぶみ → 45度 左まわり(13秒まで)
nav 1113s 迂回: 45度でも進めない → 90度に広げる
nav 1114s 迂回: 逆まわり(右)へ
nav 1117s 迂回: 45度でも進めない → 90度に広げる
nav 1118s 迂回: 両がわ詰まり → いったん下がる
nav 1122s 迂回: 両がわ詰まり → いったん下がる
nav 1124s 迂回おわり: 時間切れ(7.2m)。直進を試す
hb 1125s pos=(-30.0,3.2) obj=q2_boat_wood hour=12.8
nav 1126s 迂回はじめ: (-30.0,-4.0)へ 7.2m で足ぶみ → 45度 左まわり(8秒まで)
nav 1129s 迂回: 45度でも進めない → 90度に広げる
nav 1131s 迂回: 逆まわり(右)へ
nav 1134s 迂回: 45度でも進めない → 90度に広げる
nav 1135s 迂回おわり: 時間切れ(7.2m)。直進を試す
nav 1137s 迂回はじめ: (-30.0,-4.0)へ 7.2m で足ぶみ → 45度 左まわり(8秒まで)
nav 1140s 迂回: 45度でも進めない → 90度に広げる
nav 1142s 迂回: 逆まわり(右)へ
hb 1145s pos=(-30.5,3.2) obj=q2_boat_wood hour=13.6
BOT FAILED: watchdog: 目標 q2_boat_wood が12分間進まない
