snap mio_normal
snap mio_smile
snap mio_surprised
snap mio_sad
snap minamo_normal
snap minamo_smile
snap minamo_surprised
snap minamo_sad
snap nokto_normal
snap nokto_smile
snap nokto_surprised
snap nokto_sad
snap tsumugi_normal
snap tsumugi_smile
snap tsumugi_surprised
snap tsumugi_sad
snap roka_normal
snap roka_smile
snap roka_surprised
snap roka_sad
snap ten_normal
snap ten_smile
snap ten_surprised
snap ten_sad
snap lineup_normal
snap lineup_smile
snap lineup_surprised
snap lineup_sad
console errors: 0
