はれの日: day=2
  01_night_island    よるの島(星空)                 day=2 hour=22.08 天気=0 星=1 雲=0 月相=2(0.5) 出ている空=3/4
  02_day_island      ひるの島(雲)                  day=2 hour=11.06 天気=0 星=0 雲=1 月相=2(0.5) 出ている空=2/4
  03_evening         ゆうがた(茜の雲)                day=2 hour=17.56 天気=0 星=0 雲=1 月相=2(0.5) 出ている空=2/4
  04_dawn            あさやけ(変わっていないこと)          day=2 hour=6.06 天気=0 星=0 雲=1 月相=2(0.5) 出ている空=2/4
  05_dusk            くれかけ(星が出はじめる)            day=2 hour=19.26 天気=0 星=0.41 雲=0.59 月相=2(0.5) 出ている空=4/4
  06_moon_crescent   つき 三日月(day%8=1)          day=17 hour=23.06 天気=0 星=1 雲=0 月相=1(0.15) 出ている空=3/4
  07_moon_full       つき 満月(day%8=4)           day=4 hour=23.06 天気=0 星=1 雲=0 月相=4(1) 出ている空=3/4
  08_moon_waning     つき 下弦(day%8=6)           day=6 hour=23.06 天気=0 星=1 雲=0 月相=6(0.5) 出ている空=3/4
  09_cove_night      いりえのよる(同じ空)              day=2 hour=22.16 天気=0 星=1 雲=0 月相=2(0.5) 出ている空=3/4
  10_market_night    いちば島のよる(同じ空)             day=2 hour=21.15 天気=0 星=1 雲=0 月相=2(0.5) 出ている空=3/4
  11_festival_night  ほしまつりのよる                 day=7 hour=19.79 天気=0 星=0.744 雲=0.256 月相=7(0.15) 出ている空=4/4
  まつりのかざり: true
  12_home_night      へやのなか(よる)                day=2 hour=21.2 天気=0 星=1 雲=0 月相=2(0.5) 出ている空=3/4
  13_milkyway        あまのがわ(見あげた空)             day=2 hour=23.07 天気=0 星=1 雲=0 月相=2(0.5) 出ている空=3/4
  ビネット実測: 下の2すみ 3.3% / 3.3%(これがビネット単体) 上の2すみ 10.3% / 10.3%(空のグラデーションこみ)
  空の費用(CPU): DayNight.update 1回 0.001ms → 0.032ms (空のぶん 0.031ms) = 1秒あたり 0.465ms

-> .logs/screenshots/v15_sky/ (13 組 = 26 枚)
-> .logs/screenshots/v15_sky/report.json
console errors: 0
