[01:49] タイトル表示
[01:56] ゲーム開始
[01:57] 目標表示: いまやること / WASDか矢印キーで あるいてみよう
[01:59] 目標表示: いまやること / ツムギの はなしを聞こう
[01:59] 進捗表示: → 3m
[02:01] 最初の会話が開いた
[02:02] 目標表示: いまやること / もくざいを あつめよう
[02:02] (1) 最初の依頼を受注できた
[02:02] 進捗表示: 0 / 5　→ 19m
[02:03] 進捗表示: 0 / 5　→ 17m
[02:04] 進捗表示: 0 / 5　→ 16m
[02:07] 進捗表示: 0 / 5　→ 17m
[02:09] 進捗表示: 0 / 5　→ 16m
[02:10] 進捗表示: 0 / 5　→ 15m
[02:13] 進捗表示: 0 / 5　→ 16m
[02:15] 進捗表示: 0 / 5　→ 13m
[02:16] 進捗表示: 0 / 5　→ 11m
[02:17] 進捗表示: 0 / 5　→ 7m
[02:18] 進捗表示: 0 / 5　→ 6m
[02:19] 進捗表示: 0 / 5　→ 3m
[02:19] 進捗表示: 0 / 5
[02:19] 目的地に着いたのに採取のヒントが出ない → 渦巻きで探す(もくざいを あつめよう / 0 / 5)
[02:24] 進捗表示: 1 / 5　→ 18m
[02:26] 進捗表示: 1 / 5　→ 16m
[02:29] 進捗表示: 1 / 5　→ 17m
[02:31] 進捗表示: 1 / 5　→ 16m
[02:34] 進捗表示: 1 / 5　→ 17m
[02:35] 進捗表示: 1 / 5　→ 16m
[02:36] 進捗表示: 1 / 5　→ 14m
[02:37] 進捗表示: 1 / 5　→ 11m
[02:38] 進捗表示: 1 / 5　→ 9m
[02:38] 進捗表示: 1 / 5　→ 7m
[02:47] 進捗表示: 1 / 5　→ 9m
[02:50] 進捗表示: 1 / 5　→ 7m
[02:58] 進捗表示: 1 / 5　→ 8m
[03:00] 進捗表示: 1 / 5　→ 9m
[03:02] 進捗表示: 1 / 5　→ 7m
[03:05] 停滞: もくざいを あつめよう / 1 / 5　→ 7m / ヒント: → 逆まわりで回りこむ
[03:07] 進捗表示: 1 / 5　→ 9m
[03:09] 進捗表示: 1 / 5　→ 7m
[03:17] 進捗表示: 1 / 5　→ 5m
[03:19] 進捗表示: 1 / 5　→ 3m
[03:19] 進捗表示: 1 / 5
[03:21] 進捗表示: 2 / 5　→ 10m
[03:22] 進捗表示: 2 / 5　→ 8m
[03:23] 進捗表示: 2 / 5　→ 5m
[03:23] 進捗表示: 2 / 5　→ 3m
[03:24] 進捗表示: 2 / 5
[03:26] 進捗表示: 3 / 5　→ 20m
[03:26] 進捗表示: 3 / 5　→ 18m
[03:27] 進捗表示: 3 / 5　→ 16m
[03:29] 進捗表示: 3 / 5　→ 13m
[03:30] 進捗表示: 3 / 5　→ 12m
[03:35] 進捗表示: 3 / 5　→ 13m
[03:37] 進捗表示: 3 / 5　→ 12m
[03:39] 進捗表示: 3 / 5　→ 10m
[03:40] 進捗表示: 3 / 5　→ 7m
[03:43] 進捗表示: 3 / 5　→ 4m
[03:44] 進捗表示: 3 / 5　→ 3m
[03:45] 進捗表示: 3 / 5
[03:46] 目標表示: できた! / ツムギに ほうこくしよう
[03:46] (2) 木材5つを集めきった
[03:46] 進捗表示: → 26m
[03:47] 進捗表示: → 24m
[03:48] 進捗表示: → 22m
[03:49] 進捗表示: → 20m
[03:50] 進捗表示: → 17m
[03:51] 進捗表示: → 14m
[03:52] 進捗表示: → 12m
[03:53] 進捗表示: → 9m
[03:54] 進捗表示: → 6m
[03:55] 進捗表示: → 4m
[03:56] 進捗表示: → 2m
[03:59] 目標表示: いまやること / ミナモの はなしを聞こう
[03:59] (3) ツムギへの報告が終わった
[03:59] 進捗表示: → 31m
[04:00] 進捗表示: → 29m
[04:01] 進捗表示: → 26m
[04:02] 進捗表示: → 24m
[04:02] 進捗表示: → 21m
[04:03] 進捗表示: → 19m
[04:04] 進捗表示: → 17m
[04:05] 進捗表示: → 14m
[04:06] 進捗表示: → 11m
[04:08] 進捗表示: → 14m
[04:10] 進捗表示: → 9m
[04:12] 進捗表示: → 6m
[04:14] 進捗表示: → 3m
[04:17] 目標表示: いまやること / もくざいを あつめよう
[04:17] (4) つぎの依頼を受注できた
[04:17] 進捗表示: 0 / 2　→ 15m
[04:18] 進捗表示: 0 / 2　→ 13m
[04:19] 進捗表示: 0 / 2　→ 10m
[04:20] 進捗表示: 0 / 2　→ 8m
[04:21] 進捗表示: 0 / 2　→ 6m
[04:21] 進捗表示: 0 / 2　→ 3m
[04:22] 進捗表示: 0 / 2　→ 2m
[04:24] 目標表示: いまやること / いしを あつめよう
[04:24] 進捗表示: 0 / 1　→ 10m
[04:26] 進捗表示: 0 / 1　→ 7m
[04:28] 進捗表示: 0 / 1　→ 3m
[04:29] 進捗表示: 0 / 1
[04:31] 目標表示: いまやること / ざいりょうが そろったよ! Cで カマを作ろう
[04:31] (5) クラフトの素材がそろった
[04:31] クラフト操作: カマ → ok
[04:31] (6) 初クラフトができた
[04:32] 目標表示: いまやること / もくざいを あつめよう
[04:32] 進捗表示: 0 / 2　→ 38m
[04:33] 進捗表示: 0 / 2　→ 36m
[04:34] 進捗表示: 0 / 2　→ 33m
[04:35] 進捗表示: 0 / 2　→ 31m
[04:35] 進捗表示: 0 / 2　→ 29m
[04:36] 進捗表示: 0 / 2　→ 26m
[04:37] 進捗表示: 0 / 2　→ 24m
[04:38] 進捗表示: 0 / 2　→ 21m
[04:39] 進捗表示: 0 / 2　→ 18m
[04:40] 進捗表示: 0 / 2　→ 16m
[04:40] 進捗表示: 0 / 2　→ 13m
[04:41] 進捗表示: 0 / 2　→ 10m
[04:44] 進捗表示: 0 / 2　→ 5m
[04:46] 進捗表示: 0 / 2
[04:47] 目標表示: いまやること / クサツルを あつめよう
[04:47] 進捗表示: 0 / 2　→ 5m
[04:48] 進捗表示: 0 / 2　→ 3m
[04:49] 進捗表示: 0 / 2
[04:50] 目標表示: いまやること / ざいりょうが そろったよ! Cで ツリザオを作ろう
[04:51] クラフト操作: ツリザオ → ok
[04:52] 目標表示: いまやること / 桟橋で サカナをつろう
[04:52] 進捗表示: 0 / 1　→ 49m
[04:53] 進捗表示: 0 / 1　→ 47m
[04:54] 進捗表示: 0 / 1　→ 44m
[04:54] 進捗表示: 0 / 1　→ 42m
[04:55] 進捗表示: 0 / 1　→ 39m
[04:57] 進捗表示: 0 / 1　→ 36m
[04:58] 進捗表示: 0 / 1　→ 32m
[04:59] 進捗表示: 0 / 1　→ 30m
[05:00] 進捗表示: 0 / 1　→ 27m
[05:01] 進捗表示: 0 / 1　→ 25m
[05:02] 進捗表示: 0 / 1　→ 22m
[05:03] 進捗表示: 0 / 1　→ 19m
[05:03] 進捗表示: 0 / 1　→ 16m
[05:04] 進捗表示: 0 / 1　→ 14m
[05:05] 進捗表示: 0 / 1　→ 11m
[05:09] 進捗表示: 0 / 1　→ 10m
[05:12] 進捗表示: 0 / 1　→ 8m
[05:13] 進捗表示: 0 / 1　→ 5m
[05:13] 進捗表示: 0 / 1　→ 3m
[05:14] 進捗表示: 0 / 1
[05:18] 目標表示: できた! / ミナモに ほうこくしよう
[05:18] 進捗表示: → 40m
[05:20] 進捗表示: → 38m
[05:20] 進捗表示: → 37m
[05:23] 進捗表示: → 34m
[05:26] 進捗表示: → 33m
[05:29] 進捗表示: → 30m
[05:30] 進捗表示: → 28m
[05:30] 進捗表示: → 25m
[05:31] 進捗表示: → 22m
[05:32] 進捗表示: → 19m
[05:33] 進捗表示: → 17m
[05:34] 進捗表示: → 14m
[05:35] 進捗表示: → 12m
[05:36] 進捗表示: → 10m
[05:42] 進捗表示: → 9m
[05:45] 進捗表示: → 8m
[05:51] 進捗表示: → 5m
[05:52] 進捗表示: → 3m
[05:54] 目標表示: いまやること / ノクトの はなしを聞こう
[05:54] 進捗表示: → 39m
[05:57] 進捗表示: → 35m
[05:58] 進捗表示: → 32m
[05:58] 進捗表示: → 30m
[05:59] 進捗表示: → 27m
[06:00] 進捗表示: → 24m
[06:01] 進捗表示: → 22m
[06:02] 進捗表示: → 19m
[06:02] 進捗表示: → 16m
[06:03] 進捗表示: → 13m
[06:04] 進捗表示: → 11m
[06:05] 進捗表示: → 8m
[06:06] 進捗表示: → 6m
[06:06] 進捗表示: → 3m
[06:09] 目標表示: いまやること / 高台で こうせきをほろう
[06:09] 進捗表示: 0 / 3　→ 6m
[06:10] 進捗表示: 0 / 3　→ 4m
[06:11] 進捗表示: 0 / 3
[06:12] 進捗表示: 1 / 3　→ 3m
[06:13] 進捗表示: 1 / 3
[06:15] 進捗表示: 2 / 3　→ 7m
[06:15] 進捗表示: 2 / 3　→ 6m
[06:16] 進捗表示: 2 / 3　→ 3m
[06:17] 進捗表示: 2 / 3
[06:19] 目標表示: できた! / ノクトに ほうこくしよう
[06:19] 進捗表示: → 10m
[06:19] 進捗表示: → 8m
[06:23] 進捗表示: → 6m
[06:24] 進捗表示: → 3m
[06:28] 目標表示: いまやること / ツムギの はなしを聞こう
[06:28] 進捗表示: → 42m
[06:30] 進捗表示: → 39m
[06:31] 進捗表示: → 38m
[06:33] 進捗表示: → 34m
[06:35] 進捗表示: → 31m
[06:36] 進捗表示: → 28m
[06:37] 進捗表示: → 26m
[06:38] 進捗表示: → 23m
[06:39] 進捗表示: → 20m
[06:40] 進捗表示: → 18m
[06:41] 進捗表示: → 15m
[06:42] 進捗表示: → 12m
[06:42] 進捗表示: → 9m
[06:43] 進捗表示: → 7m
[06:44] 進捗表示: → 4m
[06:45] 進捗表示: → 2m
[06:48] 目標表示: いまやること / もくざいを あつめよう
[06:48] 進捗表示: 0 / 1　→ 19m
[06:49] 進捗表示: 0 / 1　→ 17m
[06:50] 進捗表示: 0 / 1　→ 16m
[06:56] 進捗表示: 0 / 1　→ 17m
[06:58] 進捗表示: 0 / 1　→ 20m
[06:59] 進捗表示: 0 / 1　→ 18m
[07:02] 進捗表示: 0 / 1　→ 15m
[07:03] 進捗表示: 0 / 1　→ 12m
[07:04] 進捗表示: 0 / 1　→ 10m
[07:05] 進捗表示: 0 / 1　→ 7m
[07:06] 進捗表示: 0 / 1　→ 4m
[07:07] 進捗表示: 0 / 1　→ 2m
[07:08] 目標表示: いまやること / ヒカリゴケを あつめよう
[07:08] 進捗表示: 0 / 2　→ 35m
[07:09] 進捗表示: 0 / 2　→ 34m
[07:12] 進捗表示: 0 / 2　→ 33m
[07:13] 進捗表示: 0 / 2　→ 30m
[07:14] 進捗表示: 0 / 2　→ 28m
[07:15] 進捗表示: 0 / 2　→ 25m
[07:16] 進捗表示: 0 / 2　→ 22m
[07:17] 進捗表示: 0 / 2　→ 19m
[07:18] 進捗表示: 0 / 2　→ 16m
[07:19] 進捗表示: 0 / 2　→ 14m
[07:20] 進捗表示: 0 / 2　→ 11m
[07:20] 進捗表示: 0 / 2　→ 8m
[07:21] 進捗表示: 0 / 2　→ 5m
[07:22] 進捗表示: 0 / 2　→ 3m
[07:23] 進捗表示: 0 / 2
[07:24] 進捗表示: 1 / 2　→ 8m
[07:25] 進捗表示: 1 / 2　→ 6m
[07:26] 進捗表示: 1 / 2　→ 4m
[07:27] 進捗表示: 1 / 2
[07:29] 目標表示: いまやること / ざいりょうが そろったよ! Cで ランタンを作ろう
[07:29] クラフト操作: ランタン → ok
[07:30] 目標表示: いまやること / ランタンを 島に置こう(もちもの→おく)
[07:31] もちもの操作: おく → ランタン
[07:33] (7) 家具を島に置けた(ランタンを おいた)
[07:33] 目標表示: できた! / ツムギに ほうこくしよう
[07:33] (8) 配置後に目標が進んだ(配置を確認)
[07:33] 進捗表示: → 31m
RESULT {"result":"ok","totalSec":453,"errors":0,"flags":{"title":true,"firstTalk":true,"accepted":true,"gathered":true,"reported":true,"second":true,"materials":true,"crafted":true,"placed":true,"placeConfirmed":true}}
UX {"uxVerdict":"PASS","semanticMismatchCount":0,"refishDuringReportCount":0,"shopOpens":0,"stallCount":0}
ux exit=0
