[02:09] タイトル表示
[02:16] ゲーム開始
[02:18] 目標表示: いまやること / WASDか矢印キーで あるいてみよう
[02:19] 目標表示: いまやること / ツムギの はなしを聞こう
[02:19] 進捗表示: → 3m
[02:21] 最初の会話が開いた
[02:22] 目標表示: いまやること / もくざいを あつめよう
[02:22] (1) 最初の依頼を受注できた
[02:22] 進捗表示: 0 / 5　→ 19m
[02:23] 進捗表示: 0 / 5　→ 17m
[02:24] 進捗表示: 0 / 5　→ 16m
[02:27] 進捗表示: 0 / 5　→ 18m
[02:28] 進捗表示: 0 / 5　→ 17m
[02:29] 進捗表示: 0 / 5　→ 15m
[02:30] 進捗表示: 0 / 5　→ 13m
[02:31] 進捗表示: 0 / 5　→ 10m
[02:32] 進捗表示: 0 / 5　→ 8m
[02:33] 進捗表示: 0 / 5　→ 6m
[02:34] 進捗表示: 0 / 5　→ 3m
[02:34] 進捗表示: 0 / 5
[02:36] 進捗表示: 2 / 5　→ 11m
[02:37] 進捗表示: 2 / 5　→ 8m
[02:38] 進捗表示: 2 / 5　→ 5m
[02:39] 進捗表示: 2 / 5　→ 3m
[02:39] 進捗表示: 2 / 5
[02:41] 進捗表示: 4 / 5　→ 20m
[02:44] 進捗表示: 4 / 5　→ 19m
[02:46] 進捗表示: 4 / 5　→ 16m
[02:47] 進捗表示: 4 / 5　→ 14m
[02:48] 進捗表示: 4 / 5　→ 12m
[02:51] 進捗表示: 4 / 5　→ 11m
[02:52] 進捗表示: 4 / 5　→ 8m
[02:53] 進捗表示: 4 / 5　→ 5m
[02:53] 進捗表示: 4 / 5　→ 3m
[02:54] 進捗表示: 4 / 5
[02:56] 目標表示: できた! / ツムギに ほうこくしよう
[02:56] (2) 木材5つを集めきった
[02:56] 進捗表示: → 29m
[02:57] 進捗表示: → 27m
[02:58] 進捗表示: → 25m
[02:58] 進捗表示: → 21m
[02:59] 進捗表示: → 19m
[03:00] 進捗表示: → 16m
[03:01] 進捗表示: → 13m
[03:02] 進捗表示: → 10m
[03:03] 進捗表示: → 9m
[03:04] 進捗表示: → 8m
[03:05] 進捗表示: → 9m
[03:07] 進捗表示: → 10m
[03:08] 進捗表示: → 11m
[03:09] 進捗表示: → 12m
[03:10] 進捗表示: → 16m
[03:11] 進捗表示: → 13m
[03:12] 進捗表示: → 12m
[03:13] 進捗表示: → 11m
[03:14] 進捗表示: → 9m
[03:15] 進捗表示: → 5m
[03:16] 進捗表示: → 2m
[03:19] 目標表示: いまやること / ミナモの はなしを聞こう
[03:19] (3) ツムギへの報告が終わった
[03:19] 進捗表示: → 30m
[03:20] 進捗表示: → 27m
[03:21] 進捗表示: → 25m
[03:22] 進捗表示: → 22m
[03:23] 進捗表示: → 19m
[03:24] 進捗表示: → 16m
[03:25] 進捗表示: → 13m
[03:26] 進捗表示: → 10m
[03:27] 進捗表示: → 8m
[03:27] 進捗表示: → 5m
[03:28] 進捗表示: → 3m
[03:31] 目標表示: いまやること / もくざいを あつめよう
[03:31] (4) つぎの依頼を受注できた
[03:31] 進捗表示: 1 / 2　→ 13m
[03:32] 進捗表示: 1 / 2　→ 11m
[03:33] 進捗表示: 1 / 2　→ 9m
[03:34] 進捗表示: 1 / 2　→ 6m
[03:34] 進捗表示: 1 / 2　→ 3m
[03:35] 進捗表示: 1 / 2　→ 2m
[03:36] 進捗表示: 1 / 2　→ 4m
[03:37] 進捗表示: 1 / 2
[03:38] 目標表示: いまやること / いしを あつめよう
[03:38] 進捗表示: 0 / 1　→ 10m
[03:39] 進捗表示: 0 / 1　→ 8m
[03:40] 進捗表示: 0 / 1　→ 6m
[03:41] 進捗表示: 0 / 1　→ 4m
[03:42] 進捗表示: 0 / 1
[03:43] 目標表示: いまやること / ざいりょうが そろったよ! Cで カマを作ろう
[03:43] (5) クラフトの素材がそろった
[03:44] クラフト操作: カマ → ok
[03:44] (6) 初クラフトができた
[03:45] 目標表示: いまやること / もくざいを あつめよう
[03:45] 進捗表示: 0 / 2　→ 38m
[03:46] 進捗表示: 0 / 2　→ 36m
[03:46] 進捗表示: 0 / 2　→ 33m
[03:47] 進捗表示: 0 / 2　→ 31m
[03:48] 進捗表示: 0 / 2　→ 28m
[03:49] 進捗表示: 0 / 2　→ 26m
[03:50] 進捗表示: 0 / 2　→ 24m
[03:51] 進捗表示: 0 / 2　→ 21m
[03:51] 進捗表示: 0 / 2　→ 18m
[03:52] 進捗表示: 0 / 2　→ 16m
[03:53] 進捗表示: 0 / 2　→ 13m
[03:54] 進捗表示: 0 / 2　→ 10m
[03:55] 進捗表示: 0 / 2　→ 7m
[03:56] 進捗表示: 0 / 2　→ 5m
[03:57] 進捗表示: 0 / 2
[03:58] 目標表示: いまやること / クサツルを あつめよう
[03:58] 進捗表示: 0 / 2　→ 6m
[03:59] 進捗表示: 0 / 2　→ 4m
[04:00] 進捗表示: 0 / 2
[04:01] 目標表示: いまやること / ざいりょうが そろったよ! Cで ツリザオを作ろう
[04:02] クラフト操作: ツリザオ → ok
[04:03] 目標表示: いまやること / 桟橋で サカナをつろう
[04:03] 進捗表示: 0 / 1　→ 49m
[04:04] 進捗表示: 0 / 1　→ 46m
[04:04] 進捗表示: 0 / 1　→ 43m
[04:05] 進捗表示: 0 / 1　→ 41m
[04:06] 進捗表示: 0 / 1　→ 38m
[04:07] 進捗表示: 0 / 1　→ 35m
[04:08] 進捗表示: 0 / 1　→ 32m
[04:09] 進捗表示: 0 / 1　→ 29m
[04:10] 進捗表示: 0 / 1　→ 27m
[04:11] 進捗表示: 0 / 1　→ 24m
[04:11] 進捗表示: 0 / 1　→ 21m
[04:12] 進捗表示: 0 / 1　→ 18m
[04:13] 進捗表示: 0 / 1　→ 16m
[04:14] 進捗表示: 0 / 1　→ 13m
[04:15] 進捗表示: 0 / 1　→ 11m
[04:22] 進捗表示: 0 / 1　→ 10m
[04:23] 進捗表示: 0 / 1　→ 9m
[04:24] 進捗表示: 0 / 1　→ 11m
[04:25] 進捗表示: 0 / 1　→ 8m
[04:26] 進捗表示: 0 / 1　→ 10m
[04:27] 進捗表示: 0 / 1　→ 8m
[04:27] 進捗表示: 0 / 1　→ 11m
[04:28] 進捗表示: 0 / 1　→ 8m
[04:29] 進捗表示: 0 / 1　→ 11m
[04:30] 進捗表示: 0 / 1　→ 8m
[04:31] 進捗表示: 0 / 1　→ 11m
[04:32] 進捗表示: 0 / 1　→ 8m
[04:32] 進捗表示: 0 / 1　→ 11m
[04:33] 進捗表示: 0 / 1　→ 8m
[04:34] 進捗表示: 0 / 1　→ 10m
[04:35] 進捗表示: 0 / 1　→ 8m
[04:36] 進捗表示: 0 / 1　→ 10m
[04:36] 進捗表示: 0 / 1　→ 8m
[04:37] 進捗表示: 0 / 1　→ 5m
[04:38] 進捗表示: 0 / 1　→ 3m
[04:39] 進捗表示: 0 / 1
[04:44] 目標表示: できた! / ミナモに ほうこくしよう
[04:44] 進捗表示: → 41m
[04:45] 進捗表示: → 40m
[04:46] 進捗表示: → 38m
[04:48] 進捗表示: → 35m
[04:49] 進捗表示: → 34m
[04:52] 進捗表示: → 31m
[04:53] 進捗表示: → 29m
[04:54] 進捗表示: → 25m
[04:54] 進捗表示: → 23m
[04:55] 進捗表示: → 20m
[04:56] 進捗表示: → 17m
[04:57] 進捗表示: → 15m
[04:58] 進捗表示: → 12m
[04:59] 進捗表示: → 11m
[05:01] 進捗表示: → 10m
[05:03] 進捗表示: → 7m
[05:03] 進捗表示: → 4m
[05:06] 目標表示: いまやること / ノクトの はなしを聞こう
[05:06] 進捗表示: → 40m
[05:07] 進捗表示: → 38m
[05:08] 進捗表示: → 35m
[05:09] 進捗表示: → 32m
[05:09] 進捗表示: → 29m
[05:10] 進捗表示: → 27m
[05:11] 進捗表示: → 24m
[05:12] 進捗表示: → 21m
[05:13] 進捗表示: → 18m
[05:14] 進捗表示: → 15m
[05:15] 進捗表示: → 13m
[05:15] 進捗表示: → 10m
[05:16] 進捗表示: → 8m
[05:17] 進捗表示: → 5m
[05:18] 進捗表示: → 2m
[05:21] 目標表示: いまやること / 高台で こうせきをほろう
[05:21] 進捗表示: 0 / 3　→ 6m
[05:22] 進捗表示: 0 / 3　→ 5m
[05:23] 進捗表示: 0 / 3　→ 4m
[05:24] 進捗表示: 0 / 3
[05:25] 進捗表示: 1 / 3　→ 5m
[05:26] 進捗表示: 1 / 3　→ 3m
[05:27] 進捗表示: 1 / 3
[05:28] 進捗表示: 2 / 3　→ 10m
[05:29] 進捗表示: 2 / 3　→ 9m
[05:30] 進捗表示: 2 / 3　→ 10m
[05:32] 進捗表示: 2 / 3　→ 8m
[05:33] 進捗表示: 2 / 3　→ 5m
[05:34] 進捗表示: 2 / 3　→ 4m
[05:35] 進捗表示: 2 / 3　→ 2m
[05:36] 進捗表示: 2 / 3　→ 3m
[05:37] 進捗表示: 2 / 3
[05:38] 目標表示: できた! / ノクトに ほうこくしよう
[05:38] 進捗表示: → 4m
[05:39] 進捗表示: → 2m
[05:42] 目標表示: いまやること / ツムギの はなしを聞こう
[05:42] 進捗表示: → 42m
[05:43] 進捗表示: → 39m
[05:44] 進捗表示: → 38m
[05:45] 進捗表示: → 35m
[05:46] 進捗表示: → 32m
[05:47] 進捗表示: → 29m
[05:48] 進捗表示: → 27m
[05:49] 進捗表示: → 24m
[05:50] 進捗表示: → 21m
[05:50] 進捗表示: → 18m
[05:51] 進捗表示: → 15m
[05:52] 進捗表示: → 13m
[05:53] 進捗表示: → 10m
[05:54] 進捗表示: → 7m
[05:54] 進捗表示: → 5m
[05:55] 進捗表示: → 2m
[05:58] 目標表示: いまやること / もくざいを あつめよう
[05:58] 進捗表示: 0 / 1　→ 19m
[05:58] 進捗表示: 0 / 1　→ 17m
[05:59] 進捗表示: 0 / 1　→ 16m
[06:02] 進捗表示: 0 / 1　→ 17m
[06:04] 進捗表示: 0 / 1　→ 16m
[06:05] 進捗表示: 0 / 1　→ 15m
[06:07] 進捗表示: 0 / 1　→ 16m
[06:08] 進捗表示: 0 / 1　→ 13m
[06:09] 進捗表示: 0 / 1　→ 10m
[06:10] 進捗表示: 0 / 1　→ 8m
[06:10] 進捗表示: 0 / 1　→ 6m
[06:11] 進捗表示: 0 / 1　→ 4m
[06:12] 進捗表示: 0 / 1
[06:13] 目標表示: いまやること / ヒカリゴケを あつめよう
[06:13] 進捗表示: 0 / 2　→ 38m
[06:14] 進捗表示: 0 / 2　→ 36m
[06:15] 進捗表示: 0 / 2　→ 35m
[06:18] 進捗表示: 0 / 2　→ 34m
[06:19] 進捗表示: 0 / 2　→ 32m
[06:19] 進捗表示: 0 / 2　→ 29m
[06:20] 進捗表示: 0 / 2　→ 26m
[06:21] 進捗表示: 0 / 2　→ 23m
[06:22] 進捗表示: 0 / 2　→ 21m
[06:23] 進捗表示: 0 / 2　→ 18m
[06:23] 進捗表示: 0 / 2　→ 15m
[06:24] 進捗表示: 0 / 2　→ 12m
[06:25] 進捗表示: 0 / 2　→ 10m
[06:26] 進捗表示: 0 / 2　→ 7m
[06:27] 進捗表示: 0 / 2　→ 4m
[06:27] 進捗表示: 0 / 2　→ 2m
[06:28] 進捗表示: 0 / 2　→ 3m
[06:29] 進捗表示: 0 / 2　→ 5m
[06:30] 進捗表示: 0 / 2　→ 4m
[06:32] 進捗表示: 0 / 2　→ 2m
[06:33] 進捗表示: 0 / 2　→ 5m
[06:35] 進捗表示: 0 / 2　→ 7m
[06:36] 進捗表示: 0 / 2　→ 8m
[06:37] 進捗表示: 0 / 2　→ 7m
[06:38] 進捗表示: 0 / 2　→ 5m
[06:39] 進捗表示: 0 / 2　→ 2m
[06:40] 進捗表示: 0 / 2　→ 5m
[06:44] 進捗表示: 0 / 2　→ 6m
[06:45] 進捗表示: 0 / 2　→ 5m
[06:46] 進捗表示: 0 / 2　→ 3m
[06:47] 進捗表示: 0 / 2　→ 4m
[06:48] 進捗表示: 0 / 2　→ 5m
[06:51] 進捗表示: 0 / 2　→ 2m
[06:52] 進捗表示: 0 / 2　→ 5m
[06:54] 停滞: ヒカリゴケを あつめよう / 0 / 2　→ 5m / ヒント: → 逆まわりで回りこむ
[06:56] 進捗表示: 0 / 2　→ 4m
[06:57] 進捗表示: 0 / 2　→ 6m
[06:58] 進捗表示: 0 / 2　→ 3m
[06:59] 進捗表示: 0 / 2
[07:00] 進捗表示: 1 / 2　→ 9m
[07:01] 進捗表示: 1 / 2　→ 7m
[07:02] 進捗表示: 1 / 2　→ 5m
[07:03] 進捗表示: 1 / 2　→ 3m
[07:04] 進捗表示: 1 / 2
[07:05] 目標表示: いまやること / ざいりょうが そろったよ! Cで ランタンを作ろう
[07:06] クラフト操作: ランタン → ok
[07:06] 目標表示: いまやること / ランタンを 島に置こう(もちもの→おく)
[07:07] もちもの操作: おく → ランタン
[07:08] (7) 家具を島に置けた(ランタンを おいた)
[07:08] 目標表示: できた! / ツムギに ほうこくしよう
[07:08] (8) 配置後に目標が進んだ(配置を確認)
[07:08] 進捗表示: → 28m
RESULT {"result":"ok","totalSec":429,"errors":0,"flags":{"title":true,"firstTalk":true,"accepted":true,"gathered":true,"reported":true,"second":true,"materials":true,"crafted":true,"placed":true,"placeConfirmed":true}}
UX {"uxVerdict":"PASS","semanticMismatchCount":0,"refishDuringReportCount":0,"shopOpens":0,"stallCount":0}
