[00:22] タイトル表示
[00:27] ゲーム開始
[00:29] 目標表示: いまやること / WASDか矢印キーで あるいてみよう
[00:31] 目標表示: いまやること / ツムギの はなしを聞こう
[00:31] 進捗表示: → 2m
[00:33] 最初の会話が開いた
[00:35] 目標表示: いまやること / もくざいを あつめよう
[00:35] (1) 最初の依頼を受注できた
[00:35] 進捗表示: 0 / 5　→ 19m
[00:35] 進捗表示: 0 / 5　→ 17m
[00:36] 進捗表示: 0 / 5　→ 16m
[00:43] 進捗表示: 0 / 5　→ 13m
[00:44] 進捗表示: 0 / 5　→ 11m
[00:45] 進捗表示: 0 / 5　→ 8m
[00:46] 進捗表示: 0 / 5　→ 6m
[00:47] 進捗表示: 0 / 5　→ 3m
[00:47] 進捗表示: 0 / 5
[00:49] 進捗表示: 2 / 5　→ 11m
[00:50] 進捗表示: 2 / 5　→ 10m
[00:50] 進捗表示: 2 / 5　→ 7m
[00:51] 進捗表示: 2 / 5　→ 5m
[00:52] 進捗表示: 2 / 5　→ 3m
[00:53] 進捗表示: 2 / 5
[00:54] 進捗表示: 3 / 5　→ 19m
[00:59] 進捗表示: 3 / 5　→ 16m
[01:00] 進捗表示: 3 / 5　→ 13m
[01:01] 進捗表示: 3 / 5　→ 12m
[01:04] 進捗表示: 3 / 5　→ 11m
[01:05] 進捗表示: 3 / 5　→ 7m
[01:06] 進捗表示: 3 / 5　→ 5m
[01:07] 進捗表示: 3 / 5　→ 3m
[01:09] 進捗表示: 3 / 5
[01:11] 進捗表示: 4 / 5　→ 40m
[01:12] 進捗表示: 4 / 5　→ 38m
[01:13] 進捗表示: 4 / 5　→ 36m
[01:13] 進捗表示: 4 / 5　→ 33m
[01:14] 進捗表示: 4 / 5　→ 31m
[01:15] 進捗表示: 4 / 5　→ 28m
[01:16] 進捗表示: 4 / 5　→ 26m
[01:16] 進捗表示: 4 / 5　→ 23m
[01:17] 進捗表示: 4 / 5　→ 20m
[01:18] 進捗表示: 4 / 5　→ 19m
[01:19] 進捗表示: 4 / 5　→ 16m
[01:20] 進捗表示: 4 / 5　→ 14m
[01:20] 進捗表示: 4 / 5　→ 11m
[01:21] 進捗表示: 4 / 5　→ 9m
[01:22] 進捗表示: 4 / 5　→ 6m
[01:23] 進捗表示: 4 / 5　→ 3m
[01:23] 進捗表示: 4 / 5
[01:25] 目標表示: できた! / ツムギに ほうこくしよう
[01:25] (2) 木材5つを集めきった
[01:25] 進捗表示: → 28m
[01:26] 進捗表示: → 25m
[01:27] 進捗表示: → 22m
[01:28] 進捗表示: → 19m
[01:29] 進捗表示: → 16m
[01:29] 進捗表示: → 13m
[01:30] 進捗表示: → 10m
[01:31] 進捗表示: → 6m
[01:32] 進捗表示: → 4m
[01:35] 目標表示: いまやること / ミナモの はなしを聞こう
[01:35] (3) ツムギへの報告が終わった
[01:36] 進捗表示: → 33m
[01:36] 進捗表示: → 32m
[01:37] 進捗表示: → 31m
[01:38] 進捗表示: → 29m
[01:39] 進捗表示: → 27m
[01:40] 進捗表示: → 25m
[01:40] 進捗表示: → 22m
[01:41] 進捗表示: → 20m
[01:42] 進捗表示: → 17m
[01:43] 進捗表示: → 14m
[01:43] 進捗表示: → 12m
[01:44] 進捗表示: → 9m
[01:45] 進捗表示: → 6m
[01:46] 進捗表示: → 4m
[01:49] 目標表示: いまやること / もくざいを あつめよう
[01:49] (4) つぎの依頼を受注できた
[01:49] 進捗表示: 0 / 2　→ 15m
[01:49] 進捗表示: 0 / 2　→ 13m
[01:50] 進捗表示: 0 / 2　→ 11m
[01:51] 進捗表示: 0 / 2　→ 8m
[01:52] 進捗表示: 0 / 2　→ 6m
[01:52] 進捗表示: 0 / 2　→ 3m
[01:53] 進捗表示: 0 / 2
[01:55] 進捗表示: 1 / 2　→ 46m
[01:55] 進捗表示: 1 / 2　→ 44m
[01:56] 進捗表示: 1 / 2　→ 41m
[01:57] 進捗表示: 1 / 2　→ 38m
[01:58] 進捗表示: 1 / 2　→ 36m
[01:58] 進捗表示: 1 / 2　→ 33m
[01:59] 進捗表示: 1 / 2　→ 31m
[02:00] 進捗表示: 1 / 2　→ 28m
[02:01] 進捗表示: 1 / 2　→ 26m
[02:01] 進捗表示: 1 / 2　→ 23m
[02:02] 進捗表示: 1 / 2　→ 21m
[02:03] 進捗表示: 1 / 2　→ 19m
[02:04] 進捗表示: 1 / 2　→ 17m
[02:05] 進捗表示: 1 / 2　→ 14m
[02:05] 進捗表示: 1 / 2　→ 11m
[02:06] 進捗表示: 1 / 2　→ 9m
[02:07] 進捗表示: 1 / 2　→ 6m
[02:08] 進捗表示: 1 / 2　→ 3m
[02:08] 進捗表示: 1 / 2
[02:10] 目標表示: いまやること / いしを あつめよう
[02:10] 進捗表示: 0 / 1　→ 7m
[02:11] 進捗表示: 0 / 1　→ 5m
[02:11] 進捗表示: 0 / 1　→ 3m
[02:12] 進捗表示: 0 / 1
[02:14] 目標表示: いまやること / ざいりょうが そろったよ! Cで カマを作ろう
[02:14] (5) クラフトの素材がそろった
[02:14] クラフト操作: カマ → ok
[02:14] (6) 初クラフトができた
[02:15] 目標表示: いまやること / もくざいを あつめよう
[02:15] 進捗表示: 1 / 2　→ 23m
[02:16] 進捗表示: 1 / 2　→ 21m
[02:17] 進捗表示: 1 / 2　→ 19m
[02:17] 進捗表示: 1 / 2　→ 16m
[02:20] 進捗表示: 1 / 2　→ 15m
[02:21] 進捗表示: 1 / 2　→ 14m
[02:23] 進捗表示: 1 / 2　→ 15m
[02:24] 進捗表示: 1 / 2　→ 16m
[02:25] 進捗表示: 1 / 2　→ 15m
[02:26] 進捗表示: 1 / 2　→ 16m
[02:28] 進捗表示: 1 / 2　→ 15m
[02:29] 進捗表示: 1 / 2　→ 13m
[02:30] 進捗表示: 1 / 2　→ 11m
[02:31] 進捗表示: 1 / 2　→ 10m
[02:32] 進捗表示: 1 / 2　→ 7m
[02:33] 進捗表示: 1 / 2　→ 4m
[02:33] 進捗表示: 1 / 2
[02:35] 目標表示: いまやること / クサツルを あつめよう
[02:35] 進捗表示: 0 / 2　→ 9m
[02:36] 進捗表示: 0 / 2　→ 7m
[02:37] 進捗表示: 0 / 2　→ 6m
[02:37] 進捗表示: 0 / 2　→ 3m
[02:38] 進捗表示: 0 / 2
[02:40] 進捗表示: 1 / 2　→ 12m
[02:40] 進捗表示: 1 / 2　→ 13m
[02:41] 進捗表示: 1 / 2　→ 10m
[02:44] 進捗表示: 1 / 2　→ 9m
[02:48] 進捗表示: 1 / 2　→ 10m
[02:49] 進捗表示: 1 / 2　→ 9m
[02:50] 進捗表示: 1 / 2　→ 10m
[02:52] 進捗表示: 1 / 2　→ 11m
[02:53] 進捗表示: 1 / 2　→ 13m
[02:54] 進捗表示: 1 / 2　→ 14m
[02:55] 進捗表示: 1 / 2　→ 10m
[02:56] 進捗表示: 1 / 2　→ 9m
[02:57] 進捗表示: 1 / 2　→ 8m
[02:59] 進捗表示: 1 / 2　→ 9m
[03:01] 進捗表示: 1 / 2　→ 10m
[03:02] 進捗表示: 1 / 2　→ 12m
[03:03] 進捗表示: 1 / 2　→ 8m
[03:04] 進捗表示: 1 / 2　→ 4m
[03:05] 進捗表示: 1 / 2　→ 3m
[03:05] 進捗表示: 1 / 2　→ 2m
[03:07] 目標表示: いまやること / ざいりょうが そろったよ! Cで ツリザオを作ろう
[03:08] クラフト操作: ツリザオ → ok
[03:09] 目標表示: いまやること / 桟橋で サカナをつろう
[03:09] 進捗表示: 0 / 1　→ 54m
[03:09] 進捗表示: 0 / 1　→ 51m
[03:11] 進捗表示: 0 / 1　→ 49m
[03:13] 進捗表示: 0 / 1　→ 45m
[03:15] 進捗表示: 0 / 1　→ 42m
[03:17] 進捗表示: 0 / 1　→ 37m
[03:18] 進捗表示: 0 / 1　→ 35m
[03:20] 進捗表示: 0 / 1　→ 32m
[03:21] 進捗表示: 0 / 1　→ 30m
[03:22] 進捗表示: 0 / 1　→ 27m
[03:23] 進捗表示: 0 / 1　→ 25m
[03:24] 進捗表示: 0 / 1　→ 22m
[03:26] 進捗表示: 0 / 1　→ 19m
[03:29] 進捗表示: 0 / 1　→ 15m
[03:30] 進捗表示: 0 / 1　→ 13m
[03:30] 進捗表示: 0 / 1　→ 10m
[03:31] 進捗表示: 0 / 1　→ 7m
[03:32] 進捗表示: 0 / 1　→ 4m
[03:33] 進捗表示: 0 / 1
[03:39] 目標表示: できた! / ミナモに ほうこくしよう
[03:39] 進捗表示: → 39m
[03:40] 進捗表示: → 38m
[03:48] 進捗表示: → 35m
[03:51] 進捗表示: → 34m
[03:53] 進捗表示: → 33m
[03:56] 進捗表示: → 30m
[03:57] 進捗表示: → 28m
[03:58] 進捗表示: → 25m
[03:59] 進捗表示: → 22m
[03:59] 進捗表示: → 19m
[04:00] 進捗表示: → 17m
[04:01] 進捗表示: → 14m
[04:03] 進捗表示: → 12m
[04:04] 進捗表示: → 11m
[04:07] 進捗表示: → 10m
[04:08] 進捗表示: → 7m
[04:09] 進捗表示: → 4m
[04:10] 進捗表示: → 2m
[04:13] 目標表示: いまやること / ノクトの はなしを聞こう
[04:13] 進捗表示: → 37m
[04:14] 進捗表示: → 35m
[04:15] 進捗表示: → 32m
[04:15] 進捗表示: → 30m
[04:16] 進捗表示: → 27m
[04:17] 進捗表示: → 24m
[04:18] 進捗表示: → 21m
[04:19] 進捗表示: → 18m
[04:20] 進捗表示: → 16m
[04:21] 進捗表示: → 12m
[04:22] 進捗表示: → 9m
[04:23] 進捗表示: → 7m
[04:24] 進捗表示: → 4m
[04:27] 目標表示: いまやること / 高台で こうせきをほろう
[04:27] 進捗表示: 0 / 3　→ 4m
[04:28] 進捗表示: 0 / 3　→ 2m
[04:29] 進捗表示: 0 / 3
[04:30] 進捗表示: 1 / 3　→ 3m
[04:31] 進捗表示: 1 / 3　→ 2m
[04:32] 進捗表示: 1 / 3　→ 4m
[04:33] 進捗表示: 1 / 3
[04:34] 進捗表示: 2 / 3　→ 10m
[04:35] 進捗表示: 2 / 3　→ 8m
[04:38] 進捗表示: 2 / 3　→ 6m
[04:39] 進捗表示: 2 / 3　→ 5m
[04:40] 進捗表示: 2 / 3　→ 3m
[04:42] 進捗表示: 2 / 3
[04:44] 目標表示: できた! / ノクトに ほうこくしよう
[04:44] 進捗表示: → 8m
[04:46] 進捗表示: → 5m
[04:47] 進捗表示: → 3m
[04:50] 目標表示: いまやること / ツムギの はなしを聞こう
[04:50] 進捗表示: → 42m
[04:51] 進捗表示: → 40m
[04:52] 進捗表示: → 39m
[04:53] 進捗表示: → 36m
[04:54] 進捗表示: → 33m
[04:55] 進捗表示: → 30m
[04:56] 進捗表示: → 28m
[04:57] 進捗表示: → 25m
[04:57] 進捗表示: → 22m
[04:58] 進捗表示: → 20m
[04:59] 進捗表示: → 17m
[05:00] 進捗表示: → 14m
[05:00] 進捗表示: → 12m
[05:01] 進捗表示: → 9m
[05:02] 進捗表示: → 6m
[05:03] 進捗表示: → 4m
[05:03] 進捗表示: → 2m
[05:07] 目標表示: いまやること / ヒカリゴケを あつめよう
[05:07] 進捗表示: 0 / 2　→ 25m
[05:07] 進捗表示: 0 / 2　→ 23m
[05:08] 進捗表示: 0 / 2　→ 20m
[05:09] 進捗表示: 0 / 2　→ 17m
[05:10] 進捗表示: 0 / 2　→ 14m
[05:11] 進捗表示: 0 / 2　→ 12m
[05:12] 進捗表示: 0 / 2　→ 9m
[05:14] 進捗表示: 0 / 2　→ 6m
[05:15] 進捗表示: 0 / 2　→ 3m
[05:16] 進捗表示: 0 / 2
[05:17] 進捗表示: 1 / 2　→ 12m
[05:18] 進捗表示: 1 / 2　→ 10m
[05:19] 進捗表示: 1 / 2　→ 8m
[05:20] 進捗表示: 1 / 2　→ 6m
[05:20] 進捗表示: 1 / 2　→ 4m
[05:21] 進捗表示: 1 / 2
[05:23] 目標表示: いまやること / ざいりょうが そろったよ! Cで ランタンを作ろう
[05:23] クラフト操作: ランタン → ok
[05:24] 目標表示: いまやること / ランタンを 島に置こう(もちもの→おく)
[05:25] もちもの操作: おく → ランタン
[05:27] (7) 家具を島に置けた(ランタンを おいた)
[05:27] 目標表示: できた! / ツムギに ほうこくしよう
[05:27] (8) 配置後に目標が進んだ(配置を確認)
[05:27] 進捗表示: → 35m
RESULT {"result":"ok","totalSec":329,"errors":0,"flags":{"title":true,"firstTalk":true,"accepted":true,"gathered":true,"reported":true,"second":true,"materials":true,"crafted":true,"placed":true,"placeConfirmed":true}}
UX {"uxVerdict":"PASS","semanticMismatchCount":0,"refishDuringReportCount":0,"shopOpens":0,"stallCount":0}
EXIT=0
