
> lumi-island@0.1.0 test:ux
> node tools/ux_bot.mjs

[00:31] タイトル表示
[00:33] ゲーム開始
[00:35] 目標表示: いまやること / WASDか矢印キーで あるいてみよう
[00:36] 目標表示: いまやること / ツムギの はなしを聞こう
[00:36] 進捗表示: → 3m
[00:37] 最初の会話が開いた
[00:39] 目標表示: いまやること / もくざいを あつめよう
[00:39] (1) 最初の依頼を受注できた
[00:39] 進捗表示: 0 / 5　→ 19m
[00:39] 進捗表示: 0 / 5　→ 17m
[00:40] 進捗表示: 0 / 5　→ 16m
[00:43] 進捗表示: 0 / 5　→ 18m
[00:44] 進捗表示: 0 / 5　→ 17m
[00:45] 進捗表示: 0 / 5　→ 15m
[00:46] 進捗表示: 0 / 5　→ 13m
[00:47] 進捗表示: 0 / 5　→ 10m
[00:50] 進捗表示: 0 / 5　→ 9m
[00:56] 進捗表示: 0 / 5　→ 7m
