
> lumi-island@0.1.0 test:ux
> node tools/ux_bot.mjs

[00:08] タイトル表示
[00:12] ゲーム開始
[00:13] 目標表示: いまやること / WASDか矢印キーで あるいてみよう
[00:17] 目標表示: いまやること / ツムギの はなしを聞こう
[00:17] 進捗表示: → 2m
[00:19] 最初の会話が開いた
[00:22] 目標表示: いまやること / もくざいを あつめよう
[00:22] (1) 最初の依頼を受注できた
[00:22] 進捗表示: 0 / 5　→ 19m
[00:24] 進捗表示: 0 / 5　→ 16m
[00:27] 進捗表示: 0 / 5　→ 18m
[00:28] 進捗表示: 0 / 5　→ 17m
[00:29] 進捗表示: 0 / 5　→ 15m
[00:30] 進捗表示: 0 / 5　→ 13m
[00:31] 進捗表示: 0 / 5　→ 10m
[00:31] 進捗表示: 0 / 5　→ 8m
[00:32] 進捗表示: 0 / 5　→ 6m
[00:33] 進捗表示: 0 / 5　→ 3m
[00:34] 進捗表示: 0 / 5
[00:35] 進捗表示: 1 / 5　→ 9m
[00:36] 進捗表示: 1 / 5　→ 7m
[00:37] 進捗表示: 1 / 5　→ 4m
[00:37] 進捗表示: 1 / 5
[00:40] 進捗表示: 3 / 5　→ 19m
[00:53] 進捗表示: 3 / 5　→ 16m
[00:55] 進捗表示: 3 / 5　→ 13m
[00:57] 進捗表示: 3 / 5　→ 12m
[01:02] 進捗表示: 3 / 5　→ 13m
[01:04] 進捗表示: 3 / 5　→ 12m
[01:06] 進捗表示: 3 / 5　→ 10m
[01:07] 進捗表示: 3 / 5　→ 7m
[01:08] 進捗表示: 3 / 5　→ 5m
[01:09] 進捗表示: 3 / 5　→ 3m
[01:09] 進捗表示: 3 / 5
[01:11] 進捗表示: 4 / 5　→ 40m
[01:12] 進捗表示: 4 / 5　→ 38m
[01:13] 進捗表示: 4 / 5　→ 16m
[01:15] 進捗表示: 4 / 5　→ 12m
[01:16] 進捗表示: 4 / 5　→ 10m
[01:17] 進捗表示: 4 / 5　→ 7m
[01:18] 進捗表示: 4 / 5　→ 5m
[01:19] 進捗表示: 4 / 5　→ 2m
[01:19] 進捗表示: 4 / 5
[01:21] 目標表示: できた! / ツムギに ほうこくしよう
[01:21] (2) 木材5つを集めきった
[01:21] 進捗表示: → 18m
[01:22] 進捗表示: → 15m
[01:23] 進捗表示: → 13m
[01:23] 進捗表示: → 10m
[01:24] 進捗表示: → 7m
[01:26] 進捗表示: → 4m
[01:31] 目標表示: いまやること / ミナモの はなしを聞こう
[01:31] (3) ツムギへの報告が終わった
[01:32] 進捗表示: → 33m
[01:32] 進捗表示: → 31m
[01:33] 進捗表示: → 29m
[01:34] 進捗表示: → 27m
[01:35] 進捗表示: → 25m
[01:36] 進捗表示: → 22m
[01:40] 進捗表示: → 20m
[01:41] 進捗表示: → 17m
[01:42] 進捗表示: → 13m
[01:42] 進捗表示: → 11m
[01:43] 進捗表示: → 9m
[01:44] 進捗表示: → 6m
[01:45] 進捗表示: → 4m
[01:46] 進捗表示: → 2m
[01:49] 進捗表示: → 8m
[01:50] 進捗表示: → 6m
[01:51] 進捗表示: → 4m
[01:54] 目標表示: いまやること / もくざいを あつめよう
[01:54] (4) つぎの依頼を受注できた
[01:54] 進捗表示: 1 / 2　→ 13m
[01:55] 進捗表示: 1 / 2　→ 11m
[01:56] 進捗表示: 1 / 2　→ 9m
[01:56] 進捗表示: 1 / 2　→ 6m
[01:57] 進捗表示: 1 / 2　→ 3m
[01:58] 進捗表示: 1 / 2
[02:00] 目標表示: いまやること / いしを あつめよう
[02:00] 進捗表示: 0 / 1　→ 11m
[02:01] 進捗表示: 0 / 1　→ 9m
[02:01] 進捗表示: 0 / 1　→ 7m
[02:02] 進捗表示: 0 / 1　→ 5m
[02:03] 進捗表示: 0 / 1　→ 3m
[02:05] 進捗表示: 0 / 1
[02:07] 目標表示: いまやること / ざいりょうが そろったよ! Cで カマを作ろう
[02:07] (5) クラフトの素材がそろった
[02:07] クラフト操作: カマ → ok
[02:07] (6) 初クラフトができた
[02:08] 目標表示: いまやること / もくざいを あつめよう
[02:08] 進捗表示: 1 / 2　→ 39m
[02:09] 進捗表示: 1 / 2　→ 37m
[02:10] 進捗表示: 1 / 2　→ 34m
[02:11] 進捗表示: 1 / 2　→ 32m
[02:11] 進捗表示: 1 / 2　→ 29m
[02:12] 進捗表示: 1 / 2　→ 27m
[02:13] 進捗表示: 1 / 2　→ 25m
[02:14] 進捗表示: 1 / 2　→ 22m
[02:15] 進捗表示: 1 / 2　→ 19m
[02:17] 進捗表示: 1 / 2　→ 17m
[02:19] 進捗表示: 1 / 2　→ 15m
[02:20] 進捗表示: 1 / 2　→ 12m
[02:20] 進捗表示: 1 / 2　→ 9m
[02:21] 進捗表示: 1 / 2　→ 6m
[02:22] 進捗表示: 1 / 2　→ 3m
[02:23] 進捗表示: 1 / 2
[02:25] 目標表示: いまやること / クサツルを あつめよう
[02:25] 進捗表示: 0 / 2　→ 5m
[02:25] 進捗表示: 0 / 2　→ 3m
[02:26] 進捗表示: 0 / 2
[02:28] 進捗表示: 1 / 2　→ 6m
[02:31] 進捗表示: 1 / 2　→ 2m
[02:31] 進捗表示: 1 / 2　→ 4m
[02:32] 進捗表示: 1 / 2　→ 2m
[02:34] 進捗表示: 1 / 2　→ 3m
[02:36] 進捗表示: 1 / 2　→ 2m
[02:37] 進捗表示: 1 / 2　→ 4m
[02:39] 進捗表示: 1 / 2　→ 3m
[02:40] 進捗表示: 1 / 2　→ 2m
[02:41] 進捗表示: 1 / 2
[02:44] 目標表示: いまやること / ざいりょうが そろったよ! Cで ツリザオを作ろう
[02:44] クラフト操作: ツリザオ → ok
[02:45] 目標表示: いまやること / 桟橋で サカナをつろう
[02:45] 進捗表示: 0 / 1　→ 57m
[02:46] 進捗表示: 0 / 1　→ 55m
[02:47] 進捗表示: 0 / 1　→ 52m
[02:48] 進捗表示: 0 / 1　→ 49m
[02:49] 進捗表示: 0 / 1　→ 46m
[02:50] 進捗表示: 0 / 1　→ 43m
[02:51] 進捗表示: 0 / 1　→ 39m
[02:52] 進捗表示: 0 / 1　→ 37m
[02:53] 進捗表示: 0 / 1　→ 32m
[02:55] 進捗表示: 0 / 1　→ 29m
[02:57] 進捗表示: 0 / 1　→ 26m
[02:58] 進捗表示: 0 / 1　→ 23m
[02:59] 進捗表示: 0 / 1　→ 21m
[03:00] 進捗表示: 0 / 1　→ 18m
[03:01] 進捗表示: 0 / 1　→ 16m
[03:02] 進捗表示: 0 / 1　→ 15m
[03:03] 進捗表示: 0 / 1　→ 13m
[03:03] 進捗表示: 0 / 1　→ 12m
[03:04] 進捗表示: 0 / 1　→ 11m
[03:11] 進捗表示: 0 / 1　→ 12m
[03:12] 進捗表示: 0 / 1　→ 14m
[03:13] 進捗表示: 0 / 1　→ 12m
[03:14] 進捗表示: 0 / 1　→ 11m
[03:26] 進捗表示: 0 / 1　→ 10m
[03:34] 進捗表示: 0 / 1　→ 12m
[03:36] 進捗表示: 0 / 1　→ 9m
[03:37] 進捗表示: 0 / 1　→ 8m
[03:38] 進捗表示: 0 / 1　→ 6m
[03:39] 進捗表示: 0 / 1　→ 3m
[03:40] 進捗表示: 0 / 1
[03:44] 目標表示: できた! / ミナモに ほうこくしよう
[03:44] 進捗表示: → 40m
[03:46] 進捗表示: → 37m
[03:49] 進捗表示: → 34m
[03:52] 進捗表示: → 31m
[03:53] 進捗表示: → 28m
[03:54] 進捗表示: → 25m
[03:55] 進捗表示: → 22m
[03:56] 進捗表示: → 19m
[03:57] 進捗表示: → 17m
[03:58] 進捗表示: → 15m
[03:59] 進捗表示: → 13m
[03:59] 進捗表示: → 12m
[04:02] 進捗表示: → 10m
[04:03] 進捗表示: → 7m
[04:04] 進捗表示: → 4m
[04:05] 進捗表示: → 2m
[04:07] 目標表示: いまやること / ノクトの はなしを聞こう
[04:07] 進捗表示: → 37m
[04:08] 進捗表示: → 34m
[04:09] 進捗表示: → 31m
[04:10] 進捗表示: → 29m
[04:11] 進捗表示: → 26m
[04:12] 進捗表示: → 23m
[04:12] 進捗表示: → 21m
[04:13] 進捗表示: → 18m
[04:14] 進捗表示: → 15m
[04:15] 進捗表示: → 13m
[04:16] 進捗表示: → 10m
[04:16] 進捗表示: → 8m
[04:17] 進捗表示: → 6m
[04:18] 進捗表示: → 3m
[04:21] 目標表示: いまやること / 高台で こうせきをほろう
[04:21] 進捗表示: 0 / 3　→ 6m
[04:22] 進捗表示: 0 / 3　→ 4m
[04:23] 進捗表示: 0 / 3　→ 2m
[04:24] 進捗表示: 0 / 3
[04:25] 進捗表示: 1 / 3　→ 5m
[04:26] 進捗表示: 1 / 3　→ 3m
[04:27] 進捗表示: 1 / 3
[04:28] 進捗表示: 2 / 3　→ 9m
[04:29] 進捗表示: 2 / 3　→ 7m
[04:34] 進捗表示: 2 / 3　→ 9m
[04:35] 進捗表示: 2 / 3　→ 7m
[04:36] 進捗表示: 2 / 3　→ 9m
[04:39] 進捗表示: 2 / 3　→ 6m
[04:40] 進捗表示: 2 / 3　→ 5m
[04:44] 進捗表示: 2 / 3　→ 6m
[04:45] 進捗表示: 2 / 3　→ 5m
[04:47] 進捗表示: 2 / 3　→ 4m
[04:48] 進捗表示: 2 / 3　→ 3m
[04:49] 進捗表示: 2 / 3
[04:51] 目標表示: できた! / ノクトに ほうこくしよう
[04:51] 進捗表示: → 8m
[04:52] 進捗表示: → 7m
[04:52] 進捗表示: → 6m
[04:53] 進捗表示: → 7m
[04:54] 進捗表示: → 6m
[04:55] 進捗表示: → 3m
[04:57] 目標表示: いまやること / ツムギの はなしを聞こう
[04:57] 進捗表示: → 41m
[04:59] 進捗表示: → 39m
[04:59] 進捗表示: → 37m
[05:00] 進捗表示: → 34m
[05:01] 進捗表示: → 32m
[05:02] 進捗表示: → 29m
[05:02] 進捗表示: → 26m
[05:03] 進捗表示: → 24m
[05:04] 進捗表示: → 21m
[05:05] 進捗表示: → 18m
[05:06] 進捗表示: → 15m
[05:07] 進捗表示: → 12m
[05:07] 進捗表示: → 10m
[05:08] 進捗表示: → 7m
[05:09] 進捗表示: → 4m
[05:12] 目標表示: いまやること / もくざいを あつめよう
[05:12] 進捗表示: 0 / 1　→ 19m
[05:13] 進捗表示: 0 / 1　→ 17m
[05:14] 進捗表示: 0 / 1　→ 16m
[05:16] 進捗表示: 0 / 1　→ 17m
[05:19] 進捗表示: 0 / 1　→ 16m
[05:20] 進捗表示: 0 / 1　→ 15m
[05:22] 進捗表示: 0 / 1　→ 16m
[05:23] 進捗表示: 0 / 1　→ 13m
[05:24] 進捗表示: 0 / 1　→ 10m
[05:24] 進捗表示: 0 / 1　→ 8m
[05:25] 進捗表示: 0 / 1　→ 5m
[05:26] 進捗表示: 0 / 1　→ 3m
[05:27] 進捗表示: 0 / 1
[05:28] 目標表示: いまやること / ヒカリゴケを あつめよう
[05:28] 進捗表示: 0 / 2　→ 36m
[05:29] 進捗表示: 0 / 2　→ 35m
[05:32] 進捗表示: 0 / 2　→ 34m
[05:33] 進捗表示: 0 / 2　→ 31m
[05:33] 進捗表示: 0 / 2　→ 28m
[05:34] 進捗表示: 0 / 2　→ 26m
[05:35] 進捗表示: 0 / 2　→ 23m
[05:36] 進捗表示: 0 / 2　→ 20m
[05:36] 進捗表示: 0 / 2　→ 17m
[05:37] 進捗表示: 0 / 2　→ 15m
[05:38] 進捗表示: 0 / 2　→ 12m
[05:39] 進捗表示: 0 / 2　→ 9m
[05:39] 進捗表示: 0 / 2　→ 7m
[05:40] 進捗表示: 0 / 2　→ 4m
[05:41] 進捗表示: 0 / 2
[05:42] 進捗表示: 1 / 2　→ 10m
[05:43] 進捗表示: 1 / 2　→ 8m
[05:44] 進捗表示: 1 / 2　→ 6m
[05:45] 進捗表示: 1 / 2　→ 3m
[05:46] 進捗表示: 1 / 2
[05:47] 目標表示: いまやること / ざいりょうが そろったよ! Cで ランタンを作ろう
[05:47] クラフト操作: ランタン → ok
[05:48] 目標表示: いまやること / ランタンを 島に置こう(もちもの→おく)
[05:49] もちもの操作: おく → ランタン
[05:50] (7) 家具を島に置けた(ランタンを おいた)
[05:50] 目標表示: できた! / ツムギに ほうこくしよう
[05:50] (8) 配置後に目標が進んだ(配置を確認)
[05:50] 進捗表示: → 31m
RESULT {"result":"ok","totalSec":351,"errors":0,"flags":{"title":true,"firstTalk":true,"accepted":true,"gathered":true,"reported":true,"second":true,"materials":true,"crafted":true,"placed":true,"placeConfirmed":true}}
UX {"uxVerdict":"PASS","semanticMismatchCount":0,"refishDuringReportCount":0,"shopOpens":0,"stallCount":0}
