
> lumi-island@0.1.0 test:ux
> node tools/ux_bot.mjs

[00:23] タイトル表示
[00:25] ゲーム開始
[00:27] 目標表示: いまやること / WASDか矢印キーで あるいてみよう
[00:28] 目標表示: いまやること / ツムギの はなしを聞こう
[00:28] 進捗表示: → 2m
[00:30] 最初の会話が開いた
[00:32] 目標表示: いまやること / もくざいを あつめよう
[00:32] (1) 最初の依頼を受注できた
[00:32] 進捗表示: 0 / 5　→ 19m
[00:33] 進捗表示: 0 / 5　→ 16m
[00:36] 進捗表示: 0 / 5　→ 17m
[00:39] 進捗表示: 0 / 5　→ 16m
[00:40] 進捗表示: 0 / 5　→ 15m
[00:42] 進捗表示: 0 / 5　→ 16m
[00:43] 進捗表示: 0 / 5　→ 12m
[00:44] 進捗表示: 0 / 5　→ 10m
[00:44] 進捗表示: 0 / 5　→ 7m
[00:45] 進捗表示: 0 / 5　→ 5m
[00:46] 進捗表示: 0 / 5　→ 2m
[00:47] 進捗表示: 0 / 5
[00:48] 進捗表示: 2 / 5　→ 18m
[00:49] 進捗表示: 2 / 5　→ 16m
RESULT {"result":"error: Protocol error (Input.dispatchKeyEvent): Target closed","totalSec":54,"errors":0,"flags":{"title":true,"firstTalk":true,"accepted":true,"gathered":false,"reported":false,"second":false,"materials":false,"crafted":false,"placed":false,"placeConfirmed":false}}
UX {"uxVerdict":"FAIL","semanticMismatchCount":0,"refishDuringReportCount":0,"shopOpens":0,"stallCount":0}
EXIT=1
