[00:03] タイトル表示
[00:04] ゲーム開始
[00:06] 目標表示: いまやること / WASDか矢印キーで あるいてみよう
[00:07] 目標表示: いまやること / ツムギの はなしを聞こう
[00:07] 進捗表示: → 3m
[00:08] 最初の会話が開いた
[00:10] 目標表示: いまやること / もくざいを あつめよう
[00:10] (1) 最初の依頼を受注できた
[00:10] 進捗表示: 0 / 5　→ 19m
[00:10] 進捗表示: 0 / 5　→ 17m
[00:11] 進捗表示: 0 / 5　→ 16m
[00:14] 進捗表示: 0 / 5　→ 18m
[00:15] 進捗表示: 0 / 5　→ 17m
[00:16] 進捗表示: 0 / 5　→ 15m
[00:17] 進捗表示: 0 / 5　→ 13m
[00:18] 進捗表示: 0 / 5　→ 10m
[00:19] 進捗表示: 0 / 5　→ 8m
[00:20] 進捗表示: 0 / 5　→ 6m
[00:21] 進捗表示: 0 / 5　→ 3m
[00:22] 進捗表示: 0 / 5
[00:23] 進捗表示: 2 / 5　→ 11m
[00:24] 進捗表示: 2 / 5　→ 9m
[00:25] 進捗表示: 2 / 5　→ 6m
[00:25] 進捗表示: 2 / 5　→ 3m
[00:26] 進捗表示: 2 / 5
[00:28] 進捗表示: 4 / 5　→ 20m
[00:29] 進捗表示: 4 / 5　→ 18m
[00:32] 進捗表示: 4 / 5　→ 15m
[00:33] 進捗表示: 4 / 5　→ 13m
[00:34] 進捗表示: 4 / 5　→ 12m
[00:38] 進捗表示: 4 / 5　→ 11m
[00:40] 進捗表示: 4 / 5　→ 9m
[00:42] 進捗表示: 4 / 5　→ 4m
[00:43] 進捗表示: 4 / 5　→ 3m
[00:50] 進捗表示: 4 / 5　→ 4m
[00:54] 進捗表示: 4 / 5　→ 5m
[00:55] 進捗表示: 4 / 5　→ 3m
[01:00] 進捗表示: 4 / 5　→ 4m
[01:04] 進捗表示: 4 / 5　→ 5m
[01:05] 進捗表示: 4 / 5　→ 3m
[01:10] 停滞: もくざいを あつめよう / 4 / 5　→ 3m / ヒント: → 逆まわりで回りこむ
[01:14] 進捗表示: 4 / 5　→ 4m
[01:18] 進捗表示: 4 / 5　→ 5m
[01:19] 進捗表示: 4 / 5　→ 3m
[01:25] 進捗表示: 4 / 5　→ 4m
[01:29] 進捗表示: 4 / 5　→ 5m
[01:30] 進捗表示: 4 / 5　→ 3m
[01:35] 進捗表示: 4 / 5　→ 4m
[01:38] 停滞: もくざいを あつめよう / 4 / 5　→ 4m / ヒント: → 逆まわりで回りこむ
[01:43] 進捗表示: 4 / 5　→ 5m
[01:44] 進捗表示: 4 / 5　→ 3m
[01:49] 進捗表示: 4 / 5　→ 4m
[01:53] 進捗表示: 4 / 5　→ 5m
[01:54] 進捗表示: 4 / 5　→ 3m
[01:59] 進捗表示: 4 / 5　→ 4m
[02:03] 進捗表示: 4 / 5　→ 5m
[02:04] 進捗表示: 4 / 5　→ 3m
[02:09] 進捗表示: 4 / 5　→ 4m
[02:10] 停滞: もくざいを あつめよう / 4 / 5　→ 4m / ヒント: → 逆まわりで回りこむ
[02:12] 進捗表示: 4 / 5　→ 7m
[02:15] 進捗表示: 4 / 5　→ 5m
[02:16] 進捗表示: 4 / 5　→ 3m
[02:19] 進捗表示: 4 / 5　→ 5m
[02:23] 進捗表示: 4 / 5　→ 3m
[02:26] 進捗表示: 4 / 5　→ 4m
[02:30] 進捗表示: 4 / 5　→ 5m
[02:31] 進捗表示: 4 / 5　→ 3m
[02:36] 進捗表示: 4 / 5　→ 4m
[02:40] 進捗表示: 4 / 5　→ 5m
[02:41] 進捗表示: 4 / 5　→ 3m
[02:42] 停滞: もくざいを あつめよう / 4 / 5　→ 3m / ヒント: → 逆まわりで回りこむ
[02:44] 進捗表示: 4 / 5　→ 8m
[02:45] 進捗表示: 4 / 5　→ 7m
[02:47] 進捗表示: 4 / 5　→ 6m
[02:48] 進捗表示: 4 / 5　→ 7m
[02:49] 進捗表示: 4 / 5　→ 10m
[02:50] 進捗表示: 4 / 5　→ 7m
[02:51] 進捗表示: 4 / 5　→ 6m
[02:52] 進捗表示: 4 / 5　→ 4m
[02:53] 進捗表示: 4 / 5　→ 2m
[02:54] 進捗表示: 4 / 5　→ 5m
[02:56] 進捗表示: 4 / 5　→ 3m
[03:00] 進捗表示: 4 / 5　→ 4m
[03:04] 進捗表示: 4 / 5　→ 5m
[03:05] 進捗表示: 4 / 5　→ 3m
[03:10] 進捗表示: 4 / 5　→ 4m
[03:14] 進捗表示: 4 / 5　→ 5m
[03:15] 進捗表示: 4 / 5　→ 3m
[03:20] 停滞: もくざいを あつめよう / 4 / 5　→ 3m / ヒント: → 逆まわりで回りこむ
[03:24] 進捗表示: 4 / 5　→ 4m
[03:28] 進捗表示: 4 / 5　→ 5m
[03:29] 進捗表示: 4 / 5　→ 3m
[03:34] 進捗表示: 4 / 5　→ 4m
[03:38] 進捗表示: 4 / 5　→ 5m
[03:39] 進捗表示: 4 / 5　→ 3m
[03:44] 進捗表示: 4 / 5　→ 4m
[03:48] 停滞: もくざいを あつめよう / 4 / 5　→ 4m / ヒント: → 逆まわりで回りこむ
[03:50] 進捗表示: 4 / 5　→ 3m
[03:51] 進捗表示: 4 / 5　→ 4m
[03:52] 進捗表示: 4 / 5　→ 5m
[03:54] 進捗表示: 4 / 5　→ 3m
[03:57] 進捗表示: 4 / 5　→ 4m
[04:02] 進捗表示: 4 / 5　→ 5m
[04:03] 進捗表示: 4 / 5　→ 3m
[04:08] 進捗表示: 4 / 5　→ 4m
[04:12] 進捗表示: 4 / 5　→ 5m
[04:13] 進捗表示: 4 / 5　→ 3m
[04:16] 停滞: もくざいを あつめよう / 4 / 5　→ 3m / ヒント: → 逆まわりで回りこむ
[04:18] 進捗表示: 4 / 5　→ 7m
[04:20] 進捗表示: 4 / 5　→ 5m
[04:22] 進捗表示: 4 / 5　→ 3m
[04:27] 進捗表示: 4 / 5　→ 4m
[04:32] 進捗表示: 4 / 5　→ 5m
[04:34] 進捗表示: 4 / 5　→ 3m
[04:40] 進捗表示: 4 / 5　→ 4m
[04:45] 進捗表示: 4 / 5　→ 5m
[04:46] 進捗表示: 4 / 5　→ 3m
[04:48] 停滞: もくざいを あつめよう / 4 / 5　→ 3m / ヒント: → 逆まわりで回りこむ
[04:50] 進捗表示: 4 / 5　→ 8m
[04:51] 進捗表示: 4 / 5　→ 7m
[04:54] 進捗表示: 4 / 5　→ 5m
[04:56] 進捗表示: 4 / 5　→ 3m
[05:01] 進捗表示: 4 / 5　→ 4m
[05:06] 進捗表示: 4 / 5　→ 5m
[05:07] 進捗表示: 4 / 5　→ 3m
[05:12] 進捗表示: 4 / 5　→ 4m
[05:16] 進捗表示: 4 / 5　→ 5m
[05:17] 進捗表示: 4 / 5　→ 3m
[05:23] 停滞: もくざいを あつめよう / 4 / 5　→ 3m / ヒント: → 逆まわりで回りこむ
[05:27] 進捗表示: 4 / 5　→ 4m
[05:32] 進捗表示: 4 / 5　→ 5m
[05:33] 進捗表示: 4 / 5　→ 3m
[05:39] 進捗表示: 4 / 5　→ 4m
[05:41] 進捗表示: 4 / 5　→ 5m
[05:46] 進捗表示: 4 / 5　→ 3m
[05:49] 進捗表示: 4 / 5　→ 4m
[05:51] 停滞: もくざいを あつめよう / 4 / 5　→ 4m / ヒント: → 逆まわりで回りこむ
[05:53] 進捗表示: 4 / 5　→ 9m
[05:54] 進捗表示: 4 / 5　→ 8m
[05:55] 進捗表示: 4 / 5　→ 9m
[05:56] 進捗表示: 4 / 5　→ 7m
[05:57] 進捗表示: 4 / 5　→ 5m
[05:58] 進捗表示: 4 / 5　→ 3m
[06:05] 進捗表示: 4 / 5　→ 4m
[06:09] 進捗表示: 4 / 5　→ 5m
[06:10] 進捗表示: 4 / 5　→ 3m
[06:11] 進捗表示: 4 / 5
[06:13] 目標表示: できた! / ツムギに ほうこくしよう
[06:13] (2) 木材5つを集めきった
[06:13] 進捗表示: → 25m
[06:13] 進捗表示: → 23m
[06:14] 進捗表示: → 21m
[06:15] 進捗表示: → 19m
[06:16] 進捗表示: → 16m
[06:17] 進捗表示: → 13m
[06:17] 進捗表示: → 10m
[06:18] 進捗表示: → 7m
[06:19] 進捗表示: → 5m
[06:20] 進捗表示: → 3m
[06:22] 目標表示: いまやること / ミナモの はなしを聞こう
[06:22] (3) ツムギへの報告が終わった
[06:22] 進捗表示: → 28m
[06:23] 進捗表示: → 26m
[06:24] 進捗表示: → 24m
[06:25] 進捗表示: → 22m
[06:26] 進捗表示: → 19m
[06:27] 進捗表示: → 17m
[06:27] 進捗表示: → 14m
[06:28] 進捗表示: → 12m
[06:29] 進捗表示: → 14m
[06:30] 進捗表示: → 12m
[06:30] 進捗表示: → 9m
[06:31] 進捗表示: → 6m
[06:32] 進捗表示: → 4m
[06:35] 目標表示: いまやること / もくざいを あつめよう
[06:35] (4) つぎの依頼を受注できた
[06:35] 進捗表示: 1 / 2　→ 15m
[06:35] 進捗表示: 1 / 2　→ 13m
[06:36] 進捗表示: 1 / 2　→ 11m
[06:37] 進捗表示: 1 / 2　→ 9m
[06:39] 進捗表示: 1 / 2　→ 8m
[06:39] 進捗表示: 1 / 2　→ 5m
[06:40] 進捗表示: 1 / 2　→ 2m
[06:41] 進捗表示: 1 / 2
[06:42] 目標表示: いまやること / いしを あつめよう
[06:42] 進捗表示: 0 / 1　→ 10m
[06:43] 進捗表示: 0 / 1　→ 8m
[06:44] 進捗表示: 0 / 1　→ 6m
[06:45] 進捗表示: 0 / 1　→ 4m
[06:45] 進捗表示: 0 / 1　→ 2m
[06:47] 進捗表示: 0 / 1　→ 5m
[06:48] 進捗表示: 0 / 1　→ 2m
[06:49] 進捗表示: 0 / 1　→ 5m
[06:53] 進捗表示: 0 / 1　→ 2m
[06:54] 進捗表示: 0 / 1　→ 5m
[06:57] 進捗表示: 0 / 1　→ 4m
[06:58] 進捗表示: 0 / 1　→ 7m
[06:59] 進捗表示: 0 / 1　→ 8m
[07:00] 進捗表示: 0 / 1　→ 4m
[07:01] 進捗表示: 0 / 1
[07:03] 目標表示: いまやること / ざいりょうが そろったよ! Cで カマを作ろう
[07:03] (5) クラフトの素材がそろった
[07:03] クラフト操作: カマ → ok
[07:03] (6) 初クラフトができた
[07:04] 目標表示: いまやること / もくざいを あつめよう
[07:04] 進捗表示: 1 / 2　→ 38m
[07:05] 進捗表示: 1 / 2　→ 36m
[07:06] 進捗表示: 1 / 2　→ 34m
[07:07] 進捗表示: 1 / 2　→ 31m
[07:07] 進捗表示: 1 / 2　→ 29m
[07:08] 進捗表示: 1 / 2　→ 27m
[07:09] 進捗表示: 1 / 2　→ 25m
[07:10] 進捗表示: 1 / 2　→ 22m
[07:10] 進捗表示: 1 / 2　→ 19m
[07:11] 進捗表示: 1 / 2　→ 17m
[07:12] 進捗表示: 1 / 2　→ 14m
[07:13] 進捗表示: 1 / 2　→ 11m
[07:14] 進捗表示: 1 / 2　→ 8m
[07:14] 進捗表示: 1 / 2　→ 6m
[07:15] 進捗表示: 1 / 2　→ 3m
[07:16] 進捗表示: 1 / 2
[07:17] 目標表示: いまやること / クサツルを あつめよう
[07:17] 進捗表示: 0 / 2　→ 5m
[07:18] 進捗表示: 0 / 2　→ 3m
[07:19] 進捗表示: 0 / 2
[07:21] 進捗表示: 1 / 2　→ 6m
[07:21] 進捗表示: 1 / 2　→ 4m
[07:22] 進捗表示: 1 / 2　→ 2m
[07:23] 進捗表示: 1 / 2　→ 3m
[07:24] 進捗表示: 1 / 2
[07:25] 目標表示: いまやること / ざいりょうが そろったよ! Cで ツリザオを作ろう
[07:26] クラフト操作: ツリザオ → ok
[07:27] 目標表示: いまやること / 桟橋で サカナをつろう
[07:27] 進捗表示: 0 / 1　→ 55m
[07:28] 進捗表示: 0 / 1　→ 52m
[07:28] 進捗表示: 0 / 1　→ 50m
[07:29] 進捗表示: 0 / 1　→ 47m
[07:30] 進捗表示: 0 / 1　→ 44m
[07:31] 進捗表示: 0 / 1　→ 41m
[07:32] 進捗表示: 0 / 1　→ 38m
[07:32] 進捗表示: 0 / 1　→ 36m
[07:33] 進捗表示: 0 / 1　→ 33m
[07:34] 進捗表示: 0 / 1　→ 30m
[07:35] 進捗表示: 0 / 1　→ 27m
[07:36] 進捗表示: 0 / 1　→ 25m
[07:36] 進捗表示: 0 / 1　→ 22m
[07:37] 進捗表示: 0 / 1　→ 19m
[07:38] 進捗表示: 0 / 1　→ 17m
[07:39] 進捗表示: 0 / 1　→ 16m
[07:40] 進捗表示: 0 / 1　→ 15m
[07:41] 進捗表示: 0 / 1　→ 14m
[07:42] 進捗表示: 0 / 1　→ 13m
[07:43] 進捗表示: 0 / 1　→ 12m
[07:43] 進捗表示: 0 / 1　→ 11m
[07:48] 進捗表示: 0 / 1　→ 12m
[07:50] 進捗表示: 0 / 1　→ 14m
[07:51] 進捗表示: 0 / 1　→ 12m
[07:52] 進捗表示: 0 / 1　→ 11m
[07:57] 進捗表示: 0 / 1　→ 10m
[07:58] 進捗表示: 0 / 1　→ 8m
[07:59] 進捗表示: 0 / 1　→ 10m
[08:00] 進捗表示: 0 / 1　→ 8m
[08:00] 進捗表示: 0 / 1　→ 5m
[08:01] 進捗表示: 0 / 1　→ 3m
[08:02] 進捗表示: 0 / 1
[08:06] 目標表示: できた! / ミナモに ほうこくしよう
[08:06] 進捗表示: → 33m
[08:07] 進捗表示: → 32m
[08:08] 進捗表示: → 29m
[08:08] 進捗表示: → 25m
[08:09] 進捗表示: → 22m
[08:10] 進捗表示: → 18m
[08:11] 進捗表示: → 14m
[08:11] 進捗表示: → 10m
[08:12] 進捗表示: → 7m
[08:13] 進捗表示: → 3m
[08:15] 目標表示: いまやること / ノクトの はなしを聞こう
[08:15] 進捗表示: → 53m
[08:16] 進捗表示: → 51m
[08:17] 進捗表示: → 48m
[08:18] 進捗表示: → 45m
[08:19] 進捗表示: → 43m
[08:20] 進捗表示: → 41m
[08:21] 進捗表示: → 38m
[08:21] 進捗表示: → 36m
[08:22] 進捗表示: → 33m
[08:23] 進捗表示: → 31m
[08:24] 進捗表示: → 28m
[08:25] 進捗表示: → 25m
[08:25] 進捗表示: → 23m
[08:26] 進捗表示: → 21m
[08:27] 進捗表示: → 18m
[08:28] 進捗表示: → 15m
[08:29] 進捗表示: → 13m
[08:29] 進捗表示: → 10m
[08:30] 進捗表示: → 8m
[08:31] 進捗表示: → 5m
[08:32] 進捗表示: → 3m
[08:34] 目標表示: いまやること / 高台で こうせきをほろう
[08:34] 進捗表示: 0 / 3　→ 3m
[08:35] 進捗表示: 0 / 3
[08:37] 進捗表示: 1 / 3　→ 2m
[08:37] 進捗表示: 1 / 3　→ 3m
[08:38] 進捗表示: 1 / 3
[08:40] 進捗表示: 2 / 3　→ 8m
[08:40] 進捗表示: 2 / 3　→ 6m
[08:41] 進捗表示: 2 / 3　→ 4m
[08:42] 進捗表示: 2 / 3　→ 2m
[08:44] 目標表示: できた! / ノクトに ほうこくしよう
[08:44] 進捗表示: → 11m
[08:45] 進捗表示: → 9m
[08:46] 進捗表示: → 8m
[08:47] 進捗表示: → 7m
[08:47] 進捗表示: → 6m
[08:48] 進捗表示: → 3m
[08:50] 目標表示: いまやること / ツムギの はなしを聞こう
[08:50] 進捗表示: → 40m
[08:52] 進捗表示: → 38m
[08:52] 進捗表示: → 36m
[08:53] 進捗表示: → 34m
[08:54] 進捗表示: → 31m
[08:55] 進捗表示: → 28m
[08:56] 進捗表示: → 25m
[08:56] 進捗表示: → 23m
[08:57] 進捗表示: → 20m
[08:58] 進捗表示: → 17m
[08:59] 進捗表示: → 14m
[09:00] 進捗表示: → 12m
[09:00] 進捗表示: → 14m
[09:01] 進捗表示: → 12m
[09:02] 進捗表示: → 14m
[09:03] 進捗表示: → 12m
[09:04] 進捗表示: → 14m
[09:04] 進捗表示: → 12m
[09:05] 進捗表示: → 14m
[09:06] 進捗表示: → 12m
[09:07] 進捗表示: → 14m
[09:08] 進捗表示: → 11m
[09:08] 進捗表示: → 14m
[09:09] 進捗表示: → 11m
[09:10] 進捗表示: → 14m
[09:11] 進捗表示: → 11m
[09:12] 進捗表示: → 14m
[09:12] 進捗表示: → 11m
[09:13] 進捗表示: → 8m
[09:14] 進捗表示: → 6m
[09:15] 進捗表示: → 3m
[09:17] 目標表示: いまやること / もくざいを あつめよう
[09:17] 進捗表示: 0 / 1　→ 17m
[09:18] 進捗表示: 0 / 1　→ 16m
[09:21] 進捗表示: 0 / 1　→ 17m
[09:24] 進捗表示: 0 / 1　→ 16m
[09:27] 進捗表示: 0 / 1　→ 13m
[09:28] 進捗表示: 0 / 1　→ 11m
[09:29] 進捗表示: 0 / 1　→ 8m
[09:30] 進捗表示: 0 / 1　→ 6m
[09:30] 進捗表示: 0 / 1　→ 3m
[09:31] 進捗表示: 0 / 1
[09:33] 目標表示: いまやること / ヒカリゴケを あつめよう
[09:33] 進捗表示: 0 / 2　→ 38m
[09:33] 進捗表示: 0 / 2　→ 36m
[09:34] 進捗表示: 0 / 2　→ 35m
[09:37] 進捗表示: 0 / 2　→ 34m
[09:38] 進捗表示: 0 / 2　→ 32m
[09:39] 進捗表示: 0 / 2　→ 29m
[09:39] 進捗表示: 0 / 2　→ 26m
[09:40] 進捗表示: 0 / 2　→ 23m
[09:41] 進捗表示: 0 / 2　→ 21m
[09:42] 進捗表示: 0 / 2　→ 18m
[09:43] 進捗表示: 0 / 2　→ 15m
[09:43] 進捗表示: 0 / 2　→ 12m
[09:44] 進捗表示: 0 / 2　→ 10m
[09:45] 進捗表示: 0 / 2　→ 7m
[09:46] 進捗表示: 0 / 2　→ 4m
[09:47] 進捗表示: 0 / 2　→ 2m
[09:47] 進捗表示: 0 / 2　→ 3m
[09:48] 進捗表示: 0 / 2
[09:50] 進捗表示: 1 / 2　→ 10m
[09:50] 進捗表示: 1 / 2　→ 7m
[09:51] 進捗表示: 1 / 2　→ 5m
[09:52] 進捗表示: 1 / 2　→ 2m
[09:53] 進捗表示: 1 / 2
[09:54] 目標表示: いまやること / ざいりょうが そろったよ! Cで ランタンを作ろう
[09:55] クラフト操作: ランタン → ok
[09:56] 目標表示: いまやること / ランタンを 島に置こう(もちもの→おく)
[09:57] もちもの操作: おく → ランタン
[09:58] (7) 家具を島に置けた(ランタンを おいた)
[09:58] 目標表示: できた! / ツムギに ほうこくしよう
[09:58] (8) 配置後に目標が進んだ(配置を確認)
[09:58] 進捗表示: → 31m
RESULT {"result":"ok","totalSec":598,"errors":0,"flags":{"title":true,"firstTalk":true,"accepted":true,"gathered":true,"reported":true,"second":true,"materials":true,"crafted":true,"placed":true,"placeConfirmed":true}}
UX {"uxVerdict":"FAIL","semanticMismatchCount":0,"refishDuringReportCount":0,"shopOpens":0,"stallCount":1}
  停滞 44-108s (64s) もくざいを あつめよう / 4 / 5　→ 3m
