[00:03] タイトル表示
[00:04] ゲーム開始
[00:05] 目標表示: いまやること / WASDか矢印キーで あるいてみよう
[00:06] 目標表示: いまやること / ツムギの はなしを聞こう
[00:06] 進捗表示: → 3m
[00:08] 最初の会話が開いた
[00:09] 目標表示: いまやること / もくざいを あつめよう
[00:09] (1) 最初の依頼を受注できた
[00:09] 進捗表示: 0 / 5　→ 19m
[00:10] 進捗表示: 0 / 5　→ 17m
[00:11] 進捗表示: 0 / 5　→ 16m
[00:13] 進捗表示: 0 / 5　→ 17m
[00:15] 進捗表示: 0 / 5　→ 16m
[00:16] 進捗表示: 0 / 5　→ 14m
[00:17] 進捗表示: 0 / 5　→ 13m
[00:18] 進捗表示: 0 / 5　→ 10m
[00:18] 進捗表示: 0 / 5　→ 8m
[00:19] 進捗表示: 0 / 5　→ 5m
[00:20] 進捗表示: 0 / 5　→ 3m
[00:21] 進捗表示: 0 / 5
[00:22] 進捗表示: 2 / 5　→ 10m
[00:23] 進捗表示: 2 / 5　→ 8m
[00:23] 進捗表示: 2 / 5　→ 5m
[00:24] 進捗表示: 2 / 5　→ 3m
[00:25] 進捗表示: 2 / 5
[00:26] 進捗表示: 4 / 5　→ 20m
[00:27] 進捗表示: 4 / 5　→ 18m
[00:28] 進捗表示: 4 / 5　→ 17m
[00:31] 進捗表示: 4 / 5　→ 14m
[00:32] 進捗表示: 4 / 5　→ 12m
[00:35] 進捗表示: 4 / 5　→ 11m
[00:36] 進捗表示: 4 / 5　→ 10m
[00:37] 進捗表示: 4 / 5　→ 7m
[00:38] 進捗表示: 4 / 5　→ 5m
[00:38] 進捗表示: 4 / 5　→ 2m
[00:40] 目標表示: できた! / ツムギに ほうこくしよう
[00:40] (2) 木材5つを集めきった
[00:40] 進捗表示: → 32m
[00:40] 進捗表示: → 30m
[00:41] 進捗表示: → 29m
[00:42] 進捗表示: → 27m
[00:43] 進捗表示: → 24m
[00:44] 進捗表示: → 21m
[00:44] 進捗表示: → 19m
[00:45] 進捗表示: → 16m
[00:46] 進捗表示: → 15m
[00:47] 進捗表示: → 13m
[00:47] 進捗表示: → 12m
[00:48] 進捗表示: → 9m
[00:49] 進捗表示: → 7m
[00:50] 進捗表示: → 5m
[00:50] 進捗表示: → 3m
[00:53] 目標表示: いまやること / ミナモの はなしを聞こう
[00:53] (3) ツムギへの報告が終わった
[00:53] 進捗表示: → 29m
[00:54] 進捗表示: → 27m
[00:55] 進捗表示: → 25m
[00:56] 進捗表示: → 23m
[00:56] 進捗表示: → 20m
[00:57] 進捗表示: → 17m
[00:58] 進捗表示: → 15m
[00:59] 進捗表示: → 12m
[00:59] 進捗表示: → 9m
[01:00] 進捗表示: → 7m
[01:01] 進捗表示: → 4m
[01:03] 目標表示: いまやること / もくざいを あつめよう
[01:03] (4) つぎの依頼を受注できた
[01:03] 進捗表示: 0 / 2　→ 15m
[01:04] 進捗表示: 0 / 2　→ 13m
[01:05] 進捗表示: 0 / 2　→ 11m
[01:06] 進捗表示: 0 / 2　→ 9m
[01:06] 進捗表示: 0 / 2　→ 8m
[01:07] 進捗表示: 0 / 2　→ 5m
[01:08] 進捗表示: 0 / 2　→ 2m
[01:09] 進捗表示: 0 / 2
[01:10] 進捗表示: 1 / 2　→ 51m
[01:11] 進捗表示: 1 / 2　→ 49m
[01:12] 進捗表示: 1 / 2　→ 46m
[01:12] 進捗表示: 1 / 2　→ 41m
[01:13] 進捗表示: 1 / 2　→ 38m
[01:14] 進捗表示: 1 / 2　→ 35m
[01:15] 進捗表示: 1 / 2　→ 33m
[01:15] 進捗表示: 1 / 2　→ 30m
[01:16] 進捗表示: 1 / 2　→ 28m
[01:17] 進捗表示: 1 / 2　→ 25m
[01:18] 進捗表示: 1 / 2　→ 23m
[01:18] 進捗表示: 1 / 2　→ 20m
[01:19] 進捗表示: 1 / 2　→ 18m
[01:20] 進捗表示: 1 / 2　→ 15m
[01:21] 進捗表示: 1 / 2　→ 14m
[01:21] 進捗表示: 1 / 2　→ 12m
[01:22] 進捗表示: 1 / 2　→ 9m
[01:23] 進捗表示: 1 / 2　→ 7m
[01:24] 進捗表示: 1 / 2　→ 4m
[01:24] 進捗表示: 1 / 2
[01:26] 目標表示: いまやること / いしを あつめよう
[01:26] 進捗表示: 0 / 1　→ 5m
[01:27] 進捗表示: 0 / 1　→ 3m
[01:27] 進捗表示: 0 / 1　→ 2m
[01:29] 目標表示: いまやること / ざいりょうが そろったよ! Cで カマを作ろう
[01:29] (5) クラフトの素材がそろった
[01:29] クラフト操作: カマ → ok
[01:29] (6) 初クラフトができた
[01:30] 目標表示: いまやること / もくざいを あつめよう
[01:30] 進捗表示: 0 / 2　→ 23m
[01:31] 進捗表示: 0 / 2　→ 20m
[01:32] 進捗表示: 0 / 2　→ 18m
[01:33] 進捗表示: 0 / 2　→ 16m
[01:35] 進捗表示: 0 / 2　→ 15m
[01:37] 進捗表示: 0 / 2　→ 14m
[01:39] 進捗表示: 0 / 2　→ 15m
[01:40] 進捗表示: 0 / 2　→ 16m
[01:41] 進捗表示: 0 / 2　→ 15m
[01:43] 進捗表示: 0 / 2　→ 16m
[01:45] 進捗表示: 0 / 2　→ 15m
[01:46] 進捗表示: 0 / 2　→ 12m
[01:47] 進捗表示: 0 / 2　→ 11m
[01:48] 進捗表示: 0 / 2　→ 10m
[01:49] 進捗表示: 0 / 2　→ 7m
[01:50] 進捗表示: 0 / 2　→ 4m
[01:51] 進捗表示: 0 / 2
[01:52] 進捗表示: 1 / 2　→ 11m
[01:53] 進捗表示: 1 / 2　→ 9m
[01:54] 進捗表示: 1 / 2　→ 6m
[01:56] 進捗表示: 1 / 2　→ 4m
[01:57] 進捗表示: 1 / 2
[01:58] 目標表示: いまやること / クサツルを あつめよう
[01:58] 進捗表示: 0 / 2　→ 7m
[01:59] 進捗表示: 0 / 2　→ 5m
[02:00] 進捗表示: 0 / 2　→ 3m
[02:00] 進捗表示: 0 / 2
[02:02] 目標表示: いまやること / ざいりょうが そろったよ! Cで ツリザオを作ろう
[02:02] クラフト操作: ツリザオ → ok
[02:04] 目標表示: いまやること / 桟橋で サカナをつろう
[02:04] 進捗表示: 0 / 1　→ 54m
[02:05] 進捗表示: 0 / 1　→ 51m
[02:06] 進捗表示: 0 / 1　→ 48m
[02:07] 進捗表示: 0 / 1　→ 46m
[02:08] 進捗表示: 0 / 1　→ 43m
[02:09] 進捗表示: 0 / 1　→ 41m
[02:10] 進捗表示: 0 / 1　→ 38m
[02:10] 進捗表示: 0 / 1　→ 36m
[02:11] 進捗表示: 0 / 1　→ 33m
[02:12] 進捗表示: 0 / 1　→ 31m
[02:14] 進捗表示: 0 / 1　→ 28m
[02:15] 進捗表示: 0 / 1　→ 26m
[02:16] 進捗表示: 0 / 1　→ 24m
[02:17] 進捗表示: 0 / 1　→ 21m
[02:17] 進捗表示: 0 / 1　→ 18m
[02:18] 進捗表示: 0 / 1　→ 15m
[02:19] 進捗表示: 0 / 1　→ 13m
[02:20] 進捗表示: 0 / 1　→ 10m
[02:28] 進捗表示: 0 / 1　→ 9m
[02:29] 進捗表示: 0 / 1　→ 8m
[02:32] 進捗表示: 0 / 1　→ 7m
[02:32] 進捗表示: 0 / 1　→ 5m
[02:33] 進捗表示: 0 / 1　→ 3m
[02:34] 進捗表示: 0 / 1
[02:41] 目標表示: できた! / ミナモに ほうこくしよう
[02:41] 進捗表示: → 40m
[02:43] 進捗表示: → 38m
[02:44] 進捗表示: → 37m
[02:47] 進捗表示: → 34m
[02:49] 進捗表示: → 33m
[02:51] 進捗表示: → 30m
[02:52] 進捗表示: → 28m
[02:53] 進捗表示: → 25m
[02:54] 進捗表示: → 22m
[02:55] 進捗表示: → 20m
[02:55] 進捗表示: → 17m
[02:56] 進捗表示: → 14m
[02:57] 進捗表示: → 12m
[02:58] 進捗表示: → 11m
[03:01] 進捗表示: → 9m
[03:02] 進捗表示: → 7m
[03:02] 進捗表示: → 4m
[03:05] 目標表示: いまやること / ノクトの はなしを聞こう
[03:05] 進捗表示: → 38m
[03:06] 進捗表示: → 36m
[03:07] 進捗表示: → 34m
[03:07] 進捗表示: → 31m
[03:08] 進捗表示: → 30m
[03:09] 進捗表示: → 28m
[03:10] 進捗表示: → 25m
[03:10] 進捗表示: → 23m
[03:11] 進捗表示: → 20m
[03:12] 進捗表示: → 17m
[03:13] 進捗表示: → 15m
[03:14] 進捗表示: → 12m
[03:14] 進捗表示: → 10m
[03:15] 進捗表示: → 7m
[03:16] 進捗表示: → 5m
[03:17] 進捗表示: → 3m
[03:19] 目標表示: いまやること / 高台で こうせきをほろう
[03:19] 進捗表示: 0 / 3　→ 4m
[03:20] 進捗表示: 0 / 3　→ 2m
[03:21] 進捗表示: 0 / 3
[03:22] 進捗表示: 1 / 3　→ 3m
[03:23] 進捗表示: 1 / 3
[03:25] 進捗表示: 2 / 3　→ 7m
[03:25] 進捗表示: 2 / 3　→ 6m
[03:26] 進捗表示: 2 / 3　→ 4m
[03:27] 進捗表示: 2 / 3　→ 2m
[03:29] 目標表示: できた! / ノクトに ほうこくしよう
[03:29] 進捗表示: → 11m
[03:30] 進捗表示: → 9m
[03:31] 進捗表示: → 7m
[03:31] 進捗表示: → 5m
[03:32] 進捗表示: → 3m
[03:34] 目標表示: いまやること / ツムギの はなしを聞こう
[03:34] 進捗表示: → 40m
[03:36] 進捗表示: → 39m
[03:36] 進捗表示: → 36m
[03:37] 進捗表示: → 34m
[03:38] 進捗表示: → 31m
[03:39] 進捗表示: → 28m
[03:40] 進捗表示: → 25m
[03:40] 進捗表示: → 23m
[03:41] 進捗表示: → 20m
[03:42] 進捗表示: → 17m
[03:43] 進捗表示: → 15m
[03:44] 進捗表示: → 12m
[03:44] 進捗表示: → 14m
[03:45] 進捗表示: → 12m
[03:46] 進捗表示: → 14m
[03:47] 進捗表示: → 12m
[03:48] 進捗表示: → 14m
[03:48] 進捗表示: → 12m
[03:49] 進捗表示: → 14m
[03:50] 進捗表示: → 12m
[03:51] 進捗表示: → 14m
[03:52] 進捗表示: → 12m
[03:52] 進捗表示: → 14m
[03:53] 進捗表示: → 12m
[03:54] 進捗表示: → 14m
[03:55] 進捗表示: → 12m
[03:56] 進捗表示: → 14m
[03:56] 進捗表示: → 12m
[03:57] 進捗表示: → 14m
[03:58] 進捗表示: → 12m
[03:59] 進捗表示: → 9m
[04:00] 進捗表示: → 6m
[04:00] 進捗表示: → 3m
[04:03] 目標表示: いまやること / ヒカリゴケを あつめよう
[04:03] 進捗表示: 0 / 2　→ 25m
[04:04] 進捗表示: 0 / 2　→ 23m
[04:05] 進捗表示: 0 / 2　→ 20m
[04:05] 進捗表示: 0 / 2　→ 18m
[04:06] 進捗表示: 0 / 2　→ 15m
[04:07] 進捗表示: 0 / 2　→ 12m
[04:08] 進捗表示: 0 / 2　→ 9m
[04:09] 進捗表示: 0 / 2　→ 7m
[04:09] 進捗表示: 0 / 2　→ 4m
[04:10] 進捗表示: 0 / 2
[04:12] 進捗表示: 1 / 2　→ 12m
[04:12] 進捗表示: 1 / 2　→ 10m
[04:13] 進捗表示: 1 / 2　→ 8m
[04:14] 進捗表示: 1 / 2　→ 6m
[04:15] 進捗表示: 1 / 2　→ 4m
[04:16] 進捗表示: 1 / 2
[04:17] 目標表示: いまやること / ざいりょうが そろったよ! Cで ランタンを作ろう
[04:17] クラフト操作: ランタン → ok
[04:18] 目標表示: いまやること / ランタンを 島に置こう(もちもの→おく)
[04:19] もちもの操作: おく → ランタン
[04:21] (7) 家具を島に置けた(ランタンを おいた)
[04:21] 目標表示: できた! / ツムギに ほうこくしよう
[04:21] (8) 配置後に目標が進んだ(配置を確認)
[04:21] 進捗表示: → 36m
RESULT {"result":"ok","totalSec":261,"errors":0,"flags":{"title":true,"firstTalk":true,"accepted":true,"gathered":true,"reported":true,"second":true,"materials":true,"crafted":true,"placed":true,"placeConfirmed":true}}
UX {"uxVerdict":"PASS","semanticMismatchCount":0,"refishDuringReportCount":0,"shopOpens":0,"stallCount":0}
