
> lumi-island@0.1.0 test:ux
> node tools/ux_bot.mjs

[00:07] タイトル表示
[00:14] ゲーム開始
[00:15] 目標表示: いまやること / WASDか矢印キーで あるいてみよう
[00:16] 目標表示: いまやること / ツムギの はなしを聞こう
[00:16] 進捗表示: → 3m
[00:18] 最初の会話が開いた
[00:20] 目標表示: いまやること / もくざいを あつめよう
[00:20] (1) 最初の依頼を受注できた
[00:20] 進捗表示: 0 / 5　→ 19m
[00:21] 進捗表示: 0 / 5　→ 17m
[00:21] 進捗表示: 0 / 5　→ 16m
[00:24] 進捗表示: 0 / 5　→ 18m
[00:25] 進捗表示: 0 / 5　→ 17m
[00:26] 進捗表示: 0 / 5　→ 15m
[00:27] 進捗表示: 0 / 5　→ 13m
[00:28] 進捗表示: 0 / 5　→ 10m
[00:29] 進捗表示: 0 / 5　→ 8m
[00:30] 進捗表示: 0 / 5　→ 5m
[00:31] 進捗表示: 0 / 5　→ 3m
[00:31] 進捗表示: 0 / 5
[00:33] 進捗表示: 1 / 5　→ 11m
[00:34] 進捗表示: 1 / 5　→ 9m
[00:34] 進捗表示: 1 / 5　→ 6m
[00:35] 進捗表示: 1 / 5　→ 4m
[00:36] 進捗表示: 1 / 5　→ 3m
[00:37] 進捗表示: 1 / 5　→ 2m
[00:38] 進捗表示: 1 / 5　→ 4m
[00:39] 進捗表示: 1 / 5　→ 2m
[00:40] 進捗表示: 3 / 5　→ 18m
[00:44] 進捗表示: 3 / 5　→ 15m
[00:44] 進捗表示: 3 / 5　→ 12m
[00:48] 進捗表示: 3 / 5　→ 10m
[00:49] 進捗表示: 3 / 5　→ 7m
[00:50] 進捗表示: 3 / 5　→ 4m
[00:51] 進捗表示: 3 / 5　→ 3m
[00:52] 進捗表示: 3 / 5
[00:53] 目標表示: できた! / ツムギに ほうこくしよう
[00:53] (2) 木材5つを集めきった
[00:53] 進捗表示: → 29m
[00:54] 進捗表示: → 28m
[00:55] 進捗表示: → 25m
[00:56] 進捗表示: → 23m
[00:57] 進捗表示: → 20m
[00:57] 進捗表示: → 17m
[00:58] 進捗表示: → 14m
[00:59] 進捗表示: → 11m
[01:00] 進捗表示: → 9m
[01:01] 進捗表示: → 8m
[01:02] 進捗表示: → 7m
[01:02] 進捗表示: → 5m
[01:03] 進捗表示: → 2m
[01:07] 目標表示: いまやること / ミナモの はなしを聞こう
[01:07] (3) ツムギへの報告が終わった
[01:07] 進捗表示: → 31m
[01:08] 進捗表示: → 29m
[01:08] 進捗表示: → 27m
[01:09] 進捗表示: → 25m
[01:10] 進捗表示: → 22m
[01:11] 進捗表示: → 20m
[01:12] 進捗表示: → 17m
[01:13] 進捗表示: → 14m
[01:13] 進捗表示: → 11m
[01:14] 進捗表示: → 9m
[01:15] 進捗表示: → 6m
[01:16] 進捗表示: → 3m
[01:19] 目標表示: いまやること / もくざいを あつめよう
[01:19] (4) つぎの依頼を受注できた
[01:19] 進捗表示: 0 / 2　→ 15m
[01:20] 進捗表示: 0 / 2　→ 13m
[01:20] 進捗表示: 0 / 2　→ 11m
[01:21] 進捗表示: 0 / 2　→ 9m
[01:22] 進捗表示: 0 / 2　→ 6m
[01:23] 進捗表示: 0 / 2　→ 3m
[01:24] 進捗表示: 0 / 2　→ 2m
[01:25] 進捗表示: 1 / 2　→ 49m
[01:26] 進捗表示: 1 / 2　→ 47m
[01:27] 進捗表示: 1 / 2　→ 44m
[01:28] 進捗表示: 1 / 2　→ 39m
[01:28] 進捗表示: 1 / 2　→ 36m
[01:29] 進捗表示: 1 / 2　→ 34m
[01:30] 進捗表示: 1 / 2　→ 31m
[01:31] 進捗表示: 1 / 2　→ 28m
[01:32] 進捗表示: 1 / 2　→ 25m
[01:32] 進捗表示: 1 / 2　→ 23m
[01:33] 進捗表示: 1 / 2　→ 20m
[01:34] 進捗表示: 1 / 2　→ 17m
[01:35] 進捗表示: 1 / 2　→ 15m
[01:35] 進捗表示: 1 / 2　→ 12m
[01:36] 進捗表示: 1 / 2　→ 10m
[01:37] 進捗表示: 1 / 2　→ 8m
[01:38] 進捗表示: 1 / 2　→ 5m
[01:39] 進捗表示: 1 / 2　→ 2m
[01:40] 進捗表示: 1 / 2
[01:41] 目標表示: いまやること / いしを あつめよう
[01:41] 進捗表示: 0 / 1　→ 6m
[01:42] 進捗表示: 0 / 1　→ 4m
[01:43] 進捗表示: 0 / 1　→ 2m
[01:45] 進捗表示: 0 / 1　→ 3m
[01:46] 進捗表示: 0 / 1
[01:47] 目標表示: いまやること / ざいりょうが そろったよ! Cで カマを作ろう
[01:47] (5) クラフトの素材がそろった
[01:48] クラフト操作: カマ → ok
[01:48] (6) 初クラフトができた
[01:49] 目標表示: いまやること / もくざいを あつめよう
[01:49] 進捗表示: 1 / 2　→ 24m
[01:50] 進捗表示: 1 / 2　→ 22m
[01:50] 進捗表示: 1 / 2　→ 19m
[01:51] 進捗表示: 1 / 2　→ 16m
[01:54] 進捗表示: 1 / 2　→ 15m
[01:56] 進捗表示: 1 / 2　→ 14m
[01:58] 進捗表示: 1 / 2　→ 15m
[01:59] 進捗表示: 1 / 2　→ 16m
[02:00] 進捗表示: 1 / 2　→ 15m
[02:01] 進捗表示: 1 / 2　→ 16m
[02:04] 進捗表示: 1 / 2　→ 15m
[02:05] 進捗表示: 1 / 2　→ 13m
[02:05] 進捗表示: 1 / 2　→ 11m
[02:06] 進捗表示: 1 / 2　→ 10m
[02:07] 進捗表示: 1 / 2　→ 7m
[02:08] 進捗表示: 1 / 2　→ 4m
[02:09] 進捗表示: 1 / 2
[02:10] 目標表示: いまやること / クサツルを あつめよう
[02:10] 進捗表示: 0 / 2　→ 9m
[02:11] 進捗表示: 0 / 2　→ 7m
[02:12] 進捗表示: 0 / 2　→ 6m
[02:13] 進捗表示: 0 / 2　→ 3m
[02:13] 進捗表示: 0 / 2
[02:15] 進捗表示: 1 / 2　→ 11m
[02:16] 進捗表示: 1 / 2　→ 13m
[02:17] 進捗表示: 1 / 2　→ 10m
[02:19] 進捗表示: 1 / 2　→ 9m
[02:20] 進捗表示: 1 / 2　→ 10m
[02:22] 進捗表示: 1 / 2　→ 9m
[02:23] 進捗表示: 1 / 2　→ 10m
[02:24] 進捗表示: 1 / 2　→ 11m
[02:25] 進捗表示: 1 / 2　→ 13m
[02:26] 進捗表示: 1 / 2　→ 14m
[02:27] 進捗表示: 1 / 2　→ 11m
[02:28] 進捗表示: 1 / 2　→ 9m
[02:30] 進捗表示: 1 / 2　→ 8m
[02:32] 進捗表示: 1 / 2　→ 9m
[02:33] 進捗表示: 1 / 2　→ 10m
[02:34] 進捗表示: 1 / 2　→ 4m
[02:35] 進捗表示: 1 / 2
[02:36] 目標表示: いまやること / ざいりょうが そろったよ! Cで ツリザオを作ろう
[02:37] クラフト操作: ツリザオ → ok
[02:38] 目標表示: いまやること / 桟橋で サカナをつろう
[02:38] 進捗表示: 0 / 1　→ 54m
[02:39] 進捗表示: 0 / 1　→ 53m
[02:39] 進捗表示: 0 / 1　→ 50m
[02:40] 進捗表示: 0 / 1　→ 47m
[02:41] 進捗表示: 0 / 1　→ 45m
[02:42] 進捗表示: 0 / 1　→ 42m
[02:43] 進捗表示: 0 / 1　→ 40m
[02:43] 進捗表示: 0 / 1　→ 37m
[02:44] 進捗表示: 0 / 1　→ 35m
[02:45] 進捗表示: 0 / 1　→ 32m
[02:46] 進捗表示: 0 / 1　→ 30m
[02:47] 進捗表示: 0 / 1　→ 28m
[02:47] 進捗表示: 0 / 1　→ 25m
[02:48] 進捗表示: 0 / 1　→ 23m
[02:49] 進捗表示: 0 / 1　→ 21m
[02:50] 進捗表示: 0 / 1　→ 18m
[02:50] 進捗表示: 0 / 1　→ 15m
[02:51] 進捗表示: 0 / 1　→ 13m
[02:52] 進捗表示: 0 / 1　→ 10m
[02:53] 進捗表示: 0 / 1　→ 8m
[02:53] 進捗表示: 0 / 1　→ 5m
[02:54] 進捗表示: 0 / 1　→ 3m
RESULT {"result":"error: Protocol error (Input.dispatchKeyEvent): Session closed. Most likely the page has been closed.","totalSec":175,"errors":0,"flags":{"title":true,"firstTalk":true,"accepted":true,"gathered":true,"reported":true,"second":true,"materials":true,"crafted":true,"placed":false,"placeConfirmed":false}}
UX {"uxVerdict":"FAIL","semanticMismatchCount":0,"refishDuringReportCount":0,"shopOpens":0,"stallCount":0}
