
Running 95 tests using 1 worker

  ok  1 tests\e2e\badge.spec.ts:87:1 › バッジタブ: ぜんぶのマスが シルエット+進捗で ならぶ → 初つりで色つきに かわる (7.8s)
  ok  2 tests\e2e\badge.spec.ts:138:1 › さかのぼり一括: あそんであるセーブを読むと まとめてつき、トーストは1枚だけ (10.5s)
  ok  3 tests\e2e\badge.spec.ts:195:1 › ごほうび限定の3点: じっせきを たっせいすると とどき、家に おける (6.6s)
  ok  4 tests\e2e\bottle.spec.ts:74:1 › メッセージボトル: 浜でひろう → 手紙が ひらく → ずかんに のこる (13.3s)
  ok  5 tests\e2e\bottle.spec.ts:136:1 › じっせきの ごほうび: 達成でとどく / 達成ずみのセーブには さかのぼってとどく (10.7s)
  ok  6 tests\e2e\chapter2.spec.ts:99:1 › ふねの修理: 500ルミナを ためて わたす → 桟橋の小舟に のれるようになる (14.6s)
  ok  7 tests\e2e\chapter2.spec.ts:141:1 › 入り江でロカに出会い、レンズを作って とうだいを ともす (57.6s)
  ok  8 tests\e2e\chapter2.spec.ts:265:1 › 誘導のエリアまたぎ: 場所がちがえば ふねの のりばへ案内する (7.5s)
  x   9 tests\e2e\chapter3.spec.ts:96:1 › 第3章: えきを たのむ → できる → でんしゃで いちば島 → 買いもの → 依頼 → かえる → セーブ復元 (1.0m)
  x  10 tests\e2e\chapter3.spec.ts:214:1 › 第3章: いちば島で 保存したセーブは いちば島から 始まり、いつでも 帰れる (0ms)
  x  11 tests\e2e\combo.spec.ts:84:1 › くみあわせ: はずれても減らない → 当てて発見 → 作って たべると 効果が出る (0ms)
  -  12 tests\e2e\combo.spec.ts:161:1 › いろみず: くみあわせで見つけて、おいてある家具の色を かえる(セーブでのこる)
  x  13 tests\e2e\daily.spec.ts:81:1 › 朝の「きょうの島」カード: 出る → Eで閉じる → その日はもう出ない (0ms)
  -  14 tests\e2e\daily.spec.ts:121:1 › でんごんばん: 見る → 素材を集めて とどける → ごほうびと チェックマーク
  x  15 tests\e2e\dialogue_camera.spec.ts:33:3 › 会話カメラ: tsumugi(向き合い・遮蔽なし・カメラが建物外) (0ms)
  -  16 tests\e2e\dialogue_camera.spec.ts:33:3 › 会話カメラ: minamo(向き合い・遮蔽なし・カメラが建物外)
  -  17 tests\e2e\dialogue_camera.spec.ts:33:3 › 会話カメラ: nokto(向き合い・遮蔽なし・カメラが建物外)
  x  18 tests\e2e\dialogue_click.spec.ts:158:1 › ねたあと・あめの日でも、会話の選択ボタンを実マウスで押せる (0ms)
  -  19 tests\e2e\dialogue_click.spec.ts:188:1 › 会話ボックスの上に、クリックを吸う要素が1つものっていない
  -  20 tests\e2e\dialogue_click.spec.ts:230:1 › 数字キー(1・2)でも会話の選択ボタンをえらべる(クリックの保険)
  x  21 tests\e2e\display_big.spec.ts:89:1 › おおきな すいそうを お庭に置く → 魚6ぴき → セーブ/ロードで6ぴきとも およいでいる (0ms)
  -  22 tests\e2e\display_big.spec.ts:187:1 › v12までのセーブ(content=1匹)を読むと contents に移り、中身が消えない
  x  23 tests\e2e\festival.spec.ts:94:1 › 7日めの朝: かざりが出て、カードが まつりを知らせる (0ms)
  -  24 tests\e2e\festival.spec.ts:107:1 › 6日めの朝: 前日の予告が出る
  -  25 tests\e2e\festival.spec.ts:115:1 › ゆうがた: みんなが集まり、ランタンをもらって とばすと 記録がのこる
  -  26 tests\e2e\festival.spec.ts:171:1 › 翌朝: かざりも E候補も 片づいている
  x  27 tests\e2e\fishing.spec.ts:25:1 › 夜に釣ったヨルサカナでも釣り依頼が達成になる (0ms)
  -  28 tests\e2e\fishing.spec.ts:51:1 › 釣った直後にEを3連打しても2匹目が始まらない
  x  29 tests\e2e\game.spec.ts:25:1 › タイトルから新規開始できる (0ms)
  -  30 tests\e2e\game.spec.ts:35:1 › プレイヤーが移動できる(WASD)
  -  31 tests\e2e\game.spec.ts:58:1 › 採取: 木をきって木材を得る(ノードは枯れて非表示化)
  -  32 tests\e2e\game.spec.ts:70:1 › クラフト: 材料からカマを作る(UI操作)
  -  33 tests\e2e\game.spec.ts:82:1 › 家具配置→リロードで復元される
  -  34 tests\e2e\game.spec.ts:100:1 › NPC会話と依頼の受注
  -  35 tests\e2e\game.spec.ts:121:1 › ポーズ中はゲーム内時間が止まる
  -  36 tests\e2e\game.spec.ts:146:1 › 釣り: 桟橋でサカナがつれる
  x  37 tests\e2e\home_expand2.spec.ts:120:1 › ツムギの ふだんの会話が、こうじのことを かならず教える (0ms)
  -  38 tests\e2e\home_expand2.spec.ts:161:1 › 800ルミナの2回目のこうじで部屋がさらに広がり、家具もセーブも保たれる
  x  39 tests\e2e\home_pack.spec.ts:98:1 › 「?」行 → 条件を やると 本物のレシピに かわる(おおきな むしかご) (0ms)
  -  40 tests\e2e\home_pack.spec.ts:161:1 › 新しい家具を 置くと ずかんの「すてき度」が 上がる
  x  41 tests\e2e\hotfix_v111.spec.ts:76:1 › 依頼のとちゅう(q2_shell受注中)でも 入り江 ⇄ 島 を往復できる (0ms)
  -  42 tests\e2e\hotfix_v111.spec.ts:141:1 › 報告に行くとちゅうでも 採取・拾いもの・ほりあと が使える(釣りと店は出ない)
  x  43 tests\e2e\lifelike_v21.spec.ts:42:1 › なかよし度10のミナモに話しかけると「ふたりの じかん」が1回だけ起きる (0ms)
  -  44 tests\e2e\lifelike_v21.spec.ts:101:1 › さんばしで20ひき つった人は ぬしを つりあげられる(タイミング押し3回)
  -  45 tests\e2e\lifelike_v21.spec.ts:143:1 › ぬしは 押しごろの まえに 押すと にげる。フラグは 立たないので 何度でも やりなおせる
  -  46 tests\e2e\lifelike_v21.spec.ts:172:1 › よるの入り江でも 釣りができる。ただし ふねの のりばが かならず 勝つ(島へ帰れなくならない)
  -  47 tests\e2e\lifelike_v21.spec.ts:205:1 › 立ち話は 会話ボックスを ひらかず、話しかけると ふつうの会話が 勝つ
  x  48 tests\e2e\lifelike_v24.spec.ts:75:1 › 置いた家具を Rで うごかして 置き直す → セーブに のこる (0ms)
  -  49 tests\e2e\lifelike_v24.spec.ts:127:1 › Pで しゃしんを とる → アルバムに のこる → しゃしんたてに かざる
  -  50 tests\e2e\lifelike_v24.spec.ts:199:1 › ふくを そめる → セーブ/ロードで のこる → NPCが 1回だけ 気づく
  -  51 tests\e2e\lifelike_v24.spec.ts:256:1 › ゆきの日: 白い島で ゆきを3回 あつめると ゆきだるまが できる
  x  52 tests\e2e\mail_v30.spec.ts:78:1 › 第1章を おえると ツムギから 手紙が とどき、ずかんで 読み返せる (0ms)
  -  53 tests\e2e\mail_v30.spec.ts:142:1 › なかよし度5の お礼の手紙も 受信箱に のこる
  -  54 tests\e2e\mail_v30.spec.ts:182:1 › クリアしたあとの目標カードに 3行めが出る(固定の2文字列は そのまま)
  x  55 tests\e2e\modal_pause.spec.ts:26:1 › 会話を開いているあいだ時刻が進まず、NPCも帰宅しない (0ms)
  -  56 tests\e2e\modal_pause.spec.ts:44:1 › クラフト画面を開いているあいだ時刻が進まない・閉じると再開する
  -  57 tests\e2e\modal_pause.spec.ts:60:1 › 複数UIを行き来しても停止が解除されない
  -  58 tests\e2e\modal_pause.spec.ts:80:1 › 依頼達成バナー表示中はプレイヤーが動かない
  x  59 tests\e2e\npc_home.spec.ts:114:1 › 在宅なら おじゃまできる: 入る → 家トーク → 出る (0ms)
  -  60 tests\e2e\npc_home.spec.ts:170:1 › 留守のときは入れない(表示だけで、Eを押しても何も起きない)
  -  61 tests\e2e\npc_home.spec.ts:185:1 › おみやげの日: なかよし度3以上なら1日1回だけ もらえる
  -  62 tests\e2e\npc_home.spec.ts:216:1 › 家の中でセーブ → 読み直しても 同じ家の中から始まる
  -  63 tests\e2e\npc_home.spec.ts:249:1 › 3軒それぞれに入れる(ノクトは昼・ツムギとミナモは夜)
  x  64 tests\e2e\onboarding.spec.ts:22:1 › 新規開始→誘導どおりに歩いてツムギから最初の依頼を受ける(デバッグなし) (0ms)
  x  65 tests\e2e\plush_shelf.spec.ts:88:1 › ぬいぐるみだなに 3つ ならべる → セーブ/ロードで 3つとも のこる (0ms)
  -  66 tests\e2e\plush_shelf.spec.ts:168:1 › たなを 色ぬりしても ならべた ぬいぐるみの色は 変わらない
  x  67 tests\e2e\save_transfer.spec.ts:66:1 › 書き出し → 別セーブ → よみこみ → まえの データに もどす (0ms)
  -  68 tests\e2e\save_transfer.spec.ts:153:1 › よみこんだデータで つづきから あそべる
  x  69 tests\e2e\sit_emote.spec.ts:64:1 › ベンチに すわって、Eで立てる (0ms)
  -  70 tests\e2e\sit_emote.spec.ts:93:1 › すわっているときに 動かすと 立つ
  -  71 tests\e2e\sit_emote.spec.ts:123:1 › すわっているあいだも 時間は流れる
  -  72 tests\e2e\sit_emote.spec.ts:140:1 › Xで てをふる → もう一度で よろこぶ / 近くの人が こたえる
  -  73 tests\e2e\sit_emote.spec.ts:176:1 › すわったままでも てをふれる(立ちあがらない)
  -  74 tests\e2e\sit_emote.spec.ts:198:1 › おいた家具のそばでは 家具の操作(もちかえる)が すわるより 先に出る
  x  75 tests\e2e\sleep.spec.ts:46:1 › 自宅のドアのEは「家に はいる」で、室内のベッドでだけ ねられる (0ms)
  -  76 tests\e2e\sleep.spec.ts:90:1 › ベッドでEを10回連打しても日付は1日だけ進む
  -  77 tests\e2e\sleep.spec.ts:122:1 › 睡眠中はプレイヤーが動かず、NPCも動かない
  -  78 tests\e2e\sleep.spec.ts:137:1 › 睡眠直後にリロードしても朝の時刻から始まる(同期後セーブ)
  -  79 tests\e2e\sleep.spec.ts:155:1 › 睡眠途中にEscを押しても状態が壊れない(ポーズも開かない)
  -  80 tests\e2e\sleep.spec.ts:171:1 › 室内で壁に向かって歩いても外へ抜けない(自動脱出も島へ飛ばさない)
  x  81 tests\e2e\story_v29.spec.ts:29:1 › はじめから → オープニングが出て、どのキーでも とばせる (0ms)
  -  82 tests\e2e\story_v29.spec.ts:72:1 › タップ(実マウス)でも とばせる
  -  83 tests\e2e\story_v29.spec.ts:83:1 › つづきから では オープニングは出ない(1回きり)
  x  84 tests\e2e\ui_wave_v161.spec.ts:98:3 › P0-1 タイトルの そうさほうほう: ロゴと4ボタンが 画面にのこる(720p・キーボード) (0ms)
  -  85 tests\e2e\ui_wave_v161.spec.ts:142:3 › P0-1 タイトルの せってい: 同じ形(720p)
  -  86 tests\e2e\ui_wave_v161.spec.ts:98:3 › P0-1 タイトルの そうさほうほう: ロゴと4ボタンが 画面にのこる(1024x768・キーボード)
  -  87 tests\e2e\ui_wave_v161.spec.ts:142:3 › P0-1 タイトルの せってい: 同じ形(1024x768)
  -  88 tests\e2e\ui_wave_v161.spec.ts:165:1 › P0-1 タッチのときも ロゴと4ボタンが のこる(そうさほうほう・タッチ版)
  -  89 tests\e2e\ui_wave_v161.spec.ts:189:1 › P0-1 ポーズメニューの そうさほうほうも パネルの中だけ 流れる
  -  90 tests\e2e\ui_wave_v161.spec.ts:226:1 › P0-2 ずかん: 3列とも 枠の中・個数が 読める・横スクロールなし
  -  91 tests\e2e\ui_wave_v161.spec.ts:317:1 › P0-3 3レーン: 小物=右下 / お祝い=中央上 / 左上は 目標カード専用
  -  92 tests\e2e\ui_wave_v161.spec.ts:389:1 › P1-7 はいち中の帯: ○/× が 出て、色と 高さが かわる
  x  93 tests\e2e\world_v26.spec.ts:51:1 › 名札: 4mまで近づくと出て、会話中は消え、はなれると消える (0ms)
  -  94 tests\e2e\world_v26.spec.ts:86:1 › ほしまつり: 5人ぜんいんが 輪に立ち、輪の上では 名札を出さない
  -  95 tests\e2e\world_v26.spec.ts:133:1 › よるの池の 光の群れ: 夜だけ 出る(メッシュ1枚・つかまえる候補は 出さない)


  1) tests\e2e\chapter3.spec.ts:96:1 › 第3章: えきを たのむ → できる → でんしゃで いちば島 → 買いもの → 依頼 → かえる → セーブ復元 ───

    TimeoutError: page.waitForFunction: Timeout 60000ms exceeded.

      30 | const str = async (page: Page, js: string): Promise<string> => String(await ev(page, js));
      31 | async function waitReady(page: Page): Promise<void> {
    > 32 |   await page.waitForFunction('window.__lumi && window.__lumi.ready===true', undefined, { timeout: 60000 });
         |              ^
      33 |   await page.waitForTimeout(500);
      34 | }
      35 | const hint = (p: Page): Promise<string> => str(p, "document.querySelector('.hud-hint')?.textContent ?? ''");
        at waitReady (C:\Users\2016k\Caoude作業フォルダ\90_Private\アプリ開発㉒_LumiIsland\tests\e2e\chapter3.spec.ts:32:14)
        at C:\Users\2016k\Caoude作業フォルダ\90_Private\アプリ開発㉒_LumiIsland\tests\e2e\chapter3.spec.ts:100:9

    Error: コンソールエラーなし

    expect(received).toEqual(expected) // deep equality

    - Expected  - 1
    + Received  + 9

    - Array []
    + Array [
    +   "[lumi] boot failed ReferenceError: MAIL_TIP_TEXT is not defined
    +     at collectDisplayTexts (http://localhost:5222/src/systems/TextStyleCheck.ts:143:40)
    +     at validateTextStyle (http://localhost:5222/src/systems/TextStyleCheck.ts:161:19)
    +     at validateChatData (http://localhost:5222/src/systems/ChatEventSystem.ts:520:24)
    +     at GameScene.init (http://localhost:5222/src/scenes/GameScene.ts:624:21)
    +     at async bootGame (http://localhost:5222/src/main.ts:174:3)
    +     at async boot (http://localhost:5222/src/main.ts:203:5)",
    + ]

      23 | }
      24 | test.afterEach(() => {
    > 25 |   expect(errors, 'コンソールエラーなし').toEqual([]);
         |                                ^
      26 | });
      27 |
      28 | const ev = (page: Page, js: string): Promise<unknown> => page.evaluate(js);
        at C:\Users\2016k\Caoude作業フォルダ\90_Private\アプリ開発㉒_LumiIsland\tests\e2e\chapter3.spec.ts:25:32

    Error Context: .logs\pw-w3a-results\chapter3-第3章-えきを-たのむ-→-できる-941c2-島-→-買いもの-→-依頼-→-かえる-→-セーブ復元\error-context.md

  2) tests\e2e\chapter3.spec.ts:214:1 › 第3章: いちば島で 保存したセーブは いちば島から 始まり、いつでも 帰れる ────────────────────

    Error: worker process exited unexpectedly (code=3221225794, signal=null)

  3) tests\e2e\combo.spec.ts:84:1 › くみあわせ: はずれても減らない → 当てて発見 → 作って たべると 効果が出る ──────────────────────

    Error: worker process exited unexpectedly (code=3221225794, signal=null)

  4) tests\e2e\daily.spec.ts:81:1 › 朝の「きょうの島」カード: 出る → Eで閉じる → その日はもう出ない ───────────────────────────

    Error: worker process exited unexpectedly (code=3221225794, signal=null)

  5) tests\e2e\dialogue_camera.spec.ts:33:3 › 会話カメラ: tsumugi(向き合い・遮蔽なし・カメラが建物外) ────────────────────

    Error: worker process exited unexpectedly (code=3221225794, signal=null)

  6) tests\e2e\dialogue_click.spec.ts:158:1 › ねたあと・あめの日でも、会話の選択ボタンを実マウスで押せる ────────────────────────

    Error: worker process exited unexpectedly (code=3221225794, signal=null)

  7) tests\e2e\display_big.spec.ts:89:1 › おおきな すいそうを お庭に置く → 魚6ぴき → セーブ/ロードで6ぴきとも およいでいる ───────────

    Error: worker process exited unexpectedly (code=3221225794, signal=null)

  8) tests\e2e\festival.spec.ts:94:1 › 7日めの朝: かざりが出て、カードが まつりを知らせる ─────────────────────────────────

    Error: worker process exited unexpectedly (code=3221225794, signal=null)

  9) tests\e2e\fishing.spec.ts:25:1 › 夜に釣ったヨルサカナでも釣り依頼が達成になる ───────────────────────────────────────

    Error: worker process exited unexpectedly (code=3221225794, signal=null)

  10) tests\e2e\game.spec.ts:25:1 › タイトルから新規開始できる ──────────────────────────────────────────────────

    Error: worker process exited unexpectedly (code=3221225794, signal=null)

  11) tests\e2e\home_expand2.spec.ts:120:1 › ツムギの ふだんの会話が、こうじのことを かならず教える ──────────────────────────

    Error: worker process exited unexpectedly (code=3221225794, signal=null)

  12) tests\e2e\home_pack.spec.ts:98:1 › 「?」行 → 条件を やると 本物のレシピに かわる(おおきな むしかご) ─────────────────────

    Error: worker process exited unexpectedly (code=3221225794, signal=null)

  13) tests\e2e\hotfix_v111.spec.ts:76:1 › 依頼のとちゅう(q2_shell受注中)でも 入り江 ⇄ 島 を往復できる ───────────────────

    Error: worker process exited unexpectedly (code=3221225794, signal=null)

  14) tests\e2e\lifelike_v21.spec.ts:42:1 › なかよし度10のミナモに話しかけると「ふたりの じかん」が1回だけ起きる ───────────────────

    Error: worker process exited unexpectedly (code=3221225794, signal=null)

  15) tests\e2e\lifelike_v24.spec.ts:75:1 › 置いた家具を Rで うごかして 置き直す → セーブに のこる ────────────────────────

    Error: worker process exited unexpectedly (code=3221225794, signal=null)

  16) tests\e2e\mail_v30.spec.ts:78:1 › 第1章を おえると ツムギから 手紙が とどき、ずかんで 読み返せる ─────────────────────────

    Error: worker process exited unexpectedly (code=3221225794, signal=null)

  17) tests\e2e\modal_pause.spec.ts:26:1 › 会話を開いているあいだ時刻が進まず、NPCも帰宅しない ─────────────────────────────

    Error: worker process exited unexpectedly (code=3221225794, signal=null)

  18) tests\e2e\npc_home.spec.ts:114:1 › 在宅なら おじゃまできる: 入る → 家トーク → 出る ──────────────────────────────

    Error: worker process exited unexpectedly (code=3221225794, signal=null)

  19) tests\e2e\onboarding.spec.ts:22:1 › 新規開始→誘導どおりに歩いてツムギから最初の依頼を受ける(デバッグなし) ─────────────────────

    Error: worker process exited unexpectedly (code=3221225794, signal=null)

  20) tests\e2e\plush_shelf.spec.ts:88:1 › ぬいぐるみだなに 3つ ならべる → セーブ/ロードで 3つとも のこる ────────────────────

    Error: worker process exited unexpectedly (code=3221225794, signal=null)

  21) tests\e2e\save_transfer.spec.ts:66:1 › 書き出し → 別セーブ → よみこみ → まえの データに もどす ─────────────────────

    Error: worker process exited unexpectedly (code=3221225794, signal=null)

  22) tests\e2e\sit_emote.spec.ts:64:1 › ベンチに すわって、Eで立てる ───────────────────────────────────────────

    Error: worker process exited unexpectedly (code=3221225794, signal=null)

  23) tests\e2e\sleep.spec.ts:46:1 › 自宅のドアのEは「家に はいる」で、室内のベッドでだけ ねられる ──────────────────────────────

    Error: worker process exited unexpectedly (code=3221225794, signal=null)

  24) tests\e2e\story_v29.spec.ts:29:1 › はじめから → オープニングが出て、どのキーでも とばせる ─────────────────────────────

    Error: worker process exited unexpectedly (code=3221225794, signal=null)

  25) tests\e2e\ui_wave_v161.spec.ts:98:3 › P0-1 タイトルの そうさほうほう: ロゴと4ボタンが 画面にのこる(720p・キーボード) ────────

    Error: worker process exited unexpectedly (code=3221225794, signal=null)

  26) tests\e2e\world_v26.spec.ts:51:1 › 名札: 4mまで近づくと出て、会話中は消え、はなれると消える ────────────────────────────

    Error: worker process exited unexpectedly (code=3221225794, signal=null)

  26 failed
    tests\e2e\chapter3.spec.ts:96:1 › 第3章: えきを たのむ → できる → でんしゃで いちば島 → 買いもの → 依頼 → かえる → セーブ復元 ────
    tests\e2e\chapter3.spec.ts:214:1 › 第3章: いちば島で 保存したセーブは いちば島から 始まり、いつでも 帰れる ─────────────────────
    tests\e2e\combo.spec.ts:84:1 › くみあわせ: はずれても減らない → 当てて発見 → 作って たべると 効果が出る ───────────────────────
    tests\e2e\daily.spec.ts:81:1 › 朝の「きょうの島」カード: 出る → Eで閉じる → その日はもう出ない ────────────────────────────
    tests\e2e\dialogue_camera.spec.ts:33:3 › 会話カメラ: tsumugi(向き合い・遮蔽なし・カメラが建物外) ─────────────────────
    tests\e2e\dialogue_click.spec.ts:158:1 › ねたあと・あめの日でも、会話の選択ボタンを実マウスで押せる ─────────────────────────
    tests\e2e\display_big.spec.ts:89:1 › おおきな すいそうを お庭に置く → 魚6ぴき → セーブ/ロードで6ぴきとも およいでいる ────────────
    tests\e2e\festival.spec.ts:94:1 › 7日めの朝: かざりが出て、カードが まつりを知らせる ──────────────────────────────────
    tests\e2e\fishing.spec.ts:25:1 › 夜に釣ったヨルサカナでも釣り依頼が達成になる ────────────────────────────────────────
    tests\e2e\game.spec.ts:25:1 › タイトルから新規開始できる ────────────────────────────────────────────────────
    tests\e2e\home_expand2.spec.ts:120:1 › ツムギの ふだんの会話が、こうじのことを かならず教える ────────────────────────────
    tests\e2e\home_pack.spec.ts:98:1 › 「?」行 → 条件を やると 本物のレシピに かわる(おおきな むしかご) ───────────────────────
    tests\e2e\hotfix_v111.spec.ts:76:1 › 依頼のとちゅう(q2_shell受注中)でも 入り江 ⇄ 島 を往復できる ─────────────────────
    tests\e2e\lifelike_v21.spec.ts:42:1 › なかよし度10のミナモに話しかけると「ふたりの じかん」が1回だけ起きる ─────────────────────
    tests\e2e\lifelike_v24.spec.ts:75:1 › 置いた家具を Rで うごかして 置き直す → セーブに のこる ──────────────────────────
    tests\e2e\mail_v30.spec.ts:78:1 › 第1章を おえると ツムギから 手紙が とどき、ずかんで 読み返せる ───────────────────────────
    tests\e2e\modal_pause.spec.ts:26:1 › 会話を開いているあいだ時刻が進まず、NPCも帰宅しない ───────────────────────────────
    tests\e2e\npc_home.spec.ts:114:1 › 在宅なら おじゃまできる: 入る → 家トーク → 出る ────────────────────────────────
    tests\e2e\onboarding.spec.ts:22:1 › 新規開始→誘導どおりに歩いてツムギから最初の依頼を受ける(デバッグなし) ───────────────────────
    tests\e2e\plush_shelf.spec.ts:88:1 › ぬいぐるみだなに 3つ ならべる → セーブ/ロードで 3つとも のこる ──────────────────────
    tests\e2e\save_transfer.spec.ts:66:1 › 書き出し → 別セーブ → よみこみ → まえの データに もどす ───────────────────────
    tests\e2e\sit_emote.spec.ts:64:1 › ベンチに すわって、Eで立てる ─────────────────────────────────────────────
    tests\e2e\sleep.spec.ts:46:1 › 自宅のドアのEは「家に はいる」で、室内のベッドでだけ ねられる ────────────────────────────────
    tests\e2e\story_v29.spec.ts:29:1 › はじめから → オープニングが出て、どのキーでも とばせる ───────────────────────────────
    tests\e2e\ui_wave_v161.spec.ts:98:3 › P0-1 タイトルの そうさほうほう: ロゴと4ボタンが 画面にのこる(720p・キーボード) ──────────
    tests\e2e\world_v26.spec.ts:51:1 › 名札: 4mまで近づくと出て、会話中は消え、はなれると消える ──────────────────────────────
  61 did not run
  8 passed (3.2m)
