
> lumi-island@0.1.0 test:regression
> node tools/playtest_bot.mjs

[00:03] タイトル表示
[00:05] ゲーム開始(新規)
[00:06] 目標: tut_move
[00:08] 目標: q_wood_offer
[00:10] 目標: q_wood_gather
nav 14s 迂回はじめ: (-20.0,-6.0)へ 15.2m で足ぶみ → 45度 左まわり(24秒まで)
nav 16s 迂回: 45度でも進めない → 90度に広げる
nav 19s 迂回おわり: 15.2m→11.4m まで近づけた
[00:25] はじめての採取
hb 26s pos=(-20.8,-4.6) obj=q_wood_gather hour=19.2
nav 37s 迂回はじめ: (-26.0,14.0)へ 11.6m で足ぶみ → 45度 左まわり(24秒まで)
nav 40s 迂回: 45度でも進めない → 90度に広げる
nav 41s 迂回: 逆まわり(右)へ
nav 44s 迂回: 45度でも進めない → 90度に広げる
hb 46s pos=(-18.2,7.2) obj=q_wood_gather hour=20.0
nav 47s 迂回おわり: 11.6m→8.8m まで近づけた
[00:51] はじめての夜(発光を確認)
[00:51] 目標: q_wood_report
nav 59s 迂回はじめ: (-2.6,-3.5)へ 10.2m で足ぶみ → 45度 左まわり(15秒まで)
nav 62s 迂回: 45度でも進めない → 90度に広げる
hb 66s pos=(-4.7,4.8) obj=q_wood_report hour=20.8
nav 66s 迂回おわり: 10.2m→7.3m まで近づけた
[01:11] 目標: q_fish_offer
[01:23] 目標: q_fish_mats_wood
hb 86s pos=(20.1,21.5) obj=q_fish_mats_wood hour=21.4
[01:44] 目標: q_fish_mats_stone
hb 106s pos=(-28.1,17.3) obj=q_fish_mats_stone hour=22.2
[01:48] 目標: q_fish_craft_r_sickle
[01:49] はじめてのクラフト
[01:49] 目標: q_fish_mats_wood
nav 114s 迂回はじめ: (-30.0,-4.0)へ 16.0m で足ぶみ → 45度 左まわり(24秒まで)
nav 117s 迂回: 45度でも進めない → 90度に広げる
nav 121s 迂回おわり: 16.0m→12.7m まで近づけた
[02:06] 目標: q_fish_mats_fiber
hb 126s pos=(-29.1,-4.2) obj=q_fish_mats_fiber hour=23.0
[02:15] 目標: q_fish_craft_r_rod
[02:16] 目標: q_fish_fish
hb 146s pos=(4.0,33.4) obj=q_fish_fish hour=23.7
[02:36] 目標: q_fish_report
nav 160s 迂回はじめ: (23.5,13.0)へ 37.1m で足ぶみ → 45度 左まわり(17秒まで)
nav 161s 迂回: 45度でも進めない → 90度に広げる
hb 166s pos=(5.3,47.0) obj=q_fish_report hour=0.5
nav 177s 迂回おわり: 時間切れ(37.1m)。直進を試す
nav 180s 迂回はじめ: (23.5,13.0)へ 37.1m で足ぶみ → 45度 右まわり(9秒まで)
nav 182s 迂回おわり: 37.1m→34.6m まで近づけた
nav 184s 迂回はじめ: (23.5,13.0)へ 33.7m で足ぶみ → 45度 右まわり(8秒まで)
nav 185s 迂回おわり: 33.7m→31.0m まで近づけた
hb 186s pos=(6.1,37.3) obj=q_fish_report hour=1.3
nav 195s 迂回はじめ: (23.5,13.0)へ 11.0m で足ぶみ → 45度 右まわり(8秒まで)
nav 196s 迂回おわり: 11.0m→8.1m まで近づけた
[03:20] 目標: q_ore_offer
hb 206s pos=(28.0,-2.6) obj=q_ore_offer hour=2.1
[03:35] 目標: q_ore_gather
[03:45] 目標: q_ore_report
hb 226s pos=(34.5,-28.0) obj=q_ore_report hour=2.8
[03:50] 目標: q_lantern_offer
[04:05] 目標: q_lantern_mats_wood
hb 246s pos=(-5.1,-1.5) obj=q_lantern_mats_wood hour=3.5
nav 249s 迂回はじめ: (-20.0,-6.0)へ 15.2m で足ぶみ → 45度 左まわり(24秒まで)
nav 250s 迂回: 45度でも進めない → 90度に広げる
nav 253s 迂回おわり: 15.2m→11.6m まで近づけた
[04:18] 目標: q_lantern_mats_moss
hb 266s pos=(-15.3,-24.7) obj=q_lantern_mats_moss hour=4.3
[04:29] 目標: q_lantern_craft_r_lantern
[04:30] 目標: q_lantern_place
[04:44] はじめての家具配置
[04:44] 目標: q_lantern_report
hb 286s pos=(-2.3,2.4) obj=q_lantern_report hour=5.0
[04:48] 目標: q_lumi_offer
[04:50] 目標: q_lumi_mats_moss
[05:04] 目標: q_lumi_craft_r_lantern
[05:05] 目標: q_lumi_place
hb 306s pos=(4.2,-30.8) obj=q_lumi_place hour=5.7
[05:19] 目標: q_lumi_mats_wood
hb 326s pos=(-19.3,-2.3) obj=q_lumi_mats_wood hour=6.5
[05:28] 目標: q_lumi_mats_moss
hb 346s pos=(9.5,-27.8) obj=q_lumi_mats_moss hour=7.2
[05:47] 目標: q_lumi_craft_r_lantern
[05:48] 目標: q_lumi_place
[06:00] 目標: q_lumi_report
[06:05] 目標: q2_boat_offer
[06:05] ルミの木 開花!
hb 366s pos=(-2.5,0.9) obj=q2_boat_offer hour=7.9
nav 376s 迂回はじめ: (-30.9,6.7)へ 6.9m で足ぶみ → 45度 左まわり(20秒まで)
nav 377s 迂回おわり: 6.9m→4.0m まで近づけた
[06:24] マイホーム 入室→就寝→退出: OK
[06:24] === 第2章 開始 ===
[06:24] 目標: q2_boat_offer
hb 386s pos=(-25.2,10.9) obj=q2_boat_offer hour=6.2
nav 389s 迂回はじめ: (23.3,12.7)へ 48.1m で足ぶみ → 45度 左まわり(16秒まで)
nav 390s 迂回: 45度でも進めない → 90度に広げる
nav 391s 迂回: 逆まわり(右)へ
nav 395s 迂回おわり: 48.1m→44.9m まで近づけた
hb 406s pos=(14.1,12.6) obj=q2_boat_offer hour=7.0
[06:50] 目標: q2_boat_wood
hb 426s pos=(-11.6,14.0) obj=q2_boat_wood hour=7.7
nav 435s 迂回はじめ: (-30.0,-4.0)へ 16.0m で足ぶみ → 45度 左まわり(24秒まで)
nav 438s 迂回: 45度でも進めない → 90度に広げる
nav 441s 迂回おわり: 16.0m→12.8m まで近づけた
hb 446s pos=(-29.1,-4.3) obj=q2_boat_report hour=8.5
[07:26] 目標: q2_boat_report
[07:45] ふねが なおった(boat_repaired)
[07:45] 目標: ch2_first_sail
hb 466s pos=(19.8,14.8) obj=ch2_first_sail hour=9.3
hb 486s pos=(-51.2,63.3) obj=q2_meet_offer hour=9.7
[08:06] よるの入り江へ 上陸した
[08:06] 目標: q2_meet_offer
[08:13] ロカと であった
[08:13] 目標: q2_shell_offer
[08:14] 目標: q2_shell_gather
[08:25] 目標: q2_shell_report
hb 506s pos=(-50.0,60.2) obj=q2_shell_report hour=10.4
[08:32] ひかりの貝を 見せた
[08:32] 目標: q2_starweed_offer
[08:33] 目標: q2_starweed_gather
[08:43] 目標: q2_starweed_report
hb 526s pos=(-63.0,59.2) obj=q2_starweed_report hour=11.1
[08:48] ほしくさを 見せた
[08:48] 目標: q2_lens_offer
[08:50] 目標: q2_lens_mats_ore_sail_island
nav 536s 迂回はじめ: (-51.2,66.8)へ 6.3m で足ぶみ → 45度 左まわり(24秒まで)
nav 538s 迂回: 45度でも進めない → 90度に広げる
nav 540s 迂回: 逆まわり(右)へ
nav 541s 迂回おわり: 6.3m→3.6m まで近づけた
nav 543s 迂回はじめ: (-51.2,66.8)へ 3.6m で足ぶみ → 45度 右まわり(24秒まで)
nav 545s 迂回: 45度でも進めない → 90度に広げる
hb 546s pos=(-50.9,62.8) obj=q2_lens_mats_ore_sail_island hour=11.8
nav 548s 迂回: 45度でも進めない → 90度に広げる
nav 549s 迂回: 逆まわり(左)へ
nav 552s 迂回: 45度でも進めない → 90度に広げる
nav 553s 迂回: 両がわ詰まり → いったん下がる
nav 557s 迂回: 45度でも進めない → 90度に広げる
nav 558s 迂回: 両がわ詰まり → いったん下がる
nav 560s 迂回: 両がわ詰まり → いったん下がる
nav 563s 迂回: 両がわ詰まり → いったん下がる
nav 565s 迂回: 両がわ詰まり → いったん下がる
hb 566s pos=(-61.7,63.5) obj=q2_lens_mats_ore_sail_island hour=12.6
nav 568s 迂回おわり: 時間切れ(2.6m)。直進を試す
nav 570s 迂回はじめ: (-51.2,66.8)へ 2.6m で足ぶみ → 45度 左まわり(24秒まで)
nav 571s 迂回: 45度でも進めない → 90度に広げる
nav 573s 迂回: 逆まわり(右)へ
nav 575s 迂回: 45度でも進めない → 90度に広げる
nav 579s 迂回: 45度でも進めない → 90度に広げる
nav 580s 迂回: 両がわ詰まり → いったん下がる
nav 582s 迂回: 両がわ詰まり → いったん下がる
nav 584s 迂回: 両がわ詰まり → いったん下がる
nav 586s 迂回: 両がわ詰まり → いったん下がる
hb 586s pos=(-45.6,61.9) obj=q2_lens_mats_ore_sail_island hour=13.4
nav 588s 迂回: 両がわ詰まり → いったん下がる
nav 589s 迂回: 両がわ詰まり → いったん下がる
nav 591s 迂回: 両がわ詰まり → いったん下がる
nav 592s 迂回: 両がわ詰まり → いったん下がる
nav 593s 迂回: 両がわ詰まり → いったん下がる
nav 594s 迂回おわり: 時間切れ(2.6m)。直進を試す
nav 597s 迂回はじめ: (-51.2,66.8)へ 2.6m で足ぶみ → 45度 左まわり(21秒まで)
nav 599s 迂回: 45度でも進めない → 90度に広げる
nav 603s 迂回: 45度でも進めない → 90度に広げる
nav 604s 迂回: 逆まわり(右)へ
hb 606s pos=(-53.8,64.7) obj=q2_lens_mats_ore_sail_island hour=14.2
nav 607s 迂回: 45度でも進めない → 90度に広げる
nav 610s 迂回: 45度でも進めない → 90度に広げる
nav 611s 迂回: 両がわ詰まり → いったん下がる
nav 614s 迂回: 両がわ詰まり → いったん下がる
nav 616s 迂回: 両がわ詰まり → いったん下がる
nav 618s 迂回: 両がわ詰まり → いったん下がる
nav 618s 迂回おわり: 時間切れ(2.6m)。直進を試す
nav 621s 迂回はじめ: (-51.2,66.8)へ 2.6m で足ぶみ → 45度 左まわり(12秒まで)
nav 623s 迂回: 45度でも進めない → 90度に広げる
hb 626s pos=(-54.7,65.3) obj=q2_lens_mats_ore_sail_island hour=15.0
nav 627s 迂回: 45度でも進めない → 90度に広げる
nav 628s 迂回: 逆まわり(右)へ
nav 631s 迂回: 45度でも進めない → 90度に広げる
nav 633s 迂回おわり: 時間切れ(2.6m)。直進を試す
nav 636s 迂回はじめ: (-51.2,66.8)へ 2.6m で足ぶみ → 45度 左まわり(8秒まで)
nav 637s 迂回: 45度でも進めない → 90度に広げる
nav 641s 迂回: 45度でも進めない → 90度に広げる
nav 642s 迂回: 逆まわり(右)へ
nav 644s 迂回おわり: 時間切れ(2.6m)。直進を試す
hb 646s pos=(-53.6,64.5) obj=q2_lens_mats_ore_sail_island hour=15.8
nav 647s 迂回はじめ: (-51.2,66.8)へ 2.6m で足ぶみ → 45度 左まわり(8秒まで)
nav 648s 迂回: 45度でも進めない → 90度に広げる
nav 653s 迂回はじめ: (-51.2,66.8)へ 4.1m で足ぶみ → 45度 左まわり(24秒まで)
nav 654s 迂回: 45度でも進めない → 90度に広げる
nav 655s 迂回: 逆まわり(右)へ
nav 658s 迂回: 45度でも進めない → 90度に広げる
nav 661s 迂回: 45度でも進めない → 90度に広げる
nav 662s 迂回: 両がわ詰まり → いったん下がる
nav 664s 迂回: 両がわ詰まり → いったん下がる
hb 666s pos=(-45.7,62.2) obj=q2_lens_mats_ore_sail_island hour=16.6
nav 667s 迂回: 両がわ詰まり → いったん下がる
nav 669s 迂回: 両がわ詰まり → いったん下がる
nav 671s 迂回: 両がわ詰まり → いったん下がる
nav 672s 迂回: 両がわ詰まり → いったん下がる
nav 674s 迂回: 両がわ詰まり → いったん下がる
nav 675s 迂回: 両がわ詰まり → いったん下がる
nav 676s 迂回: 両がわ詰まり → いったん下がる
nav 678s 迂回おわり: 時間切れ(3.3m)。直進を試す
nav 680s 迂回はじめ: (-51.2,66.8)へ 3.3m で足ぶみ → 45度 右まわり(24秒まで)
nav 681s 迂回: 45度でも進めない → 90度に広げる
nav 683s 迂回: 逆まわり(左)へ
nav 684s 迂回: 45度でも進めない → 90度に広げる
hb 686s pos=(-54.3,63.1) obj=q2_lens_mats_ore_sail_island hour=17.4
nav 688s 迂回: 45度でも進めない → 90度に広げる
nav 690s 迂回: 両がわ詰まり → いったん下がる
nav 692s 迂回: 両がわ詰まり → いったん下がる
nav 694s 迂回: 両がわ詰まり → いったん下がる
nav 697s 迂回: 両がわ詰まり → いったん下がる
nav 699s 迂回: 両がわ詰まり → いったん下がる
nav 702s 迂回: 両がわ詰まり → いったん下がる
nav 704s 迂回: 両がわ詰まり → いったん下がる
nav 705s 迂回おわり: 時間切れ(3.3m)。直進を試す
hb 706s pos=(-63.0,65.4) obj=q2_lens_mats_ore_sail_island hour=18.2
nav 707s 迂回はじめ: (-51.2,66.8)へ 3.3m で足ぶみ → 45度 右まわり(24秒まで)
nav 710s 迂回: 45度でも進めない → 90度に広げる
nav 714s 迂回: 45度でも進めない → 90度に広げる
nav 715s 迂回: 逆まわり(左)へ
nav 718s 迂回: 45度でも進めない → 90度に広げる
nav 719s 迂回: 両がわ詰まり → いったん下がる
nav 723s 迂回: 45度でも進めない → 90度に広げる
nav 724s 迂回: 両がわ詰まり → いったん下がる
hb 726s pos=(-57.4,65.5) obj=q2_lens_mats_ore_sail_island hour=19.0
nav 727s 迂回: 両がわ詰まり → いったん下がる
nav 729s 迂回: 両がわ詰まり → いったん下がる
nav 732s 迂回おわり: 時間切れ(2.5m)。直進を試す
nav 734s 迂回はじめ: (-51.2,66.8)へ 2.5m で足ぶみ → 45度 左まわり(14秒まで)
nav 735s 迂回: 45度でも進めない → 90度に広げる
nav 736s 迂回: 逆まわり(右)へ
nav 739s 迂回: 45度でも進めない → 90度に広げる
nav 742s 迂回: 両がわ詰まり → いったん下がる
nav 744s 迂回: 両がわ詰まり → いったん下がる
nav 746s 迂回: 両がわ詰まり → いったん下がる
hb 746s pos=(-45.0,61.2) obj=q2_lens_mats_ore_sail_island hour=19.8
nav 748s 迂回: 両がわ詰まり → いったん下がる
nav 749s 迂回おわり: 時間切れ(2.5m)。直進を試す
nav 752s 迂回はじめ: (-51.2,66.8)へ 2.5m で足ぶみ → 45度 左まわり(8秒まで)
nav 753s 迂回: 45度でも進めない → 90度に広げる
nav 757s 迂回: 45度でも進めない → 90度に広げる
nav 759s 迂回: 逆まわり(右)へ
nav 760s 迂回おわり: 時間切れ(2.5m)。直進を試す
nav 763s 迂回はじめ: (-51.2,66.8)へ 2.5m で足ぶみ → 45度 左まわり(8秒まで)
nav 764s 迂回: 45度でも進めない → 90度に広げる
hb 766s pos=(-55.2,65.8) obj=q2_lens_mats_ore_sail_island hour=20.6
nav 766s 迂回: 逆まわり(右)へ
nav 768s 迂回: 45度でも進めない → 90度に広げる
nav 773s 迂回はじめ: (-51.2,66.8)へ 3.3m で足ぶみ → 45度 左まわり(24秒まで)
nav 775s 迂回: 45度でも進めない → 90度に広げる
nav 778s 迂回: 45度でも進めない → 90度に広げる
nav 780s 迂回: 逆まわり(右)へ
nav 782s 迂回: 45度でも進めない → 90度に広げる
nav 786s 迂回: 45度でも進めない → 90度に広げる
hb 786s pos=(-48.5,63.9) obj=q2_lens_mats_ore_sail_island hour=21.4
nav 787s 迂回: 両がわ詰まり → いったん下がる
nav 789s 迂回: 両がわ詰まり → いったん下がる
nav 791s 迂回: 両がわ詰まり → いったん下がる
nav 793s 迂回: 両がわ詰まり → いったん下がる
nav 795s 迂回: 両がわ詰まり → いったん下がる
nav 796s 迂回: 両がわ詰まり → いったん下がる
nav 797s 迂回おわり: 時間切れ(3.3m)。直進を試す
nav 800s 迂回はじめ: (-51.2,66.8)へ 3.3m で足ぶみ → 45度 左まわり(24秒まで)
nav 802s 迂回: 45度でも進めない → 90度に広げる
nav 806s 迂回: 45度でも進めない → 90度に広げる
hb 806s pos=(-54.8,65.4) obj=q2_lens_mats_ore_sail_island hour=22.2
nav 807s 迂回: 逆まわり(右)へ
nav 810s 迂回: 45度でも進めない → 90度に広げる
nav 813s 迂回: 45度でも進めない → 90度に広げる
nav 814s 迂回: 両がわ詰まり → いったん下がる
nav 816s 迂回: 両がわ詰まり → いったん下がる
nav 819s 迂回: 両がわ詰まり → いったん下がる
nav 821s 迂回: 両がわ詰まり → いったん下がる
nav 822s 迂回: 両がわ詰まり → いったん下がる
nav 824s 迂回: 両がわ詰まり → いったん下がる
nav 825s 迂回おわり: 時間切れ(3.2m)。直進を試す
hb 826s pos=(-47.0,62.8) obj=q2_lens_mats_ore_sail_island hour=23.0
nav 828s 迂回はじめ: (-51.2,66.8)へ 3.2m で足ぶみ → 45度 左まわり(24秒まで)
nav 829s 迂回: 45度でも進めない → 90度に広げる
nav 833s 迂回: 45度でも進めない → 90度に広げる
nav 835s 迂回: 逆まわり(右)へ
nav 837s 迂回: 45度でも進めない → 90度に広げる
nav 840s 迂回: 45度でも進めない → 90度に広げる
nav 842s 迂回: 両がわ詰まり → いったん下がる
nav 844s 迂回: 両がわ詰まり → いったん下がる
nav 846s 迂回: 両がわ詰まり → いったん下がる
hb 846s pos=(-45.6,61.9) obj=q2_lens_mats_ore_sail_island hour=23.8
nav 848s 迂回: 両がわ詰まり → いったん下がる
nav 850s 迂回: 両がわ詰まり → いったん下がる
nav 851s 迂回: 両がわ詰まり → いったん下がる
nav 852s 迂回おわり: 時間切れ(3.2m)。直進を試す
nav 855s 迂回はじめ: (-51.2,66.8)へ 3.2m で足ぶみ → 45度 左まわり(14秒まで)
nav 857s 迂回: 45度でも進めない → 90度に広げる
nav 860s 迂回: 45度でも進めない → 90度に広げる
nav 862s 迂回: 逆まわり(右)へ
nav 864s 迂回: 45度でも進めない → 90度に広げる
hb 866s pos=(-48.4,63.5) obj=q2_lens_mats_ore_sail_island hour=0.6
nav 868s 迂回: 45度でも進めない → 90度に広げる
nav 869s 迂回: 両がわ詰まり → いったん下がる
nav 870s 迂回おわり: 時間切れ(3.2m)。直進を試す
nav 872s 迂回はじめ: (-51.2,66.8)へ 3.2m で足ぶみ → 45度 左まわり(8秒まで)
nav 873s 迂回: 45度でも進めない → 90度に広げる
nav 877s 迂回: 45度でも進めない → 90度に広げる
nav 879s 迂回: 逆まわり(右)へ
nav 880s 迂回おわり: 時間切れ(3.2m)。直進を試す
nav 883s 迂回はじめ: (-51.2,66.8)へ 3.2m で足ぶみ → 45度 左まわり(8秒まで)
nav 884s 迂回: 45度でも進めない → 90度に広げる
hb 886s pos=(-56.0,66.2) obj=q2_lens_mats_ore_sail_island hour=1.4
nav 888s 迂回: 逆まわり(右)へ
nav 890s 迂回: 45度でも進めない → 90度に広げる
[15:02] 目標: q2_lens_mats_ore
nav 906s 迂回はじめ: (30.0,-21.0)へ 65.3m で足ぶみ → 45度 左まわり(24秒まで)
hb 906s pos=(5.3,39.4) obj=q2_lens_mats_ore hour=1.8
nav 909s 迂回: 45度でも進めない → 90度に広げる
nav 913s 迂回: 逆まわり(右)へ
nav 914s 迂回おわり: 65.3m→62.8m まで近づけた
nav 923s 迂回はじめ: (30.0,-21.0)へ 43.9m で足ぶみ → 45度 右まわり(24秒まで)
nav 925s 迂回おわり: 43.9m→41.3m まで近づけた
hb 926s pos=(20.0,15.2) obj=q2_lens_mats_ore hour=2.6
[15:43] 目標: q2_lens_craft_r_lens
[15:44] ひかりのレンズが できた
[15:44] 目標: q2_lens_report_sail_cove
hb 946s pos=(27.9,-20.3) obj=q2_lens_report_sail_cove hour=3.3
hb 966s pos=(3.9,38.9) obj=q2_lens_report_sail_cove hour=4.1
[16:17] 目標: q2_lens_report
[16:23] 目標: q2_light_offer
[16:24] 目標: q2_light_attach
hb 986s pos=(-61.4,55.5) obj=free_sail_island hour=4.4
[16:37] とうだいに あかりが ともった!
[16:37] 目標: free_sail_island
hb 1006s pos=(-51.2,67.0) obj=free_sail_island hour=4.7
[16:53] 島へ 帰りついた(入り江の往復)
[16:53] 終了(16分53秒)
RESULT {"completed":true,"homeRoundTrip":true,"boatRepaired":true,"coveArrived":true,"rokaMet":true,"shellsShown":true,"starweedShown":true,"lensCrafted":true,"lighthouseLit":true,"coveRoundTrip":true,"totalSec":1013,"errors":0,"fpsAvg":112}
