
> lumi-island@0.1.0 test:ux
> node tools/ux_bot.mjs

[00:03] タイトル表示
[00:05] ゲーム開始
[00:06] 目標表示: いまやること / WASDか矢印キーで あるいてみよう
[00:08] 目標表示: いまやること / ツムギの はなしを聞こう
[00:08] 進捗表示: → 3m
[00:09] 最初の会話が開いた
[00:11] 目標表示: いまやること / もくざいを あつめよう
[00:11] (1) 最初の依頼を受注できた
[00:11] 進捗表示: 0 / 5　→ 19m
[00:12] 進捗表示: 0 / 5　→ 17m
[00:12] 進捗表示: 0 / 5　→ 16m
[00:15] 進捗表示: 0 / 5　→ 18m
[00:16] 進捗表示: 0 / 5　→ 17m
[00:17] 進捗表示: 0 / 5　→ 15m
[00:18] 進捗表示: 0 / 5　→ 13m
[00:19] 進捗表示: 0 / 5　→ 10m
[00:20] 進捗表示: 0 / 5　→ 8m
[00:21] 進捗表示: 0 / 5　→ 5m
[00:22] 進捗表示: 0 / 5　→ 3m
[00:23] 進捗表示: 0 / 5
[00:24] 進捗表示: 1 / 5　→ 11m
[00:25] 進捗表示: 1 / 5　→ 9m
[00:26] 進捗表示: 1 / 5　→ 6m
[00:26] 進捗表示: 1 / 5　→ 4m
[00:27] 進捗表示: 1 / 5
[00:29] 進捗表示: 3 / 5　→ 20m
[00:29] 進捗表示: 3 / 5　→ 18m
[00:30] 進捗表示: 3 / 5　→ 15m
[00:31] 進捗表示: 3 / 5　→ 13m
[00:36] 進捗表示: 3 / 5　→ 14m
[00:37] 進捗表示: 3 / 5　→ 13m
[00:39] 進捗表示: 3 / 5　→ 14m
[00:40] 進捗表示: 3 / 5　→ 13m
[00:42] 進捗表示: 3 / 5　→ 11m
[00:44] 進捗表示: 3 / 5　→ 8m
[00:45] 進捗表示: 3 / 5　→ 5m
[00:45] 進捗表示: 3 / 5　→ 3m
[00:50] 進捗表示: 3 / 5　→ 5m
[00:54] 進捗表示: 3 / 5　→ 3m
[00:57] 進捗表示: 3 / 5　→ 4m
[01:01] 進捗表示: 3 / 5　→ 5m
[01:02] 進捗表示: 3 / 5　→ 3m
[01:07] 進捗表示: 3 / 5　→ 4m
[01:11] 停滞: もくざいを あつめよう / 3 / 5　→ 4m / ヒント: → 逆まわりで回りこむ
[01:13] 進捗表示: 3 / 5　→ 3m
[01:14] 進捗表示: 3 / 5　→ 4m
[01:15] 進捗表示: 3 / 5　→ 5m
[01:17] 進捗表示: 3 / 5　→ 3m
[01:20] 進捗表示: 3 / 5　→ 4m
[01:24] 進捗表示: 3 / 5　→ 5m
[01:25] 進捗表示: 3 / 5　→ 3m
[01:31] 進捗表示: 3 / 5　→ 4m
[01:35] 進捗表示: 3 / 5　→ 5m
[01:36] 進捗表示: 3 / 5　→ 3m
[01:40] 停滞: もくざいを あつめよう / 3 / 5　→ 3m / ヒント: → 逆まわりで回りこむ
[01:44] 進捗表示: 3 / 5　→ 4m
[01:48] 進捗表示: 3 / 5　→ 5m
[01:50] 進捗表示: 3 / 5　→ 3m
[01:55] 進捗表示: 3 / 5　→ 4m
[01:59] 進捗表示: 3 / 5　→ 5m
[02:00] 進捗表示: 3 / 5　→ 3m
[02:05] 進捗表示: 3 / 5　→ 4m
[02:08] 停滞: もくざいを あつめよう / 3 / 5　→ 4m / ヒント: → 逆まわりで回りこむ
[02:13] 進捗表示: 3 / 5　→ 5m
[02:14] 進捗表示: 3 / 5　→ 3m
[02:19] 進捗表示: 3 / 5　→ 4m
[02:23] 進捗表示: 3 / 5　→ 5m
[02:24] 進捗表示: 3 / 5　→ 3m
[02:27] 進捗表示: 3 / 5　→ 4m
[02:28] 進捗表示: 3 / 5　→ 5m
[02:29] 進捗表示: 3 / 5　→ 4m
[02:30] 進捗表示: 3 / 5　→ 6m
[02:32] 進捗表示: 3 / 5　→ 8m
[02:33] 進捗表示: 3 / 5　→ 9m
[02:34] 進捗表示: 3 / 5　→ 8m
[02:35] 進捗表示: 3 / 5　→ 7m
[02:40] 停滞: もくざいを あつめよう / 3 / 5　→ 7m / ヒント: → 逆まわりで回りこむ
[02:45] 進捗表示: 3 / 5　→ 8m
[02:46] 進捗表示: 3 / 5　→ 9m
[02:48] 進捗表示: 3 / 5　→ 7m
[02:54] 進捗表示: 3 / 5　→ 8m
[02:55] 進捗表示: 3 / 5　→ 9m
[02:57] 進捗表示: 3 / 5　→ 7m
[03:03] 進捗表示: 3 / 5　→ 8m
[03:04] 進捗表示: 3 / 5　→ 9m
[03:06] 進捗表示: 3 / 5　→ 7m
[03:08] 停滞: もくざいを あつめよう / 3 / 5　→ 7m / ヒント: → 逆まわりで回りこむ
[03:10] 進捗表示: 3 / 5　→ 9m
[03:13] 進捗表示: 3 / 5　→ 7m
[03:19] 進捗表示: 3 / 5　→ 8m
[03:20] 進捗表示: 3 / 5　→ 9m
[03:22] 進捗表示: 3 / 5　→ 7m
[03:28] 進捗表示: 3 / 5　→ 8m
[03:29] 進捗表示: 3 / 5　→ 9m
[03:31] 進捗表示: 3 / 5　→ 7m
[03:37] 進捗表示: 3 / 5　→ 8m
[03:39] 進捗表示: 3 / 5　→ 9m
[03:40] 停滞: もくざいを あつめよう / 3 / 5　→ 9m / ヒント: → 逆まわりで回りこむ
[03:44] 進捗表示: 3 / 5　→ 7m
[03:50] 進捗表示: 3 / 5　→ 8m
[03:51] 進捗表示: 3 / 5　→ 9m
[03:53] 進捗表示: 3 / 5　→ 7m
[04:00] 進捗表示: 3 / 5　→ 8m
[04:01] 進捗表示: 3 / 5　→ 9m
[04:03] 進捗表示: 3 / 5　→ 7m
[04:09] 進捗表示: 3 / 5　→ 8m
[04:10] 進捗表示: 3 / 5　→ 9m
[04:11] 停滞: もくざいを あつめよう / 3 / 5　→ 9m / ヒント: → 逆まわりで回りこむ
[04:15] 進捗表示: 3 / 5　→ 7m
[04:22] 進捗表示: 3 / 5　→ 8m
[04:23] 進捗表示: 3 / 5　→ 9m
[04:25] 進捗表示: 3 / 5　→ 7m
[04:31] 進捗表示: 3 / 5　→ 8m
[04:32] 進捗表示: 3 / 5　→ 9m
[04:34] 進捗表示: 3 / 5　→ 7m
[04:36] 進捗表示: 3 / 5　→ 5m
[04:37] 進捗表示: 3 / 5　→ 3m
[04:37] 進捗表示: 3 / 5
[04:39] 目標表示: できた! / ツムギに ほうこくしよう
[04:39] (2) 木材5つを集めきった
[04:39] 進捗表示: → 26m
[04:40] 進捗表示: → 24m
[04:40] 進捗表示: → 21m
[04:41] 進捗表示: → 19m
[04:42] 進捗表示: → 16m
[04:43] 進捗表示: → 14m
[04:43] 進捗表示: → 11m
[04:44] 進捗表示: → 10m
[04:47] 進捗表示: → 11m
[04:49] 進捗表示: → 12m
[04:50] 進捗表示: → 14m
[04:51] 進捗表示: → 12m
[04:52] 進捗表示: → 9m
[04:53] 進捗表示: → 12m
[04:54] 進捗表示: → 9m
[04:55] 進捗表示: → 12m
[04:56] 進捗表示: → 9m
[04:57] 進捗表示: → 11m
[04:57] 進捗表示: → 9m
[04:58] 進捗表示: → 6m
[04:59] 進捗表示: → 5m
[05:00] 進捗表示: → 2m
[05:03] 目標表示: いまやること / ミナモの はなしを聞こう
[05:03] (3) ツムギへの報告が終わった
[05:03] 進捗表示: → 29m
[05:04] 進捗表示: → 27m
[05:05] 進捗表示: → 24m
[05:06] 進捗表示: → 22m
[05:06] 進捗表示: → 20m
[05:07] 進捗表示: → 18m
[05:08] 進捗表示: → 15m
[05:09] 進捗表示: → 13m
[05:09] 進捗表示: → 10m
[05:10] 進捗表示: → 7m
[05:11] 進捗表示: → 4m
[05:14] 目標表示: いまやること / もくざいを あつめよう
[05:14] (4) つぎの依頼を受注できた
[05:14] 進捗表示: 0 / 2　→ 15m
[05:15] 進捗表示: 0 / 2　→ 13m
[05:15] 進捗表示: 0 / 2　→ 11m
[05:16] 進捗表示: 0 / 2　→ 8m
[05:17] 進捗表示: 0 / 2　→ 6m
[05:18] 進捗表示: 0 / 2　→ 3m
[05:18] 進捗表示: 0 / 2　→ 2m
[05:19] 進捗表示: 0 / 2　→ 3m
[05:20] 進捗表示: 0 / 2
[05:21] 進捗表示: 1 / 2　→ 47m
[05:22] 進捗表示: 1 / 2　→ 45m
[05:23] 進捗表示: 1 / 2　→ 43m
[05:24] 進捗表示: 1 / 2　→ 40m
[05:24] 進捗表示: 1 / 2　→ 38m
[05:25] 進捗表示: 1 / 2　→ 35m
[05:26] 進捗表示: 1 / 2　→ 32m
[05:27] 進捗表示: 1 / 2　→ 30m
[05:28] 進捗表示: 1 / 2　→ 27m
[05:28] 進捗表示: 1 / 2　→ 25m
[05:29] 進捗表示: 1 / 2　→ 23m
[05:30] 進捗表示: 1 / 2　→ 21m
[05:31] 進捗表示: 1 / 2　→ 18m
[05:31] 進捗表示: 1 / 2　→ 15m
[05:32] 進捗表示: 1 / 2　→ 13m
[05:33] 進捗表示: 1 / 2　→ 10m
[05:34] 進捗表示: 1 / 2　→ 8m
[05:34] 進捗表示: 1 / 2　→ 5m
[05:35] 進捗表示: 1 / 2　→ 2m
[05:36] 進捗表示: 1 / 2
[05:38] 目標表示: いまやること / いしを あつめよう
[05:38] 進捗表示: 0 / 1　→ 7m
[05:39] 進捗表示: 0 / 1　→ 5m
[05:40] 進捗表示: 0 / 1　→ 2m
[05:41] 進捗表示: 0 / 1
[05:42] 目標表示: いまやること / ざいりょうが そろったよ! Cで カマを作ろう
[05:42] (5) クラフトの素材がそろった
[05:43] クラフト操作: カマ → ok
[05:43] (6) 初クラフトができた
[05:44] 目標表示: いまやること / もくざいを あつめよう
[05:44] 進捗表示: 0 / 2　→ 24m
[05:44] 進捗表示: 0 / 2　→ 22m
[05:45] 進捗表示: 0 / 2　→ 19m
[05:46] 進捗表示: 0 / 2　→ 17m
[05:47] 進捗表示: 0 / 2　→ 16m
[05:50] 進捗表示: 0 / 2　→ 17m
[05:51] 進捗表示: 0 / 2　→ 15m
[05:53] 進捗表示: 0 / 2　→ 16m
[05:54] 進捗表示: 0 / 2　→ 15m
[05:55] 進捗表示: 0 / 2　→ 13m
[05:56] 進捗表示: 0 / 2　→ 10m
[05:57] 進捗表示: 0 / 2　→ 7m
[05:58] 進捗表示: 0 / 2　→ 5m
[05:58] 進捗表示: 0 / 2　→ 2m
[05:59] 進捗表示: 0 / 2
[06:00] 目標表示: いまやること / クサツルを あつめよう
[06:00] 進捗表示: 0 / 2　→ 9m
[06:01] 進捗表示: 0 / 2　→ 7m
[06:02] 進捗表示: 0 / 2　→ 4m
[06:03] 進捗表示: 0 / 2
[06:04] 目標表示: いまやること / ざいりょうが そろったよ! Cで ツリザオを作ろう
[06:05] クラフト操作: ツリザオ → ok
[06:06] 目標表示: いまやること / 桟橋で サカナをつろう
[06:06] 進捗表示: 0 / 1　→ 60m
[06:07] 進捗表示: 0 / 1　→ 58m
[06:07] 進捗表示: 0 / 1　→ 56m
[06:08] 進捗表示: 0 / 1　→ 55m
[06:12] 進捗表示: 0 / 1　→ 52m
[06:12] 進捗表示: 0 / 1　→ 49m
[06:13] 進捗表示: 0 / 1　→ 46m
[06:14] 進捗表示: 0 / 1　→ 44m
[06:15] 進捗表示: 0 / 1　→ 41m
[06:16] 進捗表示: 0 / 1　→ 38m
[06:16] 進捗表示: 0 / 1　→ 36m
[06:17] 進捗表示: 0 / 1　→ 33m
[06:18] 進捗表示: 0 / 1　→ 31m
[06:19] 進捗表示: 0 / 1　→ 28m
[06:19] 進捗表示: 0 / 1　→ 25m
[06:20] 進捗表示: 0 / 1　→ 23m
[06:21] 進捗表示: 0 / 1　→ 21m
[06:22] 進捗表示: 0 / 1　→ 18m
[06:22] 進捗表示: 0 / 1　→ 16m
[06:23] 進捗表示: 0 / 1　→ 13m
[06:24] 進捗表示: 0 / 1　→ 10m
[06:27] 進捗表示: 0 / 1　→ 8m
[06:28] 進捗表示: 0 / 1　→ 11m
[06:29] 進捗表示: 0 / 1　→ 8m
[06:31] 進捗表示: 0 / 1　→ 11m
[06:32] 進捗表示: 0 / 1　→ 8m
[06:32] 進捗表示: 0 / 1　→ 11m
[06:33] 進捗表示: 0 / 1　→ 8m
[06:34] 進捗表示: 0 / 1　→ 6m
[06:35] 進捗表示: 0 / 1　→ 3m
[06:35] 進捗表示: 0 / 1
[06:40] 目標表示: できた! / ミナモに ほうこくしよう
[06:40] 進捗表示: → 40m
[06:42] 進捗表示: → 37m
[06:43] 進捗表示: → 36m
[06:45] 進捗表示: → 33m
[06:48] 進捗表示: → 30m
[06:49] 進捗表示: → 28m
[06:49] 進捗表示: → 25m
[06:50] 進捗表示: → 23m
[06:51] 進捗表示: → 21m
[06:52] 進捗表示: → 19m
[06:52] 進捗表示: → 16m
[06:53] 進捗表示: → 14m
[06:54] 進捗表示: → 12m
[06:55] 進捗表示: → 10m
[06:56] 進捗表示: → 8m
[06:56] 進捗表示: → 6m
[06:57] 進捗表示: → 4m
[06:58] 進捗表示: → 2m
[07:00] 目標表示: いまやること / ノクトの はなしを聞こう
[07:00] 進捗表示: → 37m
[07:01] 進捗表示: → 35m
[07:02] 進捗表示: → 32m
[07:03] 進捗表示: → 30m
[07:04] 進捗表示: → 27m
[07:05] 進捗表示: → 24m
[07:05] 進捗表示: → 22m
[07:06] 進捗表示: → 20m
[07:07] 進捗表示: → 17m
[07:08] 進捗表示: → 15m
[07:08] 進捗表示: → 12m
[07:09] 進捗表示: → 10m
[07:10] 進捗表示: → 7m
[07:11] 進捗表示: → 5m
[07:11] 進捗表示: → 2m
[07:15] 目標表示: いまやること / 高台で こうせきをほろう
[07:15] 進捗表示: 0 / 3　→ 6m
[07:15] 進捗表示: 0 / 3　→ 4m
[07:16] 進捗表示: 0 / 3　→ 3m
[07:17] 進捗表示: 0 / 3
[07:18] 進捗表示: 1 / 3　→ 5m
[07:19] 進捗表示: 1 / 3　→ 3m
[07:20] 進捗表示: 1 / 3
[07:21] 進捗表示: 2 / 3　→ 10m
[07:22] 進捗表示: 2 / 3　→ 8m
[07:23] 進捗表示: 2 / 3　→ 5m
[07:24] 進捗表示: 2 / 3　→ 3m
[07:25] 進捗表示: 2 / 3
[07:26] 目標表示: できた! / ノクトに ほうこくしよう
[07:26] 進捗表示: → 10m
[07:27] 進捗表示: → 8m
[07:28] 進捗表示: → 7m
[07:34] 進捗表示: → 5m
[07:36] 進捗表示: → 4m
[07:37] 進捗表示: → 2m
[07:39] 目標表示: いまやること / ツムギの はなしを聞こう
[07:39] 進捗表示: → 40m
[07:41] 進捗表示: → 38m
[07:42] 進捗表示: → 37m
[07:43] 進捗表示: → 35m
[07:44] 進捗表示: → 31m
[07:44] 進捗表示: → 27m
[07:45] 進捗表示: → 23m
[07:46] 進捗表示: → 20m
[07:47] 進捗表示: → 17m
[07:48] 進捗表示: → 14m
[07:48] 進捗表示: → 11m
[07:49] 進捗表示: → 14m
[07:50] 進捗表示: → 11m
[07:51] 進捗表示: → 14m
[07:51] 進捗表示: → 11m
[07:52] 進捗表示: → 14m
[07:53] 進捗表示: → 11m
[07:54] 進捗表示: → 14m
[07:55] 進捗表示: → 11m
[07:55] 進捗表示: → 14m
[07:56] 進捗表示: → 11m
[07:57] 進捗表示: → 14m
[07:58] 進捗表示: → 11m
[07:58] 進捗表示: → 14m
[07:59] 進捗表示: → 11m
[08:00] 進捗表示: → 14m
[08:01] 進捗表示: → 11m
[08:02] 進捗表示: → 14m
[08:02] 進捗表示: → 11m
[08:03] 進捗表示: → 14m
[08:04] 進捗表示: → 11m
[08:05] 進捗表示: → 14m
[08:06] 進捗表示: → 11m
[08:06] 進捗表示: → 14m
[08:07] 進捗表示: → 11m
[08:08] 進捗表示: → 14m
[08:09] 進捗表示: → 11m
[08:09] 進捗表示: → 14m
[08:10] 進捗表示: → 11m
[08:11] 進捗表示: → 14m
[08:12] 進捗表示: → 11m
[08:13] 進捗表示: → 14m
[08:13] 進捗表示: → 11m
[08:14] 進捗表示: → 14m
[08:15] 停滞: ツムギの はなしを聞こう / → 14m / ヒント: → 逆まわりで回りこむ
[08:17] 進捗表示: → 12m
[08:18] 進捗表示: → 11m
[08:18] 進捗表示: → 9m
[08:19] 進捗表示: → 6m
[08:20] 進捗表示: → 4m
[08:21] 進捗表示: → 3m
[08:25] 目標表示: いまやること / もくざいを あつめよう
[08:25] 進捗表示: 0 / 1　→ 18m
[08:25] 進捗表示: 0 / 1　→ 16m
[08:28] 進捗表示: 0 / 1　→ 17m
[08:30] 進捗表示: 0 / 1　→ 20m
[08:31] 進捗表示: 0 / 1　→ 18m
[08:34] 進捗表示: 0 / 1　→ 15m
[08:35] 進捗表示: 0 / 1　→ 13m
[08:36] 進捗表示: 0 / 1　→ 10m
[08:37] 進捗表示: 0 / 1　→ 7m
[08:37] 進捗表示: 0 / 1　→ 5m
[08:38] 進捗表示: 0 / 1　→ 3m
[08:39] 進捗表示: 0 / 1　→ 2m
[08:40] 進捗表示: 0 / 1　→ 4m
[08:40] 進捗表示: 0 / 1　→ 2m
[08:41] 進捗表示: 0 / 1　→ 3m
[08:42] 進捗表示: 0 / 1　→ 5m
[08:45] 進捗表示: 0 / 1　→ 7m
[08:46] 進捗表示: 0 / 1　→ 9m
[08:47] 進捗表示: 0 / 1　→ 8m
[08:48] 進捗表示: 0 / 1　→ 5m
[08:49] 進捗表示: 0 / 1　→ 3m
[08:51] 進捗表示: 0 / 1　→ 4m
[08:52] 進捗表示: 0 / 1　→ 6m
[08:53] 進捗表示: 0 / 1　→ 7m
[08:54] 進捗表示: 0 / 1　→ 3m
[08:55] 進捗表示: 0 / 1
[08:57] 目標表示: いまやること / ヒカリゴケを あつめよう
[08:57] 進捗表示: 0 / 2　→ 38m
[08:57] 進捗表示: 0 / 2　→ 37m
[08:58] 進捗表示: 0 / 2　→ 35m
[09:01] 進捗表示: 0 / 2　→ 34m
[09:02] 進捗表示: 0 / 2　→ 32m
[09:02] 進捗表示: 0 / 2　→ 29m
[09:03] 進捗表示: 0 / 2　→ 26m
[09:04] 進捗表示: 0 / 2　→ 24m
[09:05] 進捗表示: 0 / 2　→ 21m
[09:05] 進捗表示: 0 / 2　→ 18m
[09:06] 進捗表示: 0 / 2　→ 15m
[09:07] 進捗表示: 0 / 2　→ 13m
[09:08] 進捗表示: 0 / 2　→ 10m
[09:09] 進捗表示: 0 / 2　→ 8m
[09:09] 進捗表示: 0 / 2　→ 5m
[09:10] 進捗表示: 0 / 2　→ 3m
[09:11] 進捗表示: 0 / 2
[09:12] 進捗表示: 1 / 2　→ 9m
[09:13] 進捗表示: 1 / 2　→ 7m
[09:14] 進捗表示: 1 / 2　→ 5m
[09:15] 進捗表示: 1 / 2　→ 2m
[09:15] 進捗表示: 1 / 2
[09:17] 目標表示: いまやること / ざいりょうが そろったよ! Cで ランタンを作ろう
[09:17] クラフト操作: ランタン → ok
[09:18] 目標表示: いまやること / ランタンを 島に置こう(もちもの→おく)
[09:19] もちもの操作: おく → ランタン
[09:20] (7) 家具を島に置けた(ランタンを おいた)
[09:20] 目標表示: できた! / ツムギに ほうこくしよう
[09:20] (8) 配置後に目標が進んだ(配置を確認)
[09:20] 進捗表示: → 31m
RESULT {"result":"ok","totalSec":560,"errors":0,"flags":{"title":true,"firstTalk":true,"accepted":true,"gathered":true,"reported":true,"second":true,"materials":true,"crafted":true,"placed":true,"placeConfirmed":true}}
UX {"uxVerdict":"FAIL","semanticMismatchCount":0,"refishDuringReportCount":0,"shopOpens":0,"stallCount":1}
  停滞 45-110s (65s) もくざいを あつめよう / 3 / 5　→ 3m
