[00:04] タイトル表示
[00:05] ゲーム開始
[00:06] 目標表示: いまやること / WASDか矢印キーで あるいてみよう
[00:08] 目標表示: いまやること / ツムギの はなしを聞こう
[00:09] 最初の会話が開いた
[00:10] 目標表示: いまやること / もくざいを あつめよう
[00:10] (1) 最初の依頼を受注できた
[00:10] 進捗表示: 0 / 5　→ 19m
[00:10] 進捗表示: 0 / 5　→ 17m
[00:11] 進捗表示: 0 / 5　→ 16m
[00:14] 進捗表示: 0 / 5　→ 18m
[00:15] 進捗表示: 0 / 5　→ 17m
[00:16] 進捗表示: 0 / 5　→ 19m
[00:16] 進捗表示: 0 / 5　→ 16m
[00:17] 進捗表示: 0 / 5　→ 13m
[00:18] 進捗表示: 0 / 5　→ 11m
[00:19] 進捗表示: 0 / 5　→ 8m
[00:20] 進捗表示: 0 / 5　→ 6m
[00:20] 進捗表示: 0 / 5　→ 3m
[00:21] 進捗表示: 0 / 5
[00:22] 進捗表示: 1 / 5　→ 19m
[00:23] 進捗表示: 1 / 5　→ 18m
[00:24] 進捗表示: 1 / 5　→ 16m
[00:25] 進捗表示: 1 / 5　→ 13m
[00:25] 進捗表示: 1 / 5　→ 11m
[00:26] 進捗表示: 1 / 5　→ 8m
[00:27] 進捗表示: 1 / 5　→ 6m
[00:27] 進捗表示: 1 / 5　→ 4m
[00:28] 進捗表示: 1 / 5　→ 3m
[00:34] 進捗表示: 1 / 5　→ 6m
[00:34] 進捗表示: 1 / 5
[00:34] 目的地に着いたのに採取のヒントが出ない → 渦巻きで探す(もくざいを あつめよう / 1 / 5)
[00:37] 進捗表示: 3 / 5　→ 10m
[00:37] 進捗表示: 3 / 5　→ 9m
[00:38] 進捗表示: 3 / 5　→ 6m
[00:39] 進捗表示: 3 / 5　→ 4m
[00:41] 進捗表示: 3 / 5　→ 8m
[00:42] 進捗表示: 3 / 5　→ 11m
[00:43] 進捗表示: 3 / 5　→ 14m
[00:44] 進捗表示: 3 / 5　→ 17m
[00:45] 進捗表示: 3 / 5　→ 16m
[00:46] 進捗表示: 3 / 5　→ 14m
[00:47] 進捗表示: 3 / 5　→ 12m
[00:48] 進捗表示: 3 / 5　→ 10m
[00:49] 進捗表示: 3 / 5　→ 12m
[00:50] 進捗表示: 3 / 5　→ 15m
[00:51] 進捗表示: 3 / 5　→ 18m
[00:52] 進捗表示: 3 / 5　→ 19m
[00:53] 進捗表示: 3 / 5　→ 18m
[00:54] 進捗表示: 3 / 5　→ 16m
[00:55] 進捗表示: 3 / 5　→ 12m
[00:56] 進捗表示: 3 / 5　→ 11m
[00:58] 進捗表示: 3 / 5　→ 9m
[00:58] 進捗表示: 3 / 5　→ 8m
[01:00] 進捗表示: 3 / 5　→ 9m
[01:01] 進捗表示: 3 / 5　→ 8m
[01:02] 進捗表示: 3 / 5　→ 10m
[01:03] 進捗表示: 3 / 5　→ 8m
[01:04] 進捗表示: 3 / 5　→ 10m
[01:05] 停滞: もくざいを あつめよう / 3 / 5　→ 10m / ヒント: → 逆まわりで回りこむ
[01:06] 進捗表示: 3 / 5　→ 5m
[01:07] 進捗表示: 3 / 5　→ 3m
[01:09] 進捗表示: 3 / 5　→ 5m
[01:10] 進捗表示: 3 / 5
[01:10] 目的地に着いたのに採取のヒントが出ない → 渦巻きで探す(もくざいを あつめよう / 3 / 5)
[01:10] 進捗表示: 3 / 5　→ 4m
[01:11] 進捗表示: 3 / 5
[01:13] 目標表示: できた! / ツムギに ほうこくしよう
[01:13] (2) 木材5つを集めきった
[01:13] 進捗表示: → 27m
[01:14] 進捗表示: → 25m
[01:15] 進捗表示: → 22m
[01:16] 進捗表示: → 19m
[01:16] 進捗表示: → 17m
[01:17] 進捗表示: → 14m
[01:18] 進捗表示: → 12m
[01:18] 進捗表示: → 11m
[01:22] 進捗表示: → 9m
[01:23] 進捗表示: → 11m
[01:24] 進捗表示: → 13m
[01:25] 進捗表示: → 14m
[01:26] 進捗表示: → 16m
[01:27] 進捗表示: → 13m
[01:28] 進捗表示: → 10m
[01:29] 進捗表示: → 9m
[01:32] 進捗表示: → 11m
[01:33] 進捗表示: → 13m
[01:34] 進捗表示: → 11m
[01:34] 進捗表示: → 7m
[01:35] 進捗表示: → 5m
[01:36] 進捗表示: → 4m
[01:39] 目標表示: いまやること / ミナモの はなしを聞こう
[01:39] (3) ツムギへの報告が終わった
[01:39] 進捗表示: → 28m
[01:40] 進捗表示: → 26m
[01:40] 進捗表示: → 24m
[01:41] 進捗表示: → 22m
[01:42] 進捗表示: → 20m
[01:43] 進捗表示: → 18m
[01:43] 進捗表示: → 16m
[01:44] 進捗表示: → 13m
[01:45] 進捗表示: → 11m
[01:45] 進捗表示: → 8m
[01:46] 進捗表示: → 5m
[01:49] 目標表示: いまやること / もくざいを あつめよう
[01:49] (4) つぎの依頼を受注できた
[01:49] 進捗表示: 0 / 2　→ 15m
[01:50] 進捗表示: 0 / 2　→ 13m
[01:51] 進捗表示: 0 / 2　→ 11m
[01:51] 進捗表示: 0 / 2　→ 9m
[01:52] 進捗表示: 0 / 2　→ 8m
[01:53] 進捗表示: 0 / 2　→ 5m
[01:54] 進捗表示: 0 / 2
[01:54] 目的地に着いたのに採取のヒントが出ない → 渦巻きで探す(もくざいを あつめよう / 0 / 2)
[01:54] 進捗表示: 0 / 2　→ 4m
[01:55] 進捗表示: 0 / 2
[01:57] 目標表示: いまやること / いしを あつめよう
[01:57] 進捗表示: 0 / 1　→ 10m
[01:58] 進捗表示: 0 / 1　→ 9m
[01:59] 進捗表示: 0 / 1　→ 7m
[02:00] 進捗表示: 0 / 1　→ 4m
[02:00] 進捗表示: 0 / 1
[02:00] 目的地に着いたのに採取のヒントが出ない → 渦巻きで探す(いしを あつめよう / 0 / 1)
[02:01] 進捗表示: 0 / 1　→ 3m
[02:02] 進捗表示: 0 / 1
[02:04] 目標表示: いまやること / ざいりょうが そろったよ! Cで カマを作ろう
[02:04] (5) クラフトの素材がそろった
[02:05] クラフト操作: カマ → ok
[02:05] (6) 初クラフトができた
[02:06] 目標表示: いまやること / もくざいを あつめよう
[02:06] 進捗表示: 0 / 2　→ 39m
[02:06] 進捗表示: 0 / 2　→ 37m
[02:07] 進捗表示: 0 / 2　→ 34m
[02:08] 進捗表示: 0 / 2　→ 32m
[02:09] 進捗表示: 0 / 2　→ 30m
[02:09] 進捗表示: 0 / 2　→ 28m
[02:10] 進捗表示: 0 / 2　→ 26m
[02:11] 進捗表示: 0 / 2　→ 23m
[02:11] 進捗表示: 0 / 2　→ 21m
[02:12] 進捗表示: 0 / 2　→ 18m
[02:13] 進捗表示: 0 / 2　→ 16m
[02:14] 進捗表示: 0 / 2　→ 13m
[02:14] 進捗表示: 0 / 2　→ 11m
[02:15] 進捗表示: 0 / 2　→ 8m
[02:16] 進捗表示: 0 / 2　→ 5m
[02:17] 進捗表示: 0 / 2　→ 3m
[02:17] 進捗表示: 0 / 2
[02:17] 目的地に着いたのに採取のヒントが出ない → 渦巻きで探す(もくざいを あつめよう / 0 / 2)
[02:20] 目標表示: いまやること / クサツルを あつめよう
[02:20] 進捗表示: 0 / 2　→ 4m
[02:21] 進捗表示: 0 / 2　→ 3m
[02:22] 進捗表示: 0 / 2
[02:22] 目的地に着いたのに採取のヒントが出ない → 渦巻きで探す(クサツルを あつめよう / 0 / 2)
[02:23] 進捗表示: 0 / 2　→ 4m
[02:24] 進捗表示: 0 / 2
[02:26] 進捗表示: 0 / 2　→ 3m
[02:26] 進捗表示: 0 / 2　→ 4m
[02:27] 進捗表示: 0 / 2　→ 5m
[02:27] 進捗表示: 0 / 2　→ 6m
[02:28] 進捗表示: 0 / 2　→ 5m
[02:30] 進捗表示: 0 / 2　→ 4m
[02:31] 進捗表示: 0 / 2　→ 3m
[02:31] 進捗表示: 0 / 2
[02:33] 目標表示: いまやること / ざいりょうが そろったよ! Cで ツリザオを作ろう
[02:34] クラフト操作: ツリザオ → ok
[02:35] 目標表示: いまやること / 桟橋で サカナをつろう
[02:35] 進捗表示: 0 / 1　→ 50m
[02:35] 進捗表示: 0 / 1　→ 48m
[02:36] 進捗表示: 0 / 1　→ 45m
[02:37] 進捗表示: 0 / 1　→ 43m
[02:38] 進捗表示: 0 / 1　→ 40m
[02:38] 進捗表示: 0 / 1　→ 38m
[02:39] 進捗表示: 0 / 1　→ 35m
[02:40] 進捗表示: 0 / 1　→ 32m
[02:40] 進捗表示: 0 / 1　→ 30m
[02:41] 進捗表示: 0 / 1　→ 27m
[02:42] 進捗表示: 0 / 1　→ 24m
[02:43] 進捗表示: 0 / 1　→ 22m
[02:43] 進捗表示: 0 / 1　→ 19m
[02:44] 進捗表示: 0 / 1　→ 17m
[02:45] 進捗表示: 0 / 1　→ 14m
[02:46] 進捗表示: 0 / 1　→ 11m
[02:50] 進捗表示: 0 / 1　→ 12m
[02:51] 進捗表示: 0 / 1　→ 14m
[02:52] 進捗表示: 0 / 1　→ 12m
[02:53] 進捗表示: 0 / 1　→ 11m
[02:58] 進捗表示: 0 / 1　→ 10m
[02:59] 進捗表示: 0 / 1　→ 8m
[02:59] 進捗表示: 0 / 1　→ 6m
[03:00] 進捗表示: 0 / 1　→ 3m
[03:01] 進捗表示: 0 / 1
[03:06] 目標表示: できた! / ミナモに ほうこくしよう
[03:06] 進捗表示: → 40m
[03:08] 進捗表示: → 39m
[03:10] 進捗表示: → 36m
[03:12] 進捗表示: → 35m
[03:14] 進捗表示: → 32m
[03:16] 進捗表示: → 29m
[03:17] 進捗表示: → 27m
[03:18] 進捗表示: → 24m
[03:19] 進捗表示: → 22m
[03:19] 進捗表示: → 19m
[03:20] 進捗表示: → 17m
[03:21] 進捗表示: → 14m
[03:21] 進捗表示: → 11m
[03:22] 進捗表示: → 9m
[03:23] 進捗表示: → 8m
[03:24] 進捗表示: → 7m
[03:27] 進捗表示: → 4m
[03:29] 目標表示: いまやること / ノクトの はなしを聞こう
[03:29] 進捗表示: → 40m
[03:30] 進捗表示: → 38m
[03:31] 進捗表示: → 35m
[03:31] 進捗表示: → 33m
[03:32] 進捗表示: → 31m
[03:33] 進捗表示: → 29m
[03:33] 進捗表示: → 27m
[03:34] 進捗表示: → 24m
[03:35] 進捗表示: → 22m
[03:36] 進捗表示: → 19m
[03:36] 進捗表示: → 17m
[03:37] 進捗表示: → 14m
[03:38] 進捗表示: → 11m
[03:38] 進捗表示: → 9m
[03:39] 進捗表示: → 6m
[03:40] 進捗表示: → 4m
[03:42] 目標表示: いまやること / 高台で こうせきをほろう
[03:42] 進捗表示: 0 / 3　→ 4m
[03:43] 進捗表示: 0 / 3　→ 5m
[03:44] 進捗表示: 0 / 3
[03:44] 目的地に着いたのに採取のヒントが出ない → 渦巻きで探す(高台で こうせきをほろう / 0 / 3)
[03:44] 進捗表示: 0 / 3　→ 3m
[03:45] 進捗表示: 0 / 3　→ 4m
[03:46] 進捗表示: 0 / 3
[03:49] 進捗表示: 1 / 3
[03:49] 目的地に着いたのに採取のヒントが出ない → 渦巻きで探す(高台で こうせきをほろう / 1 / 3)
[03:50] 進捗表示: 1 / 3　→ 3m
[03:51] 進捗表示: 1 / 3　→ 4m
[03:52] 進捗表示: 1 / 3
[03:55] 進捗表示: 2 / 3　→ 8m
[03:57] 進捗表示: 2 / 3　→ 9m
[03:59] 進捗表示: 2 / 3　→ 11m
[04:00] 進捗表示: 2 / 3　→ 12m
[04:00] 進捗表示: 2 / 3　→ 14m
[04:01] 進捗表示: 2 / 3　→ 12m
[04:02] 進捗表示: 2 / 3　→ 11m
[04:03] 進捗表示: 2 / 3　→ 8m
[04:04] 進捗表示: 2 / 3　→ 9m
[04:05] 進捗表示: 2 / 3　→ 8m
[04:06] 進捗表示: 2 / 3　→ 6m
[04:07] 進捗表示: 2 / 3　→ 4m
[04:08] 進捗表示: 2 / 3
[04:08] 目的地に着いたのに採取のヒントが出ない → 渦巻きで探す(高台で こうせきをほろう / 2 / 3)
[04:08] 進捗表示: 2 / 3　→ 4m
[04:10] 進捗表示: 2 / 3　→ 3m
[04:10] 進捗表示: 2 / 3
[04:12] 進捗表示: 2 / 3　→ 3m
[04:13] 進捗表示: 2 / 3　→ 4m
[04:13] 進捗表示: 2 / 3　→ 5m
[04:16] 進捗表示: 2 / 3　→ 4m
[04:16] 進捗表示: 2 / 3　→ 3m
[04:17] 進捗表示: 2 / 3
[04:20] 目標表示: できた! / ノクトに ほうこくしよう
[04:20] 進捗表示: → 9m
[04:20] 進捗表示: → 8m
[04:21] 進捗表示: → 7m
[04:22] 進捗表示: → 6m
[04:23] 進捗表示: → 4m
[04:25] 目標表示: いまやること / ツムギの はなしを聞こう
[04:25] 進捗表示: → 42m
[04:26] 進捗表示: → 39m
[04:28] 進捗表示: → 36m
[04:29] 進捗表示: → 34m
[04:29] 進捗表示: → 31m
[04:30] 進捗表示: → 28m
[04:31] 進捗表示: → 26m
[04:32] 進捗表示: → 23m
[04:32] 進捗表示: → 21m
[04:33] 進捗表示: → 18m
[04:34] 進捗表示: → 15m
[04:34] 進捗表示: → 13m
[04:35] 進捗表示: → 10m
[04:36] 進捗表示: → 8m
[04:37] 進捗表示: → 5m
[04:37] 店のヒントが出たがEは押さない(目的: ツムギの はなしを聞こう)
[04:40] 目標表示: いまやること / もくざいを あつめよう
[04:40] 進捗表示: 0 / 1　→ 19m
[04:41] 進捗表示: 0 / 1　→ 17m
[04:41] 進捗表示: 0 / 1　→ 16m
[04:44] 進捗表示: 0 / 1　→ 15m
[04:48] 進捗表示: 0 / 1　→ 16m
[04:48] 進捗表示: 0 / 1　→ 13m
[04:49] 進捗表示: 0 / 1　→ 10m
[04:50] 進捗表示: 0 / 1　→ 7m
[04:51] 進捗表示: 0 / 1　→ 5m
[04:51] 進捗表示: 0 / 1
[04:51] 目的地に着いたのに採取のヒントが出ない → 渦巻きで探す(もくざいを あつめよう / 0 / 1)
[04:52] 進捗表示: 0 / 1　→ 3m
[04:53] 進捗表示: 0 / 1
[04:55] 目標表示: いまやること / ヒカリゴケを あつめよう
[04:55] 進捗表示: 0 / 2　→ 15m
[04:57] 進捗表示: 0 / 2　→ 18m
[04:58] 進捗表示: 0 / 2　→ 21m
[05:00] 進捗表示: 0 / 2　→ 20m
[05:01] 進捗表示: 0 / 2　→ 23m
[05:03] 進捗表示: 0 / 2　→ 20m
[05:04] 進捗表示: 0 / 2　→ 19m
[05:05] 進捗表示: 0 / 2　→ 20m
[05:06] 進捗表示: 0 / 2　→ 19m
[05:07] 進捗表示: 0 / 2　→ 17m
[05:09] 進捗表示: 0 / 2　→ 18m
[05:10] 進捗表示: 0 / 2　→ 17m
[05:11] 進捗表示: 0 / 2　→ 19m
[05:13] 進捗表示: 0 / 2　→ 16m
[05:14] 進捗表示: 0 / 2　→ 14m
[05:15] 進捗表示: 0 / 2　→ 12m
[05:15] 進捗表示: 0 / 2　→ 11m
[05:18] 進捗表示: 0 / 2　→ 14m
[05:19] 進捗表示: 0 / 2　→ 17m
[05:20] 進捗表示: 0 / 2　→ 20m
[05:21] 進捗表示: 0 / 2　→ 19m
[05:22] 進捗表示: 0 / 2　→ 21m
[05:24] 進捗表示: 0 / 2　→ 19m
[05:25] 進捗表示: 0 / 2　→ 20m
[05:26] 進捗表示: 0 / 2　→ 19m
[05:26] 進捗表示: 0 / 2　→ 21m
[05:27] 進捗表示: 0 / 2　→ 18m
[05:28] 進捗表示: 0 / 2　→ 16m
[05:29] 進捗表示: 0 / 2　→ 15m
[05:30] 進捗表示: 0 / 2　→ 14m
[05:31] 進捗表示: 0 / 2　→ 13m
[05:32] 進捗表示: 0 / 2　→ 11m
[05:33] 進捗表示: 0 / 2　→ 8m
[05:33] 進捗表示: 0 / 2　→ 6m
[05:34] 進捗表示: 0 / 2　→ 4m
[05:35] 進捗表示: 0 / 2
[05:35] 目的地に着いたのに採取のヒントが出ない → 渦巻きで探す(ヒカリゴケを あつめよう / 0 / 2)
[05:37] 進捗表示: 1 / 2　→ 11m
[05:38] 進捗表示: 1 / 2　→ 9m
[05:38] 進捗表示: 1 / 2　→ 7m
[05:39] 進捗表示: 1 / 2　→ 5m
[05:40] 進捗表示: 1 / 2
[05:40] 目的地に着いたのに採取のヒントが出ない → 渦巻きで探す(ヒカリゴケを あつめよう / 1 / 2)
[05:40] 進捗表示: 1 / 2　→ 3m
[05:41] 進捗表示: 1 / 2
[05:42] 進捗表示: 1 / 2　→ 4m
[05:43] 進捗表示: 1 / 2
[05:45] 目標表示: いまやること / ざいりょうが そろったよ! Cで ランタンを作ろう
[05:45] クラフト操作: ランタン → ok
[05:46] 目標表示: いまやること / ランタンを 島に置こう(もちもの→おく)
[05:47] もちもの操作: おく → ランタン
[05:48] (7) 家具を島に置けた(ランタンを おいた)
[05:48] 目標表示: できた! / ツムギに ほうこくしよう
[05:48] (8) 配置後に目標が進んだ(配置を確認)
[05:48] 進捗表示: → 31m
RESULT {"result":"ok","totalSec":349,"errors":0,"flags":{"title":true,"firstTalk":true,"accepted":true,"gathered":true,"reported":true,"second":true,"materials":true,"crafted":true,"placed":true,"placeConfirmed":true}}
UX {"uxVerdict":"PASS","semanticMismatchCount":0,"refishDuringReportCount":0,"shopOpens":0,"stallCount":0}
