[00:04] タイトル表示
[00:05] ゲーム開始
[00:06] 目標表示: いまやること / WASDか矢印キーで あるいてみよう
[00:08] 目標表示: いまやること / ツムギの はなしを聞こう
[00:09] 最初の会話が開いた
[00:10] 目標表示: いまやること / もくざいを あつめよう
[00:10] (1) 最初の依頼を受注できた
[00:10] 進捗表示: 0 / 5　→ 19m
[00:11] 進捗表示: 0 / 5　→ 17m
[00:11] 進捗表示: 0 / 5　→ 16m
[00:14] 進捗表示: 0 / 5　→ 18m
[00:15] 進捗表示: 0 / 5　→ 17m
[00:16] 進捗表示: 0 / 5　→ 19m
[00:17] 進捗表示: 0 / 5　→ 16m
[00:18] 進捗表示: 0 / 5　→ 13m
[00:18] 進捗表示: 0 / 5　→ 11m
[00:19] 進捗表示: 0 / 5　→ 8m
[00:20] 進捗表示: 0 / 5　→ 6m
[00:21] 進捗表示: 0 / 5　→ 3m
[00:21] 進捗表示: 0 / 5
[00:23] 進捗表示: 2 / 5　→ 19m
[00:23] 進捗表示: 2 / 5　→ 18m
[00:24] 進捗表示: 2 / 5　→ 16m
[00:25] 進捗表示: 2 / 5　→ 14m
[00:26] 進捗表示: 2 / 5　→ 13m
[00:26] 進捗表示: 2 / 5　→ 14m
[00:28] 進捗表示: 2 / 5　→ 16m
[00:29] 進捗表示: 2 / 5　→ 18m
[00:32] 進捗表示: 2 / 5　→ 17m
[00:33] 進捗表示: 2 / 5　→ 14m
[00:35] 進捗表示: 2 / 5　→ 15m
[00:36] 進捗表示: 2 / 5　→ 17m
[00:37] 進捗表示: 2 / 5　→ 18m
[00:38] 進捗表示: 2 / 5　→ 16m
[00:39] 進捗表示: 2 / 5　→ 15m
[00:40] 進捗表示: 2 / 5　→ 16m
[00:41] 進捗表示: 2 / 5　→ 15m
[00:42] 進捗表示: 2 / 5　→ 18m
[00:42] 進捗表示: 2 / 5　→ 16m
[00:43] 進捗表示: 2 / 5　→ 13m
[00:44] 進捗表示: 2 / 5　→ 11m
[00:45] 進捗表示: 2 / 5　→ 8m
[00:45] 進捗表示: 2 / 5　→ 6m
[00:46] 進捗表示: 2 / 5　→ 3m
[00:47] 進捗表示: 2 / 5
[00:47] 目的地に着いたのに採取のヒントが出ない → 渦巻きで探す(もくざいを あつめよう / 2 / 5)
[00:48] 進捗表示: 2 / 5　→ 3m
[00:49] 進捗表示: 2 / 5
[00:51] 進捗表示: 4 / 5　→ 12m
[00:52] 進捗表示: 4 / 5　→ 11m
[00:53] 進捗表示: 4 / 5　→ 8m
[00:53] 進捗表示: 4 / 5　→ 6m
[00:54] 進捗表示: 4 / 5　→ 3m
[00:55] 進捗表示: 4 / 5
[00:56] 目標表示: できた! / ツムギに ほうこくしよう
[00:56] (2) 木材5つを集めきった
[00:56] 進捗表示: → 21m
[00:57] 進捗表示: → 19m
[00:58] 進捗表示: → 16m
[00:58] 進捗表示: → 14m
[01:01] 進捗表示: → 12m
[01:02] 進捗表示: → 10m
[01:03] 進捗表示: → 8m
[01:03] 進捗表示: → 6m
[01:04] 進捗表示: → 4m
[01:07] 目標表示: いまやること / ミナモの はなしを聞こう
[01:07] (3) ツムギへの報告が終わった
[01:07] 進捗表示: → 29m
[01:08] 進捗表示: → 27m
[01:09] 進捗表示: → 25m
[01:10] 進捗表示: → 22m
[01:10] 進捗表示: → 19m
[01:11] 進捗表示: → 18m
[01:12] 進捗表示: → 15m
[01:12] 進捗表示: → 12m
[01:13] 進捗表示: → 10m
[01:14] 進捗表示: → 7m
[01:15] 進捗表示: → 5m
[01:17] 目標表示: いまやること / もくざいを あつめよう
[01:17] (4) つぎの依頼を受注できた
[01:17] 進捗表示: 1 / 2　→ 15m
[01:18] 進捗表示: 1 / 2　→ 13m
[01:19] 進捗表示: 1 / 2　→ 11m
[01:19] 進捗表示: 1 / 2　→ 9m
[01:20] 進捗表示: 1 / 2　→ 7m
[01:21] 進捗表示: 1 / 2　→ 4m
[01:22] 進捗表示: 1 / 2
[01:23] 目標表示: いまやること / いしを あつめよう
[01:23] 進捗表示: 0 / 1　→ 12m
[01:24] 進捗表示: 0 / 1　→ 10m
[01:24] 進捗表示: 0 / 1　→ 8m
[01:25] 進捗表示: 0 / 1　→ 6m
[01:26] 進捗表示: 0 / 1　→ 4m
[01:27] 進捗表示: 0 / 1
[01:28] 目標表示: いまやること / ざいりょうが そろったよ! Cで カマを作ろう
[01:28] (5) クラフトの素材がそろった
[01:29] クラフト操作: カマ → ok
[01:29] (6) 初クラフトができた
[01:29] 目標表示: いまやること / もくざいを あつめよう
[01:29] 進捗表示: 1 / 2　→ 38m
[01:30] 進捗表示: 1 / 2　→ 37m
[01:31] 進捗表示: 1 / 2　→ 34m
[01:32] 進捗表示: 1 / 2　→ 32m
[01:32] 進捗表示: 1 / 2　→ 30m
[01:33] 進捗表示: 1 / 2　→ 27m
[01:34] 進捗表示: 1 / 2　→ 25m
[01:34] 進捗表示: 1 / 2　→ 23m
[01:35] 進捗表示: 1 / 2　→ 21m
[01:36] 進捗表示: 1 / 2　→ 18m
[01:37] 進捗表示: 1 / 2　→ 16m
[01:37] 進捗表示: 1 / 2　→ 13m
[01:38] 進捗表示: 1 / 2　→ 11m
[01:39] 進捗表示: 1 / 2　→ 9m
[01:39] 進捗表示: 1 / 2　→ 8m
[01:40] 進捗表示: 1 / 2　→ 7m
[01:41] 進捗表示: 1 / 2　→ 8m
[01:42] 進捗表示: 1 / 2　→ 9m
[01:43] 進捗表示: 1 / 2　→ 12m
[01:44] 進捗表示: 1 / 2　→ 15m
[01:48] 進捗表示: 1 / 2　→ 16m
[01:49] 進捗表示: 1 / 2　→ 18m
[01:50] 進捗表示: 1 / 2　→ 16m
[01:51] 進捗表示: 1 / 2　→ 13m
[01:52] 進捗表示: 1 / 2　→ 12m
[01:53] 進捗表示: 1 / 2　→ 15m
[01:54] 進捗表示: 1 / 2　→ 13m
[01:55] 進捗表示: 1 / 2　→ 10m
[01:56] 進捗表示: 1 / 2　→ 7m
[01:57] 進捗表示: 1 / 2　→ 5m
[01:57] 進捗表示: 1 / 2　→ 3m
[01:59] 進捗表示: 1 / 2　→ 5m
[02:00] 進捗表示: 1 / 2　→ 6m
[02:01] 進捗表示: 1 / 2　→ 9m
[02:03] 進捗表示: 1 / 2　→ 10m
[02:04] 進捗表示: 1 / 2　→ 7m
[02:05] 進捗表示: 1 / 2　→ 5m
[02:06] 進捗表示: 1 / 2　→ 8m
[02:07] 進捗表示: 1 / 2　→ 7m
[02:09] 進捗表示: 1 / 2　→ 8m
[02:10] 進捗表示: 1 / 2　→ 6m
[02:11] 進捗表示: 1 / 2　→ 7m
[02:12] 進捗表示: 1 / 2　→ 6m
[02:13] 進捗表示: 1 / 2　→ 8m
[02:14] 進捗表示: 1 / 2　→ 10m
[02:15] 進捗表示: 1 / 2　→ 7m
[02:16] 進捗表示: 1 / 2　→ 4m
[02:17] 進捗表示: 1 / 2　→ 6m
[02:18] 進捗表示: 1 / 2　→ 5m
[02:20] 進捗表示: 1 / 2　→ 6m
[02:22] 進捗表示: 1 / 2　→ 5m
[02:23] 進捗表示: 1 / 2　→ 8m
[02:24] 停滞: もくざいを あつめよう / 1 / 2　→ 8m / ヒント: → 逆まわりで回りこむ
[02:26] 進捗表示: 1 / 2　→ 13m
[02:27] 進捗表示: 1 / 2　→ 16m
[02:28] 進捗表示: 1 / 2　→ 19m
[02:28] 進捗表示: 1 / 2　→ 16m
[02:29] 進捗表示: 1 / 2　→ 13m
[02:31] 進捗表示: 1 / 2　→ 14m
[02:32] 進捗表示: 1 / 2　→ 13m
[02:34] 進捗表示: 1 / 2　→ 14m
[02:35] 進捗表示: 1 / 2　→ 11m
[02:36] 進捗表示: 1 / 2　→ 8m
[02:37] 進捗表示: 1 / 2　→ 6m
[02:38] 進捗表示: 1 / 2　→ 7m
[02:39] 進捗表示: 1 / 2　→ 9m
[02:40] 進捗表示: 1 / 2　→ 13m
[02:41] 進捗表示: 1 / 2　→ 16m
[02:42] 進捗表示: 1 / 2　→ 14m
[02:43] 進捗表示: 1 / 2　→ 11m
[02:44] 進捗表示: 1 / 2　→ 8m
[02:46] 進捗表示: 1 / 2　→ 9m
[02:47] 進捗表示: 1 / 2　→ 10m
[02:48] 進捗表示: 1 / 2　→ 11m
[02:49] 進捗表示: 1 / 2　→ 7m
[02:50] 進捗表示: 1 / 2　→ 4m
[02:50] 進捗表示: 1 / 2
[02:50] 目的地に着いたのに採取のヒントが出ない → 渦巻きで探す(もくざいを あつめよう / 1 / 2)
[02:53] 目標表示: いまやること / クサツルを あつめよう
[02:53] 進捗表示: 0 / 2　→ 6m
[02:54] 進捗表示: 0 / 2　→ 5m
[02:55] 進捗表示: 0 / 2　→ 6m
[02:55] 進捗表示: 0 / 2　→ 7m
[02:56] 進捗表示: 0 / 2　→ 8m
[02:58] 進捗表示: 0 / 2　→ 6m
[02:59] 進捗表示: 0 / 2　→ 5m
[03:00] 進捗表示: 0 / 2　→ 9m
[03:02] 進捗表示: 0 / 2　→ 6m
[03:03] 進捗表示: 0 / 2　→ 5m
[03:04] 進捗表示: 0 / 2　→ 7m
[03:05] 進捗表示: 0 / 2　→ 9m
[03:07] 進捗表示: 0 / 2　→ 10m
[03:10] 進捗表示: 0 / 2　→ 7m
[03:11] 進捗表示: 0 / 2　→ 6m
[03:12] 進捗表示: 0 / 2　→ 10m
[03:14] 進捗表示: 0 / 2　→ 9m
[03:15] 進捗表示: 0 / 2　→ 5m
[03:16] 進捗表示: 0 / 2
[03:16] 目的地に着いたのに採取のヒントが出ない → 渦巻きで探す(クサツルを あつめよう / 0 / 2)
[03:18] 目標表示: いまやること / ざいりょうが そろったよ! Cで ツリザオを作ろう
[03:18] クラフト操作: ツリザオ → ok
[03:19] 目標表示: いまやること / 桟橋で サカナをつろう
[03:19] 進捗表示: 0 / 1　→ 35m
[03:20] 進捗表示: 0 / 1　→ 34m
[03:21] 進捗表示: 0 / 1　→ 31m
[03:21] 進捗表示: 0 / 1　→ 29m
[03:22] 進捗表示: 0 / 1　→ 26m
[03:23] 進捗表示: 0 / 1　→ 23m
[03:23] 進捗表示: 0 / 1　→ 21m
[03:24] 進捗表示: 0 / 1　→ 19m
[03:25] 進捗表示: 0 / 1　→ 17m
[03:30] 進捗表示: 0 / 1　→ 18m
[03:35] 進捗表示: 0 / 1　→ 15m
[03:36] 進捗表示: 0 / 1　→ 14m
[03:37] 進捗表示: 0 / 1　→ 13m
[03:37] 進捗表示: 0 / 1　→ 12m
[03:39] 進捗表示: 0 / 1　→ 11m
[03:47] 進捗表示: 0 / 1　→ 12m
[03:48] 進捗表示: 0 / 1　→ 14m
[03:49] 進捗表示: 0 / 1　→ 12m
[03:50] 進捗表示: 0 / 1　→ 11m
[03:55] 進捗表示: 0 / 1　→ 10m
[03:56] 進捗表示: 0 / 1　→ 8m
[03:57] 進捗表示: 0 / 1　→ 5m
[03:57] 進捗表示: 0 / 1　→ 3m
[03:58] 進捗表示: 0 / 1
[04:03] 目標表示: できた! / ミナモに ほうこくしよう
[04:03] 進捗表示: → 40m
[04:04] 進捗表示: → 39m
[04:06] 進捗表示: → 36m
[04:09] 進捗表示: → 33m
[04:10] 進捗表示: → 32m
[04:13] 進捗表示: → 30m
[04:14] 進捗表示: → 27m
[04:14] 進捗表示: → 24m
[04:15] 進捗表示: → 22m
[04:16] 進捗表示: → 19m
[04:17] 進捗表示: → 17m
[04:17] 進捗表示: → 14m
[04:18] 進捗表示: → 12m
[04:19] 進捗表示: → 9m
[04:19] 進捗表示: → 7m
[04:20] 進捗表示: → 4m
[04:23] 目標表示: いまやること / ノクトの はなしを聞こう
[04:23] 進捗表示: → 39m
[04:24] 進捗表示: → 37m
[04:24] 進捗表示: → 34m
[04:25] 進捗表示: → 32m
[04:26] 進捗表示: → 29m
[04:26] 進捗表示: → 27m
[04:27] 進捗表示: → 24m
[04:28] 進捗表示: → 21m
[04:29] 進捗表示: → 19m
[04:29] 進捗表示: → 16m
[04:30] 進捗表示: → 14m
[04:31] 進捗表示: → 12m
[04:31] 進捗表示: → 9m
[04:32] 進捗表示: → 7m
[04:33] 進捗表示: → 5m
[04:36] 目標表示: いまやること / 高台で こうせきをほろう
[04:36] 進捗表示: 0 / 3　→ 4m
[04:37] 進捗表示: 0 / 3　→ 3m
[04:37] 進捗表示: 0 / 3
[04:37] 目的地に着いたのに採取のヒントが出ない → 渦巻きで探す(高台で こうせきをほろう / 0 / 3)
[04:38] 進捗表示: 0 / 3　→ 4m
[04:39] 進捗表示: 0 / 3　→ 3m
[04:40] 進捗表示: 0 / 3
[04:42] 進捗表示: 0 / 3　→ 4m
[04:43] 進捗表示: 0 / 3　→ 3m
[04:44] 進捗表示: 0 / 3　→ 4m
[04:44] 進捗表示: 0 / 3　→ 5m
[04:45] 進捗表示: 0 / 3　→ 6m
[04:45] 進捗表示: 0 / 3　→ 5m
[04:46] 進捗表示: 0 / 3　→ 4m
[04:47] 進捗表示: 0 / 3　→ 3m
[04:48] 進捗表示: 0 / 3
[04:50] 進捗表示: 1 / 3　→ 4m
[04:51] 進捗表示: 1 / 3
[04:51] 目的地に着いたのに採取のヒントが出ない → 渦巻きで探す(高台で こうせきをほろう / 1 / 3)
[04:51] 進捗表示: 1 / 3　→ 4m
[04:52] 進捗表示: 1 / 3
[04:55] 進捗表示: 2 / 3　→ 9m
[04:55] 進捗表示: 2 / 3　→ 10m
[04:56] 進捗表示: 2 / 3　→ 12m
[04:57] 進捗表示: 2 / 3　→ 14m
[04:58] 進捗表示: 2 / 3　→ 12m
[05:00] 進捗表示: 2 / 3　→ 14m
[05:01] 進捗表示: 2 / 3　→ 17m
[05:02] 進捗表示: 2 / 3　→ 20m
[05:03] 進捗表示: 2 / 3　→ 19m
[05:04] 進捗表示: 2 / 3　→ 20m
[05:05] 進捗表示: 2 / 3　→ 19m
[05:06] 進捗表示: 2 / 3　→ 18m
[05:07] 進捗表示: 2 / 3　→ 16m
[05:08] 進捗表示: 2 / 3　→ 14m
[05:08] 進捗表示: 2 / 3　→ 12m
[05:09] 進捗表示: 2 / 3　→ 9m
[05:10] 進捗表示: 2 / 3　→ 7m
[05:10] 進捗表示: 2 / 3　→ 4m
[05:11] 進捗表示: 2 / 3
[05:11] 目的地に着いたのに採取のヒントが出ない → 渦巻きで探す(高台で こうせきをほろう / 2 / 3)
[05:14] 目標表示: できた! / ノクトに ほうこくしよう
[05:14] 進捗表示: → 10m
[05:15] 進捗表示: → 8m
[05:16] 進捗表示: → 7m
[05:17] 進捗表示: → 5m
[05:19] 目標表示: いまやること / ツムギの はなしを聞こう
[05:19] 進捗表示: → 42m
[05:20] 進捗表示: → 40m
[05:21] 進捗表示: → 39m
[05:22] 進捗表示: → 38m
[05:23] 進捗表示: → 36m
[05:24] 進捗表示: → 33m
[05:24] 進捗表示: → 30m
[05:25] 進捗表示: → 28m
[05:26] 進捗表示: → 25m
[05:27] 進捗表示: → 23m
[05:27] 進捗表示: → 20m
[05:28] 進捗表示: → 18m
[05:29] 進捗表示: → 15m
[05:29] 進捗表示: → 13m
[05:30] 進捗表示: → 15m
[05:31] 進捗表示: → 13m
[05:32] 進捗表示: → 15m
[05:32] 進捗表示: → 13m
[05:33] 進捗表示: → 15m
[05:34] 進捗表示: → 13m
[05:35] 進捗表示: → 15m
[05:35] 進捗表示: → 13m
[05:36] 進捗表示: → 15m
[05:37] 進捗表示: → 13m
[05:37] 進捗表示: → 15m
[05:38] 進捗表示: → 13m
[05:39] 進捗表示: → 15m
[05:40] 進捗表示: → 13m
[05:40] 進捗表示: → 15m
[05:41] 進捗表示: → 13m
[05:42] 進捗表示: → 15m
[05:42] 進捗表示: → 13m
[05:43] 進捗表示: → 15m
[05:44] 進捗表示: → 13m
[05:45] 進捗表示: → 15m
[05:45] 進捗表示: → 13m
[05:46] 進捗表示: → 15m
[05:47] 進捗表示: → 13m
[05:47] 進捗表示: → 15m
[05:48] 進捗表示: → 13m
[05:49] 進捗表示: → 15m
[05:50] 進捗表示: → 12m
[05:50] 進捗表示: → 15m
[05:51] 進捗表示: → 12m
[05:52] 進捗表示: → 15m
[05:53] 進捗表示: → 12m
[05:53] 進捗表示: → 15m
[05:54] 進捗表示: → 12m
[05:55] 進捗表示: → 15m
[05:55] 進捗表示: → 12m
[05:56] 進捗表示: → 10m
[05:57] 進捗表示: → 8m
[05:58] 進捗表示: → 5m
[05:58] 店のヒントが出たがEは押さない(目的: ツムギの はなしを聞こう)
[06:01] 目標表示: いまやること / もくざいを あつめよう
[06:01] 進捗表示: 0 / 1　→ 19m
[06:01] 進捗表示: 0 / 1　→ 17m
[06:02] 進捗表示: 0 / 1　→ 16m
[06:05] 進捗表示: 0 / 1　→ 15m
[06:08] 進捗表示: 0 / 1　→ 16m
[06:09] 進捗表示: 0 / 1　→ 13m
[06:10] 進捗表示: 0 / 1　→ 10m
[06:11] 進捗表示: 0 / 1　→ 7m
[06:12] 進捗表示: 0 / 1　→ 5m
[06:12] 進捗表示: 0 / 1
[06:12] 目的地に着いたのに採取のヒントが出ない → 渦巻きで探す(もくざいを あつめよう / 0 / 1)
[06:13] 進捗表示: 0 / 1　→ 3m
[06:14] 進捗表示: 0 / 1
[06:16] 目標表示: いまやること / ヒカリゴケを あつめよう
[06:16] 進捗表示: 0 / 2　→ 15m
[06:18] 進捗表示: 0 / 2　→ 18m
[06:19] 進捗表示: 0 / 2　→ 21m
[06:20] 進捗表示: 0 / 2　→ 20m
[06:21] 進捗表示: 0 / 2　→ 19m
[06:22] 進捗表示: 0 / 2　→ 23m
[06:24] 進捗表示: 0 / 2　→ 20m
[06:25] 進捗表示: 0 / 2　→ 21m
[06:26] 進捗表示: 0 / 2　→ 19m
[06:27] 進捗表示: 0 / 2　→ 20m
[06:32] 進捗表示: 0 / 2　→ 17m
[06:33] 進捗表示: 0 / 2　→ 18m
[06:33] 進捗表示: 0 / 2　→ 19m
[06:34] 進捗表示: 0 / 2　→ 22m
[06:35] 進捗表示: 0 / 2　→ 21m
[06:37] 進捗表示: 0 / 2　→ 22m
[06:38] 進捗表示: 0 / 2　→ 19m
[06:39] 進捗表示: 0 / 2　→ 16m
[06:40] 進捗表示: 0 / 2　→ 17m
[06:41] 進捗表示: 0 / 2　→ 18m
[06:42] 停滞: ヒカリゴケを あつめよう / 0 / 2　→ 18m / ヒント: → 逆まわりで回りこむ
[06:44] 進捗表示: 0 / 2　→ 16m
[06:45] 進捗表示: 0 / 2　→ 13m
[06:45] 進捗表示: 0 / 2　→ 11m
[06:46] 進捗表示: 0 / 2　→ 8m
[06:47] 進捗表示: 0 / 2　→ 7m
[06:48] 進捗表示: 0 / 2　→ 6m
[06:49] 進捗表示: 0 / 2　→ 3m
[06:50] 進捗表示: 0 / 2
[06:51] 進捗表示: 1 / 2　→ 8m
[06:52] 進捗表示: 1 / 2　→ 7m
[06:53] 進捗表示: 1 / 2　→ 6m
[06:54] 進捗表示: 1 / 2　→ 7m
[06:55] 進捗表示: 1 / 2　→ 6m
[06:56] 進捗表示: 1 / 2　→ 5m
[06:57] 進捗表示: 1 / 2　→ 6m
[07:01] 進捗表示: 1 / 2　→ 3m
[07:02] 進捗表示: 1 / 2
[07:02] 目的地に着いたのに採取のヒントが出ない → 渦巻きで探す(ヒカリゴケを あつめよう / 1 / 2)
[07:02] 進捗表示: 1 / 2　→ 4m
[07:03] 進捗表示: 1 / 2　→ 3m
[07:03] 進捗表示: 1 / 2
[07:05] 目標表示: いまやること / ざいりょうが そろったよ! Cで ランタンを作ろう
[07:06] クラフト操作: ランタン → ok
[07:07] 目標表示: いまやること / ランタンを 島に置こう(もちもの→おく)
[07:07] もちもの操作: おく → ランタン
[07:10] (7) 家具を島に置けた(ランタンを おいた)
[07:10] 目標表示: できた! / ツムギに ほうこくしよう
[07:10] (8) 配置後に目標が進んだ(配置を確認)
[07:10] 進捗表示: → 37m
RESULT {"result":"ok","totalSec":430,"errors":0,"flags":{"title":true,"firstTalk":true,"accepted":true,"gathered":true,"reported":true,"second":true,"materials":true,"crafted":true,"placed":true,"placeConfirmed":true}}
UX {"uxVerdict":"PASS","semanticMismatchCount":0,"refishDuringReportCount":0,"shopOpens":0,"stallCount":0}
