[00:05] タイトル表示
[00:05] ゲーム開始
[00:06] 目標表示: いまやること / WASDか矢印キーで あるいてみよう
[00:08] 目標表示: いまやること / ツムギの はなしを聞こう
[00:09] 最初の会話が開いた
[00:10] 目標表示: いまやること / もくざいを あつめよう
[00:10] (1) 最初の依頼を受注できた
[00:10] 進捗表示: 0 / 5　→ 19m
[00:11] 進捗表示: 0 / 5　→ 17m
[00:11] 進捗表示: 0 / 5　→ 16m
[00:14] 進捗表示: 0 / 5　→ 18m
[00:15] 進捗表示: 0 / 5　→ 17m
[00:16] 進捗表示: 0 / 5　→ 19m
[00:17] 進捗表示: 0 / 5　→ 16m
[00:18] 進捗表示: 0 / 5　→ 13m
[00:18] 進捗表示: 0 / 5　→ 11m
[00:19] 進捗表示: 0 / 5　→ 8m
[00:20] 進捗表示: 0 / 5　→ 6m
[00:21] 進捗表示: 0 / 5　→ 3m
[00:21] 進捗表示: 0 / 5
[00:23] 進捗表示: 2 / 5　→ 19m
[00:23] 進捗表示: 2 / 5　→ 18m
[00:24] 進捗表示: 2 / 5　→ 16m
[00:25] 進捗表示: 2 / 5　→ 13m
[00:26] 進捗表示: 2 / 5　→ 10m
[00:26] 進捗表示: 2 / 5　→ 8m
[00:27] 進捗表示: 2 / 5　→ 6m
[00:28] 進捗表示: 2 / 5　→ 4m
[00:28] 進捗表示: 2 / 5
[00:28] 目的地に着いたのに採取のヒントが出ない → 渦巻きで探す(もくざいを あつめよう / 2 / 5)
[00:32] 進捗表示: 2 / 5　→ 4m
[00:33] 進捗表示: 2 / 5　→ 5m
[00:34] 進捗表示: 2 / 5　→ 6m
[00:35] 進捗表示: 2 / 5　→ 5m
[00:35] 進捗表示: 2 / 5　→ 4m
[00:36] 進捗表示: 2 / 5　→ 3m
[00:37] 進捗表示: 2 / 5
[00:39] 進捗表示: 4 / 5　→ 9m
[00:40] 進捗表示: 4 / 5　→ 7m
[00:41] 進捗表示: 4 / 5　→ 5m
[00:41] 進捗表示: 4 / 5
[00:41] 目的地に着いたのに採取のヒントが出ない → 渦巻きで探す(もくざいを あつめよう / 4 / 5)
[00:43] 進捗表示: 4 / 5　→ 3m
[00:44] 進捗表示: 4 / 5　→ 4m
[00:44] 進捗表示: 4 / 5　→ 3m
[00:45] 進捗表示: 4 / 5
[00:47] 目標表示: できた! / ツムギに ほうこくしよう
[00:47] (2) 木材5つを集めきった
[00:47] 進捗表示: → 18m
[00:48] 進捗表示: → 17m
[00:48] 進捗表示: → 14m
[00:49] 進捗表示: → 12m
[00:50] 進捗表示: → 11m
[00:52] 進捗表示: → 8m
[00:53] 進捗表示: → 6m
[00:54] 進捗表示: → 3m
[00:56] 目標表示: いまやること / ミナモの はなしを聞こう
[00:56] (3) ツムギへの報告が終わった
[00:56] 進捗表示: → 33m
[00:57] 進捗表示: → 32m
[00:59] 進捗表示: → 31m
[00:59] 進捗表示: → 29m
[01:00] 進捗表示: → 26m
[01:01] 進捗表示: → 23m
[01:01] 進捗表示: → 21m
[01:02] 進捗表示: → 18m
[01:03] 進捗表示: → 16m
[01:04] 進捗表示: → 13m
[01:04] 進捗表示: → 11m
[01:05] 進捗表示: → 9m
[01:06] 進捗表示: → 6m
[01:06] 進捗表示: → 4m
[01:09] 目標表示: いまやること / もくざいを あつめよう
[01:09] (4) つぎの依頼を受注できた
[01:09] 進捗表示: 1 / 2　→ 15m
[01:09] 進捗表示: 1 / 2　→ 14m
[01:10] 進捗表示: 1 / 2　→ 11m
[01:11] 進捗表示: 1 / 2　→ 9m
[01:12] 進捗表示: 1 / 2　→ 8m
[01:12] 進捗表示: 1 / 2　→ 10m
[01:13] 進捗表示: 1 / 2　→ 8m
[01:14] 進捗表示: 1 / 2　→ 5m
[01:15] 進捗表示: 1 / 2
[01:15] 目的地に着いたのに採取のヒントが出ない → 渦巻きで探す(もくざいを あつめよう / 1 / 2)
[01:15] 進捗表示: 1 / 2　→ 4m
[01:16] 進捗表示: 1 / 2
[01:18] 目標表示: いまやること / いしを あつめよう
[01:18] 進捗表示: 0 / 1　→ 11m
[01:19] 進捗表示: 0 / 1　→ 9m
[01:20] 進捗表示: 0 / 1　→ 7m
[01:21] 進捗表示: 0 / 1　→ 5m
[01:21] 進捗表示: 0 / 1
[01:21] 目的地に着いたのに採取のヒントが出ない → 渦巻きで探す(いしを あつめよう / 0 / 1)
[01:22] 進捗表示: 0 / 1　→ 3m
[01:23] 進捗表示: 0 / 1
[01:25] 目標表示: いまやること / ざいりょうが そろったよ! Cで カマを作ろう
[01:25] (5) クラフトの素材がそろった
[01:26] クラフト操作: カマ → ok
[01:26] (6) 初クラフトができた
[01:27] 目標表示: いまやること / もくざいを あつめよう
[01:27] 進捗表示: 0 / 2　→ 39m
[01:27] 進捗表示: 0 / 2　→ 37m
[01:28] 進捗表示: 0 / 2　→ 35m
[01:29] 進捗表示: 0 / 2　→ 32m
[01:29] 進捗表示: 0 / 2　→ 30m
[01:30] 進捗表示: 0 / 2　→ 28m
[01:31] 進捗表示: 0 / 2　→ 26m
[01:32] 進捗表示: 0 / 2　→ 24m
[01:32] 進捗表示: 0 / 2　→ 21m
[01:33] 進捗表示: 0 / 2　→ 19m
[01:34] 進捗表示: 0 / 2　→ 16m
[01:34] 進捗表示: 0 / 2　→ 14m
[01:35] 進捗表示: 0 / 2　→ 12m
[01:36] 進捗表示: 0 / 2　→ 10m
[01:37] 進捗表示: 0 / 2　→ 9m
[01:37] 進捗表示: 0 / 2　→ 8m
[01:39] 進捗表示: 0 / 2　→ 9m
[01:40] 進捗表示: 0 / 2　→ 12m
[01:41] 進捗表示: 0 / 2　→ 15m
[01:44] 進捗表示: 0 / 2　→ 16m
[01:45] 進捗表示: 0 / 2　→ 15m
[01:46] 進捗表示: 0 / 2　→ 12m
[01:47] 進捗表示: 0 / 2　→ 13m
[01:48] 進捗表示: 0 / 2　→ 14m
[01:49] 進捗表示: 0 / 2　→ 16m
[01:51] 進捗表示: 0 / 2　→ 18m
[01:53] 進捗表示: 0 / 2　→ 16m
[01:54] 進捗表示: 0 / 2　→ 13m
[01:55] 進捗表示: 0 / 2　→ 14m
[01:56] 進捗表示: 0 / 2　→ 11m
[01:57] 進捗表示: 0 / 2　→ 10m
[01:58] 進捗表示: 0 / 2　→ 12m
[01:59] 進捗表示: 0 / 2　→ 15m
[02:00] 進捗表示: 0 / 2　→ 14m
[02:01] 進捗表示: 0 / 2　→ 13m
[02:02] 進捗表示: 0 / 2　→ 14m
[02:03] 進捗表示: 0 / 2　→ 15m
[02:04] 停滞: もくざいを あつめよう / 0 / 2　→ 15m / ヒント: → 逆まわりで回りこむ
[02:05] 進捗表示: 0 / 2　→ 16m
[02:07] 進捗表示: 0 / 2　→ 17m
DUMP {"sec":127,"heldSec":30,"best":8,"obj":"もくざいを あつめよう","sub":"0 / 2　→ 17m","hint":"","panel":"","arrow":{"x":56,"y":289,"dist":17},"dist":17,"markers":0,"nav":{"base":6,"heading":3,"off":3,"side":-1,"bad":1,"creep":0},"sweep":false,"probe":{"px":-43.4,"pz":15.7,"py":0.33,"spd":0,"locked":false,"indoor":false,"esc":null,"walk8":"11000011","tx":-26,"tz":14,"objId":"q_fish_mats_wood","hour":23.1,"fps":60},"lastMarks":["122s 進捗表示: 0 / 2　→ 14m","123s 進捗表示: 0 / 2　→ 15m","124s 停滞: もくざいを あつめよう / 0 / 2　→ 15m / ヒント: → 逆まわりで回りこむ","125s 進捗表示: 0 / 2　→ 16m","127s 進捗表示: 0 / 2　→ 17m"]}
[02:09] 進捗表示: 0 / 2　→ 15m
[02:10] 進捗表示: 0 / 2　→ 13m
[02:11] 進捗表示: 0 / 2　→ 12m
[02:14] 進捗表示: 0 / 2　→ 13m
[02:16] 進捗表示: 0 / 2　→ 11m
[02:17] 進捗表示: 0 / 2　→ 14m
DUMP {"sec":138,"heldSec":40,"best":8,"obj":"もくざいを あつめよう","sub":"0 / 2　→ 14m","hint":"","panel":"","arrow":{"x":56,"y":182,"dist":14},"dist":14,"markers":0,"nav":{"base":7,"heading":1,"off":3,"side":1,"bad":0,"creep":0},"sweep":false,"probe":{"px":-43.4,"pz":1.2,"py":0.33,"spd":0,"locked":false,"indoor":false,"esc":null,"walk8":"11100001","tx":-30,"tz":-4,"objId":"q_fish_mats_wood","hour":23.5,"fps":60},"lastMarks":["130s 進捗表示: 0 / 2　→ 13m","131s 進捗表示: 0 / 2　→ 12m","134s 進捗表示: 0 / 2　→ 13m","136s 進捗表示: 0 / 2　→ 11m","137s 進捗表示: 0 / 2　→ 14m"]}
[02:21] 進捗表示: 0 / 2　→ 13m
[02:23] 進捗表示: 0 / 2　→ 11m
[02:25] 進捗表示: 0 / 2　→ 12m
[02:26] 進捗表示: 0 / 2　→ 15m
[02:28] 進捗表示: 0 / 2　→ 13m
DUMP {"sec":148,"heldSec":51,"best":8,"obj":"もくざいを あつめよう","sub":"0 / 2　→ 13m","hint":"","panel":"","arrow":{"x":56,"y":164,"dist":13},"dist":13,"markers":0,"nav":{"base":6,"heading":7,"off":1,"side":1,"bad":0,"creep":0},"sweep":false,"probe":{"px":-37.6,"pz":19.2,"py":0.51,"spd":3.35,"locked":false,"indoor":false,"esc":null,"walk8":"11111111","tx":-26,"tz":14,"objId":"q_fish_mats_wood","hour":23.9,"fps":60},"lastMarks":["141s 進捗表示: 0 / 2　→ 13m","143s 進捗表示: 0 / 2　→ 11m","145s 進捗表示: 0 / 2　→ 12m","146s 進捗表示: 0 / 2　→ 15m","148s 進捗表示: 0 / 2　→ 13m"]}
[02:29] 進捗表示: 0 / 2　→ 10m
[02:30] 進捗表示: 0 / 2　→ 7m
[02:31] 進捗表示: 0 / 2　→ 4m
[02:32] 進捗表示: 0 / 2
[02:33] 目標表示: いまやること / クサツルを あつめよう
[02:33] 進捗表示: 0 / 2　→ 4m
[02:34] 進捗表示: 0 / 2　→ 5m
[02:35] 進捗表示: 0 / 2　→ 8m
[02:36] 進捗表示: 0 / 2　→ 5m
[02:36] 進捗表示: 0 / 2　→ 4m
[02:38] 進捗表示: 0 / 2
[02:38] 目的地に着いたのに採取のヒントが出ない → 渦巻きで探す(クサツルを あつめよう / 0 / 2)
[02:40] 目標表示: いまやること / ざいりょうが そろったよ! Cで ツリザオを作ろう
[02:41] クラフト操作: ツリザオ → ok
[02:42] 目標表示: いまやること / 桟橋で サカナをつろう
[02:42] 進捗表示: 0 / 1　→ 54m
[02:43] 進捗表示: 0 / 1　→ 52m
[02:43] 進捗表示: 0 / 1　→ 50m
[02:44] 進捗表示: 0 / 1　→ 47m
[02:45] 進捗表示: 0 / 1　→ 45m
[02:45] 進捗表示: 0 / 1　→ 42m
[02:46] 進捗表示: 0 / 1　→ 40m
[02:47] 進捗表示: 0 / 1　→ 37m
[02:48] 進捗表示: 0 / 1　→ 35m
[02:48] 進捗表示: 0 / 1　→ 32m
[02:49] 進捗表示: 0 / 1　→ 30m
[02:50] 進捗表示: 0 / 1　→ 28m
[02:51] 進捗表示: 0 / 1　→ 25m
[02:51] 進捗表示: 0 / 1　→ 23m
[02:52] 進捗表示: 0 / 1　→ 21m
[02:53] 進捗表示: 0 / 1　→ 18m
[02:53] 進捗表示: 0 / 1　→ 16m
[02:54] 進捗表示: 0 / 1　→ 13m
[02:55] 進捗表示: 0 / 1　→ 11m
[02:57] 進捗表示: 0 / 1　→ 10m
[02:58] 進捗表示: 0 / 1　→ 9m
[02:59] 進捗表示: 0 / 1　→ 8m
[03:00] 進捗表示: 0 / 1　→ 6m
[03:01] 進捗表示: 0 / 1　→ 3m
[03:01] 進捗表示: 0 / 1
[03:06] 目標表示: できた! / ミナモに ほうこくしよう
[03:06] 進捗表示: → 40m
[03:08] 進捗表示: → 37m
[03:11] 進捗表示: → 34m
[03:12] 進捗表示: → 33m
[03:14] 進捗表示: → 30m
[03:15] 進捗表示: → 28m
[03:16] 進捗表示: → 25m
[03:17] 進捗表示: → 23m
[03:17] 進捗表示: → 20m
[03:18] 進捗表示: → 18m
[03:19] 進捗表示: → 15m
[03:20] 進捗表示: → 13m
[03:20] 進捗表示: → 10m
[03:21] 進捗表示: → 9m
[03:25] 進捗表示: → 8m
[03:26] 進捗表示: → 11m
[03:27] 進捗表示: → 15m
[03:28] 進捗表示: → 18m
[03:29] 進捗表示: → 21m
[03:30] 進捗表示: → 19m
[03:32] 進捗表示: → 16m
[03:37] 進捗表示: → 18m
[03:38] 進捗表示: → 21m
[03:40] 進捗表示: → 18m
[03:41] 進捗表示: → 16m
[03:42] 進捗表示: → 17m
[03:43] 進捗表示: → 18m
[03:44] 進捗表示: → 22m
[03:45] 進捗表示: → 21m
[03:46] 進捗表示: → 22m
[03:47] 進捗表示: → 20m
[03:48] 進捗表示: → 24m
[03:50] 進捗表示: → 27m
[03:51] 進捗表示: → 28m
[03:51] 停滞: ミナモに ほうこくしよう / → 28m / ヒント: → 逆まわりで回りこむ
[03:53] 進捗表示: → 24m
[03:54] 進捗表示: → 23m
[03:55] 進捗表示: → 20m
[03:56] 進捗表示: → 18m
DUMP {"sec":236,"heldSec":30,"best":8,"obj":"ミナモに ほうこくしよう","sub":"→ 18m","hint":"","panel":"","arrow":{"x":56,"y":255,"dist":18},"dist":18,"markers":0,"nav":{"base":6,"heading":6,"off":0,"side":1,"bad":0,"creep":0},"sweep":false,"probe":{"px":6.5,"pz":19.1,"py":1.92,"spd":3.35,"locked":false,"indoor":false,"esc":null,"walk8":"11111111","tx":23.2,"tz":12.8,"objId":"q_fish_report","hour":3.3,"fps":60},"lastMarks":["231s 停滞: ミナモに ほうこくしよう / → 28m / ヒント: → 逆まわりで回りこむ","233s 進捗表示: → 24m","234s 進捗表示: → 23m","235s 進捗表示: → 20m","236s 進捗表示: → 18m"]}
[03:56] 進捗表示: → 15m
[03:57] 進捗表示: → 13m
[03:58] 進捗表示: → 11m
[03:58] 進捗表示: → 9m
[03:59] 進捗表示: → 7m
[04:01] 進捗表示: → 6m
[04:02] 進捗表示: → 4m
[04:05] 目標表示: いまやること / ノクトの はなしを聞こう
[04:05] 進捗表示: → 39m
[04:06] 進捗表示: → 37m
[04:07] 進捗表示: → 35m
[04:08] 進捗表示: → 32m
[04:08] 進捗表示: → 31m
[04:09] 進捗表示: → 29m
[04:10] 進捗表示: → 26m
[04:11] 進捗表示: → 24m
[04:11] 進捗表示: → 21m
[04:12] 進捗表示: → 19m
[04:13] 進捗表示: → 17m
[04:13] 進捗表示: → 14m
[04:14] 進捗表示: → 12m
[04:15] 進捗表示: → 9m
[04:16] 進捗表示: → 7m
[04:16] 進捗表示: → 6m
[04:20] 進捗表示: → 3m
[04:25] 目標表示: いまやること / 高台で こうせきをほろう
[04:25] 進捗表示: 1 / 3　→ 4m
[04:25] 進捗表示: 1 / 3　→ 6m
[04:26] 進捗表示: 1 / 3　→ 3m
[04:27] 進捗表示: 1 / 3
[04:28] 進捗表示: 2 / 3　→ 6m
[04:29] 進捗表示: 2 / 3　→ 5m
[04:30] 進捗表示: 2 / 3　→ 6m
[04:31] 進捗表示: 2 / 3　→ 7m
[04:32] 進捗表示: 2 / 3　→ 9m
[04:35] 進捗表示: 2 / 3　→ 11m
[04:36] 進捗表示: 2 / 3　→ 14m
[04:37] 進捗表示: 2 / 3　→ 11m
[04:38] 進捗表示: 2 / 3　→ 9m
[04:39] 進捗表示: 2 / 3　→ 7m
[04:40] 進捗表示: 2 / 3　→ 9m
[04:41] 進捗表示: 2 / 3　→ 7m
[04:42] 進捗表示: 2 / 3　→ 6m
[04:43] 進捗表示: 2 / 3　→ 5m
[04:44] 進捗表示: 2 / 3　→ 3m
[04:45] 進捗表示: 2 / 3
[04:45] 目的地に着いたのに採取のヒントが出ない → 渦巻きで探す(高台で こうせきをほろう / 2 / 3)
[04:46] 進捗表示: 2 / 3　→ 3m
[04:46] 進捗表示: 2 / 3
[04:49] 目標表示: できた! / ノクトに ほうこくしよう
[04:49] 進捗表示: → 10m
[04:50] 進捗表示: → 9m
[04:50] 進捗表示: → 7m
[04:52] 進捗表示: → 6m
[04:52] 進捗表示: → 3m
[04:54] 目標表示: いまやること / ツムギの はなしを聞こう
[04:54] 進捗表示: → 42m
[04:55] 進捗表示: → 40m
[04:56] 進捗表示: → 39m
[04:58] 進捗表示: → 38m
[04:58] 進捗表示: → 35m
[04:59] 進捗表示: → 33m
[05:00] 進捗表示: → 30m
[05:00] 進捗表示: → 28m
[05:01] 進捗表示: → 25m
[05:02] 進捗表示: → 23m
[05:03] 進捗表示: → 20m
[05:03] 進捗表示: → 18m
[05:04] 進捗表示: → 15m
[05:05] 進捗表示: → 13m
[05:05] 進捗表示: → 15m
[05:06] 進捗表示: → 12m
[05:07] 進捗表示: → 15m
[05:08] 進捗表示: → 13m
[05:08] 進捗表示: → 15m
[05:09] 進捗表示: → 13m
[05:10] 進捗表示: → 15m
[05:11] 進捗表示: → 12m
[05:11] 進捗表示: → 15m
[05:12] 進捗表示: → 12m
[05:13] 進捗表示: → 15m
[05:13] 進捗表示: → 12m
[05:14] 進捗表示: → 15m
[05:15] 進捗表示: → 13m
[05:16] 進捗表示: → 15m
[05:16] 進捗表示: → 13m
[05:17] 進捗表示: → 15m
[05:18] 進捗表示: → 12m
[05:18] 進捗表示: → 15m
[05:19] 進捗表示: → 12m
[05:20] 進捗表示: → 15m
[05:21] 進捗表示: → 13m
[05:21] 進捗表示: → 15m
[05:22] 進捗表示: → 13m
[05:23] 進捗表示: → 15m
[05:24] 進捗表示: → 13m
[05:24] 進捗表示: → 15m
[05:25] 進捗表示: → 13m
[05:26] 進捗表示: → 15m
[05:26] 進捗表示: → 13m
[05:27] 進捗表示: → 15m
[05:28] 進捗表示: → 13m
[05:29] 進捗表示: → 15m
[05:29] 進捗表示: → 13m
[05:30] 進捗表示: → 15m
[05:31] 進捗表示: → 13m
[05:32] 進捗表示: → 10m
[05:32] 進捗表示: → 8m
[05:33] 進捗表示: → 6m
[05:34] 進捗表示: → 3m
[05:36] 目標表示: いまやること / もくざいを あつめよう
[05:36] 進捗表示: 0 / 1　→ 19m
[05:37] 進捗表示: 0 / 1　→ 17m
[05:37] 進捗表示: 0 / 1　→ 16m
[05:40] 進捗表示: 0 / 1　→ 15m
[05:43] 進捗表示: 0 / 1　→ 16m
[05:44] 進捗表示: 0 / 1　→ 15m
[05:45] 進捗表示: 0 / 1　→ 18m
[05:46] 進捗表示: 0 / 1　→ 16m
[05:47] 進捗表示: 0 / 1　→ 18m
[05:49] 進捗表示: 0 / 1　→ 15m
[05:50] 進捗表示: 0 / 1　→ 13m
[05:50] 進捗表示: 0 / 1　→ 11m
[05:51] 進捗表示: 0 / 1　→ 9m
[05:52] 進捗表示: 0 / 1　→ 7m
[05:52] 進捗表示: 0 / 1　→ 5m
[05:53] 進捗表示: 0 / 1
[05:53] 目的地に着いたのに採取のヒントが出ない → 渦巻きで探す(もくざいを あつめよう / 0 / 1)
[05:54] 進捗表示: 0 / 1　→ 3m
[05:55] 進捗表示: 0 / 1　→ 4m
[05:56] 進捗表示: 0 / 1
[05:59] 目標表示: いまやること / ヒカリゴケを あつめよう
[05:59] 進捗表示: 0 / 2　→ 6m
[06:00] 進捗表示: 0 / 2　→ 4m
[06:00] 進捗表示: 0 / 2
[06:02] 進捗表示: 1 / 2　→ 10m
[06:02] 進捗表示: 1 / 2　→ 11m
[06:03] 進捗表示: 1 / 2　→ 9m
[06:04] 進捗表示: 1 / 2　→ 7m
[06:05] 進捗表示: 1 / 2　→ 6m
[06:05] 進捗表示: 1 / 2　→ 5m
[06:06] 進捗表示: 1 / 2　→ 4m
[06:07] 進捗表示: 1 / 2
[06:07] 目的地に着いたのに採取のヒントが出ない → 渦巻きで探す(ヒカリゴケを あつめよう / 1 / 2)
[06:07] 進捗表示: 1 / 2　→ 3m
[06:09] 進捗表示: 1 / 2
[06:11] 目標表示: いまやること / ざいりょうが そろったよ! Cで ランタンを作ろう
[06:11] クラフト操作: ランタン → ok
[06:12] 目標表示: いまやること / ランタンを 島に置こう(もちもの→おく)
[06:12] もちもの操作: おく → ランタン
[06:14] (7) 家具を島に置けた(ランタンを おいた)
[06:14] 目標表示: できた! / ツムギに ほうこくしよう
[06:14] (8) 配置後に目標が進んだ(配置を確認)
[06:14] 進捗表示: → 29m
RESULT {"result":"ok","totalSec":374,"errors":0,"flags":{"title":true,"firstTalk":true,"accepted":true,"gathered":true,"reported":true,"second":true,"materials":true,"crafted":true,"placed":true,"placeConfirmed":true}}
UX {"uxVerdict":"PASS","semanticMismatchCount":0,"refishDuringReportCount":0,"shopOpens":0,"stallCount":0}
