[00:04] タイトル表示
[00:05] ゲーム開始
[00:06] 目標表示: いまやること / WASDか矢印キーで あるいてみよう
[00:08] 目標表示: いまやること / ツムギの はなしを聞こう
[00:09] 最初の会話が開いた
[00:10] 目標表示: いまやること / もくざいを あつめよう
[00:10] (1) 最初の依頼を受注できた
[00:10] 進捗表示: 0 / 5　→ 19m
[00:11] 進捗表示: 0 / 5　→ 17m
[00:11] 進捗表示: 0 / 5　→ 16m
[00:14] 進捗表示: 0 / 5　→ 18m
[00:15] 進捗表示: 0 / 5　→ 17m
[00:16] 進捗表示: 0 / 5　→ 19m
[00:17] 進捗表示: 0 / 5　→ 16m
[00:18] 進捗表示: 0 / 5　→ 13m
[00:18] 進捗表示: 0 / 5　→ 11m
[00:19] 進捗表示: 0 / 5　→ 8m
[00:20] 進捗表示: 0 / 5　→ 6m
[00:21] 進捗表示: 0 / 5　→ 3m
[00:21] 進捗表示: 0 / 5
[00:23] 進捗表示: 2 / 5　→ 19m
[00:23] 進捗表示: 2 / 5　→ 18m
[00:24] 進捗表示: 2 / 5　→ 15m
[00:25] 進捗表示: 2 / 5　→ 13m
[00:26] 進捗表示: 2 / 5　→ 10m
[00:26] 進捗表示: 2 / 5　→ 8m
[00:27] 進捗表示: 2 / 5　→ 6m
[00:28] 進捗表示: 2 / 5　→ 4m
[00:28] 進捗表示: 2 / 5
[00:28] 目的地に着いたのに採取のヒントが出ない → 渦巻きで探す(もくざいを あつめよう / 2 / 5)
[00:32] 進捗表示: 2 / 5　→ 4m
[00:33] 進捗表示: 2 / 5　→ 5m
[00:35] 進捗表示: 2 / 5　→ 4m
[00:36] 進捗表示: 2 / 5　→ 3m
[00:37] 進捗表示: 2 / 5
[00:39] 進捗表示: 4 / 5　→ 10m
[00:40] 進捗表示: 4 / 5　→ 8m
[00:41] 進捗表示: 4 / 5　→ 5m
[00:41] 進捗表示: 4 / 5
[00:41] 目的地に着いたのに採取のヒントが出ない → 渦巻きで探す(もくざいを あつめよう / 4 / 5)
[00:42] 進捗表示: 4 / 5　→ 3m
[00:44] 進捗表示: 4 / 5　→ 4m
[00:44] 進捗表示: 4 / 5　→ 3m
[00:45] 進捗表示: 4 / 5
[00:47] 目標表示: できた! / ツムギに ほうこくしよう
[00:47] (2) 木材5つを集めきった
[00:47] 進捗表示: → 20m
[00:48] 進捗表示: → 18m
[00:48] 進捗表示: → 16m
[00:49] 進捗表示: → 13m
[00:50] 進捗表示: → 12m
[00:52] 進捗表示: → 10m
[00:53] 進捗表示: → 8m
[00:54] 進捗表示: → 5m
[00:57] 目標表示: いまやること / ミナモの はなしを聞こう
[00:57] (3) ツムギへの報告が終わった
[00:57] 進捗表示: → 34m
[00:58] 進捗表示: → 32m
[00:59] 進捗表示: → 31m
[01:00] 進捗表示: → 29m
[01:00] 進捗表示: → 26m
[01:01] 進捗表示: → 24m
[01:02] 進捗表示: → 21m
[01:02] 進捗表示: → 18m
[01:03] 進捗表示: → 16m
[01:04] 進捗表示: → 13m
[01:05] 進捗表示: → 15m
[01:05] 進捗表示: → 13m
[01:06] 進捗表示: → 11m
[01:07] 進捗表示: → 9m
[01:07] 進捗表示: → 6m
[01:08] 進捗表示: → 4m
[01:11] 目標表示: いまやること / もくざいを あつめよう
[01:11] (4) つぎの依頼を受注できた
[01:11] 進捗表示: 0 / 2　→ 15m
[01:11] 進捗表示: 0 / 2　→ 14m
[01:12] 進捗表示: 0 / 2　→ 11m
[01:13] 進捗表示: 0 / 2　→ 10m
[01:13] 進捗表示: 0 / 2　→ 8m
[01:14] 進捗表示: 0 / 2　→ 6m
[01:15] 進捗表示: 0 / 2
[01:15] 目的地に着いたのに採取のヒントが出ない → 渦巻きで探す(もくざいを あつめよう / 0 / 2)
[01:15] 進捗表示: 0 / 2　→ 4m
[01:17] 進捗表示: 0 / 2　→ 3m
[01:17] 進捗表示: 0 / 2
[01:27] 進捗表示: 0 / 2　→ 3m
[01:28] 進捗表示: 0 / 2　→ 5m
[01:29] 進捗表示: 0 / 2　→ 8m
[01:30] 進捗表示: 0 / 2　→ 11m
[01:30] 進捗表示: 0 / 2　→ 12m
[01:35] 進捗表示: 0 / 2　→ 11m
[01:41] 進捗表示: 0 / 2　→ 12m
[01:42] 進捗表示: 0 / 2　→ 11m
[01:43] 進捗表示: 0 / 2　→ 10m
[01:44] 進捗表示: 0 / 2　→ 12m
DUMP {"sec":107,"heldSec":30,"best":3,"obj":"もくざいを あつめよう","sub":"0 / 2　→ 12m","hint":"","panel":"","arrow":null,"dist":12,"markers":0,"nav":{"base":3,"heading":5,"off":3,"side":1,"bad":0,"creep":0},"sweep":false,"probe":{"px":27.2,"pz":35.7,"py":0.33,"spd":0.13,"locked":false,"indoor":false,"esc":null,"walk8":"00001111","tx":20,"tz":26,"objId":"q_fish_mats_wood","hour":22.3,"fps":60},"lastMarks":["95s 進捗表示: 0 / 2　→ 11m","101s 進捗表示: 0 / 2　→ 12m","102s 進捗表示: 0 / 2　→ 11m","103s 進捗表示: 0 / 2　→ 10m","104s 進捗表示: 0 / 2　→ 12m"]}
[01:50] 進捗表示: 0 / 2　→ 11m
[01:51] 進捗表示: 0 / 2　→ 7m
[01:52] 進捗表示: 0 / 2　→ 4m
[01:54] 停滞: もくざいを あつめよう / 0 / 2　→ 4m / ヒント: → 逆まわりで回りこむ
[01:55] 進捗表示: 0 / 2
[01:55] 目的地に着いたのに採取のヒントが出ない → 渦巻きで探す(もくざいを あつめよう / 0 / 2)
[01:57] 目標表示: いまやること / いしを あつめよう
[01:57] 進捗表示: 0 / 1　→ 9m
[01:58] 進捗表示: 0 / 1　→ 7m
[01:59] 進捗表示: 0 / 1　→ 5m
[01:59] 進捗表示: 0 / 1　→ 3m
[02:00] 進捗表示: 0 / 1　→ 4m
[02:01] 進捗表示: 0 / 1　→ 5m
[02:02] 進捗表示: 0 / 1　→ 6m
[02:03] 進捗表示: 0 / 1　→ 5m
[02:04] 進捗表示: 0 / 1　→ 6m
[02:07] 進捗表示: 0 / 1　→ 7m
[02:08] 進捗表示: 0 / 1　→ 9m
[02:09] 進捗表示: 0 / 1　→ 12m
[02:10] 進捗表示: 0 / 1　→ 9m
[02:11] 進捗表示: 0 / 1　→ 7m
[02:12] 進捗表示: 0 / 1　→ 6m
[02:14] 進捗表示: 0 / 1　→ 8m
[02:16] 進捗表示: 0 / 1　→ 10m
[02:17] 進捗表示: 0 / 1　→ 11m
[02:18] 進捗表示: 0 / 1　→ 7m
[02:19] 進捗表示: 0 / 1　→ 5m
[02:23] 進捗表示: 0 / 1　→ 6m
[02:24] 進捗表示: 0 / 1　→ 9m
[02:25] 進捗表示: 0 / 1　→ 11m
[02:26] 停滞: いしを あつめよう / 0 / 1　→ 11m / ヒント: → 逆まわりで回りこむ
[02:28] 進捗表示: 0 / 1　→ 9m
DUMP {"sec":150,"heldSec":30,"best":3,"obj":"いしを あつめよう","sub":"0 / 1　→ 9m","hint":"","panel":"","arrow":{"x":1224,"y":248,"dist":9},"dist":9,"markers":0,"nav":{"base":2,"heading":4,"off":3,"side":1,"bad":0,"creep":0},"sweep":false,"probe":{"px":-3.6,"pz":38.1,"py":0.33,"spd":0.43,"locked":false,"indoor":false,"esc":null,"walk8":"10000111","tx":-12,"tz":36,"objId":"q_fish_mats_stone","hour":0,"fps":60},"lastMarks":["143s 進捗表示: 0 / 1　→ 6m","144s 進捗表示: 0 / 1　→ 9m","145s 進捗表示: 0 / 1　→ 11m","146s 停滞: いしを あつめよう / 0 / 1　→ 11m / ヒント: → 逆まわりで回りこむ","148s 進捗表示: 0 / 1　→ 9m"]}
[02:31] 進捗表示: 0 / 1　→ 10m
[02:33] 進捗表示: 0 / 1　→ 8m
[02:33] 進捗表示: 0 / 1　→ 6m
[02:36] 進捗表示: 0 / 1　→ 4m
[02:37] 進捗表示: 0 / 1　→ 6m
[02:38] 進捗表示: 0 / 1　→ 5m
[02:39] 進捗表示: 0 / 1　→ 6m
[02:40] 進捗表示: 0 / 1　→ 3m
[02:40] 進捗表示: 0 / 1
DUMP {"sec":160,"heldSec":41,"best":3,"obj":"いしを あつめよう","sub":"0 / 1","hint":"","panel":"","arrow":null,"dist":null,"markers":0,"nav":{"base":4,"heading":4,"off":0,"side":-1,"bad":0,"creep":0},"sweep":false,"probe":{"px":-14.7,"pz":36.2,"py":0.33,"spd":0,"locked":false,"indoor":false,"esc":null,"walk8":"10000111","tx":-12,"tz":36,"objId":"q_fish_mats_stone","hour":0.4,"fps":60},"lastMarks":["157s 進捗表示: 0 / 1　→ 6m","158s 進捗表示: 0 / 1　→ 5m","159s 進捗表示: 0 / 1　→ 6m","160s 進捗表示: 0 / 1　→ 3m","160s 進捗表示: 0 / 1"]}
[02:40] 目的地に着いたのに採取のヒントが出ない → 渦巻きで探す(いしを あつめよう / 0 / 1)
[02:42] 進捗表示: 0 / 1　→ 4m
[02:43] 進捗表示: 0 / 1
[02:45] 目標表示: いまやること / ざいりょうが そろったよ! Cで カマを作ろう
[02:45] (5) クラフトの素材がそろった
[02:46] クラフト操作: カマ → ok
[02:46] (6) 初クラフトができた
[02:47] 目標表示: いまやること / もくざいを あつめよう
[02:47] 進捗表示: 0 / 2　→ 25m
[02:48] 進捗表示: 0 / 2　→ 23m
[02:48] 進捗表示: 0 / 2　→ 20m
[02:49] 進捗表示: 0 / 2　→ 18m
[02:50] 進捗表示: 0 / 2　→ 15m
[02:50] 進捗表示: 0 / 2　→ 13m
[02:51] 進捗表示: 0 / 2　→ 11m
[02:52] 進捗表示: 0 / 2　→ 9m
[02:53] 進捗表示: 0 / 2　→ 7m
[02:55] 進捗表示: 0 / 2　→ 6m
[02:56] 進捗表示: 0 / 2　→ 4m
[02:57] 進捗表示: 0 / 2　→ 6m
[02:58] 進捗表示: 0 / 2　→ 4m
[02:59] 進捗表示: 0 / 2　→ 7m
[03:00] 進捗表示: 0 / 2　→ 3m
[03:01] 進捗表示: 0 / 2　→ 4m
[03:02] 進捗表示: 0 / 2　→ 7m
[03:03] 進捗表示: 0 / 2　→ 10m
[03:04] 進捗表示: 0 / 2　→ 14m
[03:05] 進捗表示: 0 / 2　→ 15m
[03:07] 進捗表示: 0 / 2　→ 13m
[03:08] 進捗表示: 0 / 2　→ 10m
[03:09] 進捗表示: 0 / 2　→ 7m
[03:10] 進捗表示: 0 / 2　→ 8m
[03:11] 進捗表示: 0 / 2　→ 10m
[03:14] 進捗表示: 0 / 2　→ 12m
[03:15] 進捗表示: 0 / 2　→ 15m
[03:16] 進捗表示: 0 / 2　→ 12m
[03:17] 進捗表示: 0 / 2　→ 9m
[03:18] 進捗表示: 0 / 2　→ 6m
[03:19] 進捗表示: 0 / 2　→ 5m
[03:20] 進捗表示: 0 / 2　→ 8m
[03:21] 進捗表示: 0 / 2　→ 11m
[03:22] 進捗表示: 0 / 2　→ 14m
[03:23] 進捗表示: 0 / 2　→ 16m
[03:24] 進捗表示: 0 / 2　→ 19m
[03:25] 進捗表示: 0 / 2　→ 20m
[03:26] 進捗表示: 0 / 2　→ 18m
[03:27] 停滞: もくざいを あつめよう / 0 / 2　→ 18m / ヒント: → 逆まわりで回りこむ
[03:28] 進捗表示: 0 / 2　→ 16m
[03:30] 進捗表示: 0 / 2　→ 17m
[03:31] 進捗表示: 0 / 2　→ 19m
DUMP {"sec":211,"heldSec":31,"best":3,"obj":"もくざいを あつめよう","sub":"0 / 2　→ 19m","hint":"","panel":"","arrow":{"x":966,"y":56,"dist":19},"dist":19,"markers":0,"nav":{"base":1,"heading":6,"off":3,"side":-1,"bad":1,"creep":0},"sweep":false,"probe":{"px":-15.5,"pz":30,"py":0.63,"spd":3.35,"locked":false,"indoor":false,"esc":null,"walk8":"11111111","tx":-26,"tz":14,"objId":"q_fish_mats_wood","hour":2.4,"fps":60},"lastMarks":["206s 進捗表示: 0 / 2　→ 18m","207s 停滞: もくざいを あつめよう / 0 / 2　→ 18m / ヒント: → 逆まわりで回りこむ","208s 進捗表示: 0 / 2　→ 16m","210s 進捗表示: 0 / 2　→ 17m","211s 進捗表示: 0 / 2　→ 19m"]}
[03:32] 進捗表示: 0 / 2　→ 21m
[03:33] 進捗表示: 0 / 2　→ 19m
[03:34] 進捗表示: 0 / 2　→ 17m
[03:35] 進捗表示: 0 / 2　→ 16m
[03:37] 進捗表示: 0 / 2　→ 14m
[03:38] 進捗表示: 0 / 2　→ 11m
[03:38] 進捗表示: 0 / 2　→ 9m
[03:39] 進捗表示: 0 / 2　→ 7m
[03:40] 進捗表示: 0 / 2　→ 5m
[03:40] 進捗表示: 0 / 2　→ 3m
DUMP {"sec":221,"heldSec":41,"best":3,"obj":"もくざいを あつめよう","sub":"0 / 2　→ 3m","hint":"","panel":"","arrow":null,"dist":3,"markers":0,"nav":{"base":0,"heading":0,"off":0,"side":1,"bad":1,"creep":0},"sweep":false,"probe":{"px":-28.9,"pz":12.3,"py":1.19,"spd":3.36,"locked":false,"indoor":false,"esc":null,"walk8":"11111111","tx":-26,"tz":14,"objId":"q_fish_mats_wood","hour":2.8,"fps":60},"lastMarks":["218s 進捗表示: 0 / 2　→ 11m","218s 進捗表示: 0 / 2　→ 9m","219s 進捗表示: 0 / 2　→ 7m","220s 進捗表示: 0 / 2　→ 5m","220s 進捗表示: 0 / 2　→ 3m"]}
[03:42] 進捗表示: 0 / 2　→ 5m
[03:43] 進捗表示: 0 / 2　→ 8m
[03:44] 進捗表示: 0 / 2　→ 7m
[03:45] 進捗表示: 0 / 2　→ 5m
[03:46] 進捗表示: 0 / 2
[03:46] 目的地に着いたのに採取のヒントが出ない → 渦巻きで探す(もくざいを あつめよう / 0 / 2)
[03:49] 進捗表示: 1 / 2　→ 18m
[03:50] 進捗表示: 1 / 2　→ 15m
[03:51] 進捗表示: 1 / 2　→ 13m
[03:52] 進捗表示: 1 / 2　→ 10m
[03:53] 進捗表示: 1 / 2　→ 8m
[03:53] 進捗表示: 1 / 2　→ 6m
[03:54] 進捗表示: 1 / 2　→ 4m
[03:55] 進捗表示: 1 / 2　→ 5m
[03:56] 進捗表示: 1 / 2　→ 6m
[03:57] 進捗表示: 1 / 2
[03:57] 目的地に着いたのに採取のヒントが出ない → 渦巻きで探す(もくざいを あつめよう / 1 / 2)
[03:58] 進捗表示: 1 / 2　→ 3m
[03:59] 進捗表示: 1 / 2
[04:01] 目標表示: いまやること / クサツルを あつめよう
[04:01] 進捗表示: 0 / 2　→ 9m
[04:02] 進捗表示: 0 / 2　→ 7m
[04:03] 進捗表示: 0 / 2　→ 5m
[04:03] 進捗表示: 0 / 2
[04:03] 目的地に着いたのに採取のヒントが出ない → 渦巻きで探す(クサツルを あつめよう / 0 / 2)
[04:04] 進捗表示: 0 / 2　→ 3m
[04:05] 進捗表示: 0 / 2　→ 4m
[04:05] 進捗表示: 0 / 2
[04:08] 進捗表示: 1 / 2　→ 12m
[04:09] 進捗表示: 1 / 2　→ 10m
[04:09] 進捗表示: 1 / 2　→ 8m
[04:10] 進捗表示: 1 / 2　→ 6m
[04:11] 進捗表示: 1 / 2　→ 3m
[04:12] 進捗表示: 1 / 2
[04:13] 目標表示: いまやること / ざいりょうが そろったよ! Cで ツリザオを作ろう
[04:13] クラフト操作: ツリザオ → ok
[04:14] 目標表示: いまやること / 桟橋で サカナをつろう
[04:14] 進捗表示: 0 / 1　→ 50m
[04:15] 進捗表示: 0 / 1　→ 48m
[04:16] 進捗表示: 0 / 1　→ 45m
[04:17] 進捗表示: 0 / 1　→ 42m
[04:17] 進捗表示: 0 / 1　→ 40m
[04:18] 進捗表示: 0 / 1　→ 37m
[04:19] 進捗表示: 0 / 1　→ 35m
[04:19] 進捗表示: 0 / 1　→ 32m
[04:20] 進捗表示: 0 / 1　→ 29m
[04:21] 進捗表示: 0 / 1　→ 27m
[04:22] 進捗表示: 0 / 1　→ 24m
[04:22] 進捗表示: 0 / 1　→ 22m
[04:23] 進捗表示: 0 / 1　→ 19m
[04:24] 進捗表示: 0 / 1　→ 17m
[04:24] 進捗表示: 0 / 1　→ 14m
[04:25] 進捗表示: 0 / 1　→ 11m
[04:30] 進捗表示: 0 / 1　→ 12m
[04:30] 進捗表示: 0 / 1　→ 14m
[04:31] 進捗表示: 0 / 1　→ 16m
[04:32] 進捗表示: 0 / 1　→ 19m
[04:33] 進捗表示: 0 / 1　→ 16m
[04:34] 進捗表示: 0 / 1　→ 14m
[04:35] 進捗表示: 0 / 1　→ 12m
[04:36] 進捗表示: 0 / 1　→ 11m
[04:43] 進捗表示: 0 / 1　→ 10m
[04:44] 進捗表示: 0 / 1　→ 8m
[04:45] 進捗表示: 0 / 1　→ 6m
[04:46] 進捗表示: 0 / 1　→ 3m
[04:46] 進捗表示: 0 / 1
[04:52] 目標表示: できた! / ミナモに ほうこくしよう
[04:52] 進捗表示: → 39m
[04:55] 進捗表示: → 37m
[04:56] 進捗表示: → 34m
[04:56] 進捗表示: → 33m
[04:59] 進捗表示: → 30m
[05:00] 進捗表示: → 28m
[05:00] 進捗表示: → 25m
[05:01] 進捗表示: → 23m
[05:02] 進捗表示: → 20m
[05:02] 進捗表示: → 18m
[05:03] 進捗表示: → 15m
[05:04] 進捗表示: → 13m
[05:05] 進捗表示: → 10m
[05:05] 進捗表示: → 9m
[05:10] 進捗表示: → 8m
[05:11] 進捗表示: → 12m
[05:12] 進捗表示: → 15m
[05:13] 進捗表示: → 18m
[05:14] 進捗表示: → 21m
[05:15] 進捗表示: → 20m
[05:15] 進捗表示: → 19m
[05:16] 進捗表示: → 16m
[05:21] 進捗表示: → 19m
[05:22] 進捗表示: → 21m
[05:24] 進捗表示: → 18m
[05:25] 進捗表示: → 16m
[05:26] 進捗表示: → 17m
[05:27] 進捗表示: → 18m
[05:28] 進捗表示: → 22m
[05:29] 進捗表示: → 21m
[05:30] 進捗表示: → 23m
[05:32] 進捗表示: → 26m
[05:35] 進捗表示: → 25m
[05:36] 停滞: ミナモに ほうこくしよう / → 25m / ヒント: → 逆まわりで回りこむ
[05:38] 進捗表示: → 23m
[05:38] 進捗表示: → 21m
[05:39] 進捗表示: → 19m
[05:40] 進捗表示: → 17m
DUMP {"sec":340,"heldSec":30,"best":8,"obj":"ミナモに ほうこくしよう","sub":"→ 17m","hint":"","panel":"","arrow":{"x":56,"y":154,"dist":17},"dist":17,"markers":0,"nav":{"base":6,"heading":6,"off":0,"side":1,"bad":0,"creep":0},"sweep":false,"probe":{"px":9.3,"pz":22.7,"py":1.7,"spd":3.6,"locked":false,"indoor":false,"esc":null,"walk8":"11111111","tx":23.2,"tz":12.8,"objId":"q_fish_report","hour":7.5,"fps":60},"lastMarks":["336s 停滞: ミナモに ほうこくしよう / → 25m / ヒント: → 逆まわりで回りこむ","338s 進捗表示: → 23m","338s 進捗表示: → 21m","339s 進捗表示: → 19m","340s 進捗表示: → 17m"]}
[05:41] 進捗表示: → 15m
[05:41] 進捗表示: → 13m
[05:42] 進捗表示: → 12m
[05:43] 進捗表示: → 10m
[05:49] 進捗表示: → 9m
[05:50] 進捗表示: → 12m
DUMP {"sec":350,"heldSec":40,"best":8,"obj":"ミナモに ほうこくしよう","sub":"→ 12m","hint":"","panel":"","arrow":null,"dist":12,"markers":1,"nav":{"base":1,"heading":4,"off":3,"side":1,"bad":1,"creep":0},"sweep":false,"probe":{"px":18.7,"pz":23.9,"py":1.5,"spd":3.35,"locked":false,"indoor":false,"esc":null,"walk8":"11111111","tx":23.2,"tz":12.8,"objId":"q_fish_report","hour":7.9,"fps":60},"lastMarks":["341s 進捗表示: → 13m","342s 進捗表示: → 12m","343s 進捗表示: → 10m","349s 進捗表示: → 9m","350s 進捗表示: → 12m"]}
[05:51] 進捗表示: → 15m
[05:52] 進捗表示: → 12m
[05:53] 進捗表示: → 9m
[05:56] 進捗表示: → 10m
[05:58] 進捗表示: → 13m
[05:59] 進捗表示: → 17m
[06:00] 進捗表示: → 13m
[06:01] 進捗表示: → 12m
DUMP {"sec":361,"heldSec":51,"best":8,"obj":"ミナモに ほうこくしよう","sub":"→ 12m","hint":"","panel":"","arrow":null,"dist":12,"markers":1,"nav":{"base":1,"heading":1,"off":1,"side":1,"bad":0,"creep":0},"sweep":false,"probe":{"px":18.4,"pz":23.4,"py":1.52,"spd":3.6,"locked":false,"indoor":false,"esc":null,"walk8":"11111111","tx":23.2,"tz":12.8,"objId":"q_fish_report","hour":8.3,"fps":60},"lastMarks":["356s 進捗表示: → 10m","358s 進捗表示: → 13m","359s 進捗表示: → 17m","360s 進捗表示: → 13m","361s 進捗表示: → 12m"]}
[06:02] 進捗表示: → 13m
[06:03] 進捗表示: → 16m
[06:04] 進捗表示: → 19m
[06:05] 進捗表示: → 23m
[06:06] 進捗表示: → 25m
[06:07] 進捗表示: → 28m
[06:09] 進捗表示: → 25m
[06:09] 進捗表示: → 23m
[06:10] 進捗表示: → 21m
[06:11] 進捗表示: → 20m
DUMP {"sec":371,"heldSec":62,"best":8,"obj":"ミナモに ほうこくしよう","sub":"→ 20m","hint":"","panel":"","arrow":{"x":401,"y":56,"dist":20},"dist":20,"markers":0,"nav":{"base":7,"heading":6,"off":1,"side":-1,"bad":0,"creep":0},"sweep":false,"probe":{"px":15.9,"pz":31,"py":0.95,"spd":3.6,"locked":false,"indoor":false,"esc":null,"walk8":"11111111","tx":23.2,"tz":12.8,"objId":"q_fish_report","hour":8.8,"fps":60},"lastMarks":["367s 進捗表示: → 28m","369s 進捗表示: → 25m","369s 進捗表示: → 23m","370s 進捗表示: → 21m","371s 進捗表示: → 20m"]}
[06:12] 進捗表示: → 19m
[06:13] 進捗表示: → 16m
[06:14] 進捗表示: → 14m
[06:15] 進捗表示: → 12m
[06:15] 停滞: ミナモに ほうこくしよう / → 12m / ヒント: → 逆まわりで回りこむ
[06:17] 進捗表示: → 14m
[06:18] 進捗表示: → 16m
[06:19] 進捗表示: → 19m
[06:20] 進捗表示: → 23m
[06:21] 進捗表示: → 19m
[06:22] 進捗表示: → 17m
DUMP {"sec":382,"heldSec":72,"best":8,"obj":"ミナモに ほうこくしよう","sub":"→ 17m","hint":"","panel":"","arrow":null,"dist":17,"markers":1,"nav":{"base":6,"heading":6,"off":1,"side":-1,"bad":0,"creep":0},"sweep":false,"probe":{"px":13.3,"pz":26.7,"py":1.44,"spd":3.6,"locked":false,"indoor":false,"esc":null,"walk8":"11111111","tx":23.2,"tz":12.8,"objId":"q_fish_report","hour":9.2,"fps":60},"lastMarks":["378s 進捗表示: → 16m","379s 進捗表示: → 19m","380s 進捗表示: → 23m","381s 進捗表示: → 19m","382s 進捗表示: → 17m"]}
[06:23] 進捗表示: → 18m
[06:24] 進捗表示: → 19m
[06:25] 進捗表示: → 21m
[06:27] 進捗表示: → 24m
[06:29] 進捗表示: → 21m
[06:30] 進捗表示: → 19m
[06:30] 進捗表示: → 17m
[06:31] 進捗表示: → 15m
[06:32] 進捗表示: → 17m
DUMP {"sec":392,"heldSec":83,"best":8,"obj":"ミナモに ほうこくしよう","sub":"→ 17m","hint":"","panel":"","arrow":null,"dist":17,"markers":1,"nav":{"base":1,"heading":2,"off":1,"side":1,"bad":1,"creep":0},"sweep":false,"probe":{"px":14.5,"pz":27.1,"py":1.37,"spd":3.6,"locked":false,"indoor":false,"esc":null,"walk8":"11111111","tx":23.2,"tz":12.8,"objId":"q_fish_report","hour":9.6,"fps":60},"lastMarks":["389s 進捗表示: → 21m","390s 進捗表示: → 19m","390s 進捗表示: → 17m","391s 進捗表示: → 15m","392s 進捗表示: → 17m"]}
[06:33] 進捗表示: → 19m
[06:34] 進捗表示: → 22m
[06:35] 進捗表示: → 26m
[06:36] 進捗表示: → 28m
[06:37] 進捗表示: → 31m
[06:38] 進捗表示: → 28m
[06:39] 進捗表示: → 26m
[06:40] 進捗表示: → 24m
[06:41] 進捗表示: → 22m
[06:42] 進捗表示: → 20m
[06:43] 停滞: ミナモに ほうこくしよう / → 20m / ヒント: → 逆まわりで回りこむ
[06:45] 進捗表示: → 17m
DUMP {"sec":405,"heldSec":95,"best":8,"obj":"ミナモに ほうこくしよう","sub":"→ 17m","hint":"","panel":"","arrow":{"x":512,"y":56,"dist":17},"dist":17,"markers":0,"nav":{"base":7,"heading":6,"off":2,"side":1,"bad":1,"creep":0},"sweep":false,"probe":{"px":15.9,"pz":28,"py":1.24,"spd":3.6,"locked":false,"indoor":false,"esc":null,"walk8":"11111111","tx":20.3,"tz":11.3,"objId":"q_fish_report","hour":10.1,"fps":60},"lastMarks":["400s 進捗表示: → 24m","401s 進捗表示: → 22m","402s 進捗表示: → 20m","403s 停滞: ミナモに ほうこくしよう / → 20m / ヒント: → 逆まわりで回りこむ","405s 進捗表示: → 17m"]}
[06:46] 進捗表示: → 16m
[06:46] 進捗表示: → 15m
[06:47] 進捗表示: → 14m
[06:50] 進捗表示: → 16m
[06:50] 進捗表示: → 18m
[06:51] 進捗表示: → 16m
[06:52] 進捗表示: → 14m
[06:53] 進捗表示: → 12m
[06:54] 進捗表示: → 11m
[06:55] 進捗表示: → 7m
[06:56] 進捗表示: → 4m
[06:58] 目標表示: いまやること / ノクトの はなしを聞こう
[06:58] 進捗表示: → 36m
[06:59] 進捗表示: → 34m
[07:00] 進捗表示: → 31m
[07:00] 進捗表示: → 29m
[07:01] 進捗表示: → 26m
[07:02] 進捗表示: → 24m
[07:02] 進捗表示: → 21m
[07:03] 進捗表示: → 19m
[07:04] 進捗表示: → 16m
[07:05] 進捗表示: → 14m
[07:05] 進捗表示: → 12m
[07:06] 進捗表示: → 10m
[07:07] 進捗表示: → 8m
[07:07] 進捗表示: → 6m
[07:09] 進捗表示: → 7m
[07:10] 進捗表示: → 6m
[07:11] 進捗表示: → 3m
[07:12] 進捗表示: → 4m
[07:13] 進捗表示: → 6m
[07:14] 進捗表示: → 10m
[07:15] 進捗表示: → 13m
[07:16] 進捗表示: → 15m
[07:17] 進捗表示: → 17m
[07:18] 進捗表示: → 20m
[07:19] 進捗表示: → 17m
[07:20] 進捗表示: → 15m
[07:21] 進捗表示: → 13m
[07:22] 進捗表示: → 10m
[07:23] 進捗表示: → 9m
[07:24] 進捗表示: → 12m
[07:25] 進捗表示: → 10m
[07:26] 進捗表示: → 9m
[07:29] 進捗表示: → 8m
[07:30] 進捗表示: → 6m
[07:31] 進捗表示: → 4m
[07:34] 目標表示: いまやること / 高台で こうせきをほろう
[07:34] 進捗表示: 0 / 3　→ 5m
[07:36] 進捗表示: 0 / 3
[07:36] 目的地に着いたのに採取のヒントが出ない → 渦巻きで探す(高台で こうせきをほろう / 0 / 3)
[07:36] 進捗表示: 0 / 3　→ 3m
[07:37] 進捗表示: 0 / 3　→ 4m
[07:39] 進捗表示: 0 / 3　→ 3m
[07:40] 進捗表示: 0 / 3　→ 4m
[07:41] 進捗表示: 0 / 3　→ 5m
[07:42] 進捗表示: 0 / 3　→ 4m
[07:43] 進捗表示: 0 / 3　→ 5m
[07:44] 進捗表示: 0 / 3　→ 6m
[07:45] 進捗表示: 0 / 3　→ 5m
[07:46] 進捗表示: 0 / 3　→ 4m
[07:47] 進捗表示: 0 / 3
[07:49] 進捗表示: 1 / 3　→ 4m
[07:49] 進捗表示: 1 / 3
[07:49] 目的地に着いたのに採取のヒントが出ない → 渦巻きで探す(高台で こうせきをほろう / 1 / 3)
[07:50] 進捗表示: 1 / 3　→ 4m
[07:51] 進捗表示: 1 / 3　→ 3m
[07:51] 進捗表示: 1 / 3
[07:53] 進捗表示: 2 / 3　→ 9m
[07:54] 進捗表示: 2 / 3　→ 11m
[07:55] 進捗表示: 2 / 3　→ 12m
[07:56] 進捗表示: 2 / 3　→ 16m
[07:57] 進捗表示: 2 / 3　→ 19m
[07:58] 進捗表示: 2 / 3　→ 20m
[07:59] 進捗表示: 2 / 3　→ 22m
[08:00] 進捗表示: 2 / 3　→ 24m
[08:00] 進捗表示: 2 / 3　→ 27m
[08:01] 進捗表示: 2 / 3　→ 24m
[08:02] 進捗表示: 2 / 3　→ 22m
[08:03] 進捗表示: 2 / 3　→ 20m
[08:04] 進捗表示: 2 / 3　→ 17m
[08:05] 進捗表示: 2 / 3　→ 14m
[08:06] 進捗表示: 2 / 3　→ 13m
[08:08] 進捗表示: 2 / 3　→ 12m
[08:08] 進捗表示: 2 / 3　→ 11m
[08:11] 進捗表示: 2 / 3　→ 14m
[08:12] 進捗表示: 2 / 3　→ 11m
[08:13] 進捗表示: 2 / 3　→ 8m
[08:14] 進捗表示: 2 / 3　→ 6m
[08:14] 進捗表示: 2 / 3　→ 5m
[08:15] 進捗表示: 2 / 3
[08:15] 目的地に着いたのに採取のヒントが出ない → 渦巻きで探す(高台で こうせきをほろう / 2 / 3)
[08:16] 進捗表示: 2 / 3　→ 4m
[08:17] 進捗表示: 2 / 3　→ 3m
[08:18] 進捗表示: 2 / 3
[08:20] 目標表示: できた! / ノクトに ほうこくしよう
[08:20] 進捗表示: → 8m
[08:21] 進捗表示: → 11m
[08:21] 進捗表示: → 8m
[08:22] 進捗表示: → 7m
[08:24] 進捗表示: → 5m
[08:24] 進捗表示: → 3m
[08:26] 目標表示: いまやること / ツムギの はなしを聞こう
[08:26] 進捗表示: → 41m
[08:27] 進捗表示: → 39m
[08:28] 進捗表示: → 38m
[08:29] 進捗表示: → 37m
[08:30] 進捗表示: → 34m
[08:30] 進捗表示: → 32m
[08:31] 進捗表示: → 29m
[08:32] 進捗表示: → 26m
[08:32] 進捗表示: → 24m
[08:33] 進捗表示: → 22m
[08:34] 進捗表示: → 19m
[08:35] 進捗表示: → 17m
[08:35] 進捗表示: → 14m
[08:36] 進捗表示: → 12m
[08:37] 進捗表示: → 9m
[08:37] 進捗表示: → 6m
[08:38] 進捗表示: → 5m
[08:39] 店のヒントが出たがEは押さない(目的: ツムギの はなしを聞こう)
[08:41] 目標表示: いまやること / もくざいを あつめよう
[08:41] 進捗表示: 0 / 1　→ 17m
[08:42] 進捗表示: 0 / 1　→ 16m
[08:44] 進捗表示: 0 / 1　→ 17m
[08:47] 進捗表示: 0 / 1　→ 14m
[08:50] 進捗表示: 0 / 1　→ 17m
[08:51] 進捗表示: 0 / 1　→ 21m
[08:52] 進捗表示: 0 / 1　→ 17m
[08:53] 進捗表示: 0 / 1　→ 14m
[08:54] 進捗表示: 0 / 1　→ 11m
[08:54] 進捗表示: 0 / 1　→ 9m
[08:55] 進捗表示: 0 / 1　→ 6m
[08:56] 進捗表示: 0 / 1　→ 4m
[08:57] 進捗表示: 0 / 1
[08:58] 目標表示: いまやること / ヒカリゴケを あつめよう
[08:58] 進捗表示: 0 / 2　→ 37m
[08:59] 進捗表示: 0 / 2　→ 35m
[08:59] 進捗表示: 0 / 2　→ 33m
[09:00] 進捗表示: 0 / 2　→ 30m
[09:01] 進捗表示: 0 / 2　→ 28m
[09:02] 進捗表示: 0 / 2　→ 25m
[09:02] 進捗表示: 0 / 2　→ 23m
[09:03] 進捗表示: 0 / 2　→ 20m
[09:04] 進捗表示: 0 / 2　→ 18m
[09:05] 進捗表示: 0 / 2　→ 15m
[09:05] 進捗表示: 0 / 2　→ 13m
[09:06] 進捗表示: 0 / 2　→ 10m
[09:07] 進捗表示: 0 / 2　→ 8m
[09:07] 進捗表示: 0 / 2　→ 6m
[09:08] 進捗表示: 0 / 2　→ 4m
[09:10] 進捗表示: 0 / 2　→ 5m
[09:11] 進捗表示: 0 / 2　→ 6m
[09:12] 進捗表示: 0 / 2
[09:12] 目的地に着いたのに採取のヒントが出ない → 渦巻きで探す(ヒカリゴケを あつめよう / 0 / 2)
[09:12] 進捗表示: 0 / 2　→ 3m
[09:13] 進捗表示: 0 / 2　→ 4m
[09:13] 進捗表示: 0 / 2　→ 3m
[09:14] 進捗表示: 0 / 2
[09:16] 進捗表示: 1 / 2　→ 9m
[09:17] 進捗表示: 1 / 2　→ 10m
[09:18] 進捗表示: 1 / 2　→ 12m
[09:19] 進捗表示: 1 / 2　→ 15m
[09:20] 進捗表示: 1 / 2　→ 18m
[09:21] 進捗表示: 1 / 2　→ 21m
[09:22] 進捗表示: 1 / 2　→ 23m
[09:23] 進捗表示: 1 / 2　→ 25m
[09:24] 進捗表示: 1 / 2　→ 23m
[09:25] 進捗表示: 1 / 2　→ 19m
[09:26] 進捗表示: 1 / 2　→ 16m
[09:29] 進捗表示: 1 / 2　→ 15m
[09:30] 進捗表示: 1 / 2　→ 14m
[09:31] 進捗表示: 1 / 2　→ 13m
[09:32] 進捗表示: 1 / 2　→ 14m
[09:33] 進捗表示: 1 / 2　→ 15m
[09:34] 進捗表示: 1 / 2　→ 16m
[09:36] 進捗表示: 1 / 2　→ 13m
[09:37] 進捗表示: 1 / 2　→ 10m
[09:38] 進捗表示: 1 / 2　→ 7m
[09:39] 進捗表示: 1 / 2　→ 5m
[09:40] 進捗表示: 1 / 2　→ 6m
[09:41] 進捗表示: 1 / 2　→ 9m
[09:42] 進捗表示: 1 / 2　→ 13m
[09:43] 進捗表示: 1 / 2　→ 16m
[09:44] 進捗表示: 1 / 2　→ 19m
[09:45] 進捗表示: 1 / 2　→ 20m
[09:46] 進捗表示: 1 / 2　→ 22m
[09:47] 進捗表示: 1 / 2　→ 20m
[09:48] 進捗表示: 1 / 2　→ 17m
[09:49] 進捗表示: 1 / 2　→ 14m
[09:50] 進捗表示: 1 / 2　→ 13m
[09:51] 進捗表示: 1 / 2　→ 16m
[09:52] 進捗表示: 1 / 2　→ 13m
[09:53] 進捗表示: 1 / 2　→ 11m
[09:53] 進捗表示: 1 / 2　→ 9m
[09:54] 進捗表示: 1 / 2　→ 7m
[09:57] 進捗表示: 1 / 2　→ 5m
[10:01] 進捗表示: 1 / 2　→ 4m
[10:02] 進捗表示: 1 / 2
[10:03] 目標表示: いまやること / ざいりょうが そろったよ! Cで ランタンを作ろう
[10:04] クラフト操作: ランタン → ok
[10:05] 目標表示: いまやること / ランタンを 島に置こう(もちもの→おく)
[10:05] もちもの操作: おく → ランタン
[10:06] (7) 家具を島に置けた(「もちもの」から家具を「おく」で配置できるよ / ランタンを おいた)
[10:06] 目標表示: できた! / ツムギに ほうこくしよう
[10:06] (8) 配置後に目標が進んだ(配置を確認)
[10:06] 進捗表示: → 33m
RESULT {"result":"ok","totalSec":607,"errors":0,"flags":{"title":true,"firstTalk":true,"accepted":true,"gathered":true,"reported":true,"second":true,"materials":true,"crafted":true,"placed":true,"placeConfirmed":true}}
UX {"uxVerdict":"FAIL","semanticMismatchCount":0,"refishDuringReportCount":0,"shopOpens":0,"stallCount":1}
  停滞 306-369s (63s) ミナモに ほうこくしよう / → 25m
