第1部 デバッグなしの実キー走行(injected:false)
  撮影 00_title.png
  OK  __lumiDebug が生えていない(デバッグなしの走行)
  OK  ツムギから最初の依頼を受注できた — 目標: もくざいを あつめよう
  撮影 01_quest_accepted.png
  のばな(flower4)へ歩く
  OK  のばな: ノードまで実キーで到着 — いま (3.9, 10.9) ノードまで 1.11m
  OK  のばな: 「もくざいを あつめよう」の最中でも Eのヒントが出る — 目標「もくざいを あつめよう」/ ヒント「Eのばなをつむ」
  撮影 10_hint_flower4.png
  OK  のばな: Eで実際に手に入った — flower 0 → 2
  OK  のばな: 目標表示は変わらない — 目標「もくざいを あつめよう」
  ルミベリー(berry5)へ歩く
  OK  ルミベリー: ノードまで実キーで到着 — いま (14.9, 17.7) ノードまで 1.15m
  OK  ルミベリー: 「もくざいを あつめよう」の最中でも Eのヒントが出る — 目標「もくざいを あつめよう」/ ヒント「Eベリーをつむ」
  撮影 10_hint_berry5.png
  OK  ルミベリー: Eで実際に手に入った — berry 0 → 1
  OK  ルミベリー: 目標表示は変わらない — 目標「もくざいを あつめよう」
  かいがら(shell1)へ歩く
  OK  かいがら: ノードまで実キーで到着 — いま (-7.1, 34.3) ノードまで 0.96m
  OK  かいがら: 「もくざいを あつめよう」の最中でも Eのヒントが出る — 目標「もくざいを あつめよう」/ ヒント「Eかいがらをひろう」
  撮影 10_hint_shell1.png
  OK  かいがら: Eで実際に手に入った — shell 0 → 1
  OK  かいがら: 目標表示は変わらない — 目標「もくざいを あつめよう」
  いし(rock6)へ歩く
  OK  いし: ノードまで実キーで到着 — いま (-10.9, 35.7) ノードまで 1.09m
  OK  いし: 道具が無くても 理由のヒントが出る(隠れない) — 目標「もくざいを あつめよう」/ ヒント「岩をくだくには ツルハシが ひつよう」
  撮影 10_hint_rock6.png
  ヒカリゴケ(moss8)へ歩く
  OK  ヒカリゴケ: ノードまで実キーで到着 — いま (-2.2, -22.9) ノードまで 1.13m
  OK  ヒカリゴケ: 「もくざいを あつめよう」の最中でも Eのヒントが出る — 目標「もくざいを あつめよう」/ ヒント「Eヒカリゴケをとる」
  撮影 10_hint_moss8.png
  OK  ヒカリゴケ: Eで実際に手に入った — moss 0 → 1
  OK  ヒカリゴケ: 目標表示は変わらない — 目標「もくざいを あつめよう」
  OK  木いがいの素材を3種以上 実際に採れた — のばな / ルミベリー / かいがら / ヒカリゴケ
  撮影 12_after_route.png
  木ときのこの両方がEの輪に入る点まで にじり寄る
  OK  木のヒントが出ている(にじり寄りの出発点) — 木まで 0.77m / ヒント「E木をきる」
  --  両方までの距離とヒント — 木 1.72m / きのこ 1.87m / 近いのは木 / ヒント「E木をきる」
  OK  木ときのこの両方がEの輪(1.9m)の内がわに入っている — 木 1.72m / きのこ 1.87m
  OK  どちらであれ 採取のヒントが出ている(空白にならない) — ヒント「E木をきる」
  OK  出るのは いちばん近いノード(InteractionSystem の最寄りノード判定どおり) — 近いのは木 / ヒント「E木をきる」
  撮影 20_both_in_reach.png
  OK  木のヒントが出る — ヒント「E木をきる」
  OK  案内どおり 木も採れる — wood 0 → 2
  撮影 21_after_tree.png
  OK  同じ林の中で きのこのヒントも出る — 目標「もくざいを あつめよう」/ ヒント「Eきのこをとる」
  撮影 22_hint_mushroom.png
  OK  きのこも Eで実際に手に入る — mushroom 0 → 1
  撮影 23_after_mushroom.png
第2部 釣り段階(状態を作って1枚だけ / injected:true)
  OK  釣り段階の目標が出ている — 目標「桟橋で サカナをつろう」
  OK  釣り段階でも のばなのEヒントが出る — 目標「桟橋で サカナをつろう」/ ヒント「Eのばなをつむ」
  撮影 30_fish_stage_flower.png
  OK  釣り段階でも のばなが 実際に手に入る — flower 0 → 2
  撮影 31_fish_stage_after.png