01_outdoor_door_day: indoor=false seq=idle pos=(-30.9,6.9) 時刻=1日14時 ヒント="E家に はいる" 目標="いまやること/ツムギの はなしを聞こう" cam=[-30.84,6.09,13.5]
02_indoor_day: indoor=true seq=idle pos=(58.8,-57.7) 時刻=1日14.1時 ヒント="" 目標="いまやること/ツムギの はなしを聞こう" cam=[58.13,5.5,-52.4]
03_indoor_night: indoor=true seq=idle pos=(58.8,-57.7) 時刻=1日21.1時 ヒント="" 目標="いまやること/ツムギの はなしを聞こう" cam=[58.13,5.5,-52.4]
04_bed_hint_night: indoor=true seq=idle pos=(57.3,-59) 時刻=1日21.1時 ヒント="Eねる(あさまで)" 目標="いまやること/ツムギの はなしを聞こう" cam=[57.89,5.5,-52.4]
05_sleeping: indoor=true seq=sleeping pos=(57.3,-59) 時刻=1日21.1時 ヒント="" 目標="いまやること/ツムギの はなしを聞こう" cam=[57.89,5.5,-52.4]
06_wake_morning: indoor=true seq=idle pos=(57.3,-59) 時刻=2日6時 ヒント="Eねる(あさまで)" 目標="いまやること/ツムギの はなしを聞こう" cam=[57.89,5.5,-52.4]
07_indoor_door_hint: indoor=true seq=idle pos=(59.6,-59.9) 時刻=2日6.1時 ヒント="Eそとへ でる" 目標="いまやること/ツムギの はなしを聞こう" cam=[58.25,5.5,-52.4]
08_outdoor_after_exit: indoor=false seq=idle pos=(-29.9,6.7) 時刻=2日6.1時 ヒント="E家に はいる" 目標="いまやること/ツムギの はなしを聞こう" cam=[-29.9,6.12,13.3]
09_guided_enter_hint: indoor=false seq=idle pos=(-29.9,6.7) 時刻=2日6.2時 ヒント="E家に はいる" 目標="いまやること/もくざいを あつめよう" cam=[-29.9,6.12,13.3]
  → 誘導中(もくざいを あつめよう)でも家に はいれる: true
10_indoor_noon_wide: indoor=true seq=idle pos=(58.6,-57) 時刻=2日11.1時 ヒント="" 目標="いまやること/もくざいを あつめよう" cam=[58.1,5.5,-52.4]
11_indoor_dusk: indoor=true seq=idle pos=(58.6,-57) 時刻=2日18.1時 ヒント="" 目標="いまやること/もくざいを あつめよう" cam=[58.1,5.5,-52.4]
押しつけ 北東(奥・画面左): pos=(59.09,-60.15) 室内=true 脱出先=null OK=true
押しつけ 北西(奥・画面右): pos=(57.34,-60.15) 室内=true 脱出先={"x":56.919999999999995,"z":-59.90216925512464} OK=true
押しつけ 南西(手前・画面右): pos=(56.91,-55.85) 室内=true 脱出先=null OK=true
押しつけ 南東(手前・画面左): pos=(59.08,-55.85) 室内=true 脱出先=null OK=true
壁の押しつけ4すみ: すべてOK(室内から抜けない)
13_reload_indoor: indoor=true seq=idle pos=(58.8,-57.7) 時刻=2日18.7時 ヒント="" 目標="いまやること/もくざいを あつめよう" cam=[58.13,5.5,-52.4]
  → 室内で保存したセーブは室内から再開: true
14_reload_legacy_outdoor: indoor=false seq=idle pos=(-30,6.7) 時刻=2日18.7時 ヒント="E家に はいる" 目標="いまやること/もくざいを あつめよう" cam=[-30,6.12,13.3]
  → indoorの無い旧セーブは屋外あつかい: true
15_ipad_outdoor_door: indoor=false seq=idle pos=(-30.9,6.9) 時刻=1日20.1時 ヒント="家に はいる" 目標="いまやること/ツムギの はなしを聞こう" cam=[-30.9,6.09,13.5]
16_ipad_indoor: indoor=true seq=idle pos=(58.8,-57.7) 時刻=1日20.1時 ヒント="" 目標="いまやること/ツムギの はなしを聞こう" cam=[58.13,5.5,-52.4]
iPad: ベッドへ歩けた=true
17_ipad_bed: indoor=true seq=idle pos=(57.07,-59.2) 時刻=1日20.2時 ヒント="ねる(あさまで)" 目標="いまやること/ツムギの はなしを聞こう" cam=[57.92,5.5,-52.4]
18_ipad_wake: indoor=true seq=idle pos=(56.98,-59.28) 時刻=2日6時 ヒント="ねる(あさまで)" 目標="いまやること/ツムギの はなしを聞こう" cam=[57.84,5.5,-52.4]
iPad: ドアへ歩けた=true
19_ipad_indoor_door: indoor=true seq=idle pos=(59.2,-59.79) 時刻=2日6.1時 ヒント="そとへ でる" 目標="いまやること/ツムギの はなしを聞こう" cam=[58.11,5.5,-52.4]
20_ipad_outdoor_again: indoor=false seq=idle pos=(-29.9,6.7) 時刻=2日6.1時 ヒント="家に はいる" 目標="いまやること/ツムギの はなしを聞こう" cam=[-29.9,6.12,13.3]
iPad 行動ボタンのラベル遷移: 自宅ドア前: "家に はいる" → 入室直後(部屋のまん中): "しらべる" → ベッドのわき: "ねる(あさまで)" → 室内のドア前: "そとへ でる" → 退出直後(自宅前): "家に はいる"

console errors: 0

